Blender 4.3.2
Read blend: "/workspace/his-office-pinterest/variants/c-ink-studio/model/his-office-design.blend"
Fra:1 Mem:152.58M (Peak 152.58M) | Time:00:00.04 | Mem:0.00M, Peak:0.00M | Scene, ViewLayer | Synchronizing object | architecture_ceiling — his-office
Fra:1 Mem:152.59M (Peak 152.59M) | Time:00:00.04 | Mem:0.00M, Peak:0.00M | Scene, ViewLayer | Synchronizing object | architecture_floor — his-office
Fra:1 Mem:152.59M (Peak 152.59M) | Time:00:00.04 | Mem:0.00M, Peak:0.00M | Scene, ViewLayer | Synchronizing object | his-office wall0 segment
Fra:1 Mem:152.59M (Peak 152.59M) | Time:00:00.04 | Mem:0.00M, Peak:0.00M | Scene, ViewLayer | Synchronizing object | his-office wall2 segment
Fra:1 Mem:152.59M (Peak 152.59M) | Time:00:00.04 | Mem:0.00M, Peak:0.00M | Scene, ViewLayer | Synchronizing object | his-office wall4 segment
Fra:1 Mem:152.60M (Peak 152.60M) | Time:00:00.04 | Mem:0.00M, Peak:0.00M | Scene, ViewLayer | Synchronizing object | his-office wall5 corrected solid 0
Fra:1 Mem:152.60M (Peak 152.60M) | Time:00:00.04 | Mem:0.00M, Peak:0.00M | Scene, ViewLayer | Synchronizing object | his-office wall5 corrected head 1
Fra:1 Mem:152.60M (Peak 152.60M) | Time:00:00.04 | Mem:0.00M, Peak:0.00M | Scene, ViewLayer | Synchronizing object | his-office wall5 corrected solid 2
Fra:1 Mem:152.60M (Peak 152.60M) | Time:00:00.04 | Mem:0.00M, Peak:0.00M | Scene, ViewLayer | Synchronizing object | his-office wall5 corrected bottom 3
Fra:1 Mem:152.60M (Peak 152.60M) | Time:00:00.04 | Mem:0.00M, Peak:0.00M | Scene, ViewLayer | Synchronizing object | his-office wall5 corrected head 3
Fra:1 Mem:152.60M (Peak 152.60M) | Time:00:00.04 | Mem:0.00M, Peak:0.00M | Scene, ViewLayer | Synchronizing object | his-office wall5 corrected solid 4
Fra:1 Mem:152.60M (Peak 152.60M) | Time:00:00.04 | Mem:0.00M, Peak:0.00M | Scene, ViewLayer | Synchronizing object | his-office wall3 — lower-Y side
Fra:1 Mem:152.61M (Peak 152.61M) | Time:00:00.04 | Mem:0.00M, Peak:0.00M | Scene, ViewLayer | Synchronizing object | his-office wall3 — upper-Y side
Fra:1 Mem:152.61M (Peak 152.61M) | Time:00:00.04 | Mem:0.00M, Peak:0.00M | Scene, ViewLayer | Synchronizing object | his-office wall3 — head continuation
Fra:1 Mem:152.61M (Peak 152.61M) | Time:00:00.04 | Mem:0.00M, Peak:0.00M | Scene, ViewLayer | Synchronizing object | his-office wall3 — below floor continuation
Fra:1 Mem:152.61M (Peak 152.61M) | Time:00:00.04 | Mem:0.00M, Peak:0.00M | Scene, ViewLayer | Synchronizing object | his-office wall1 — lower-Y side
Fra:1 Mem:152.61M (Peak 152.61M) | Time:00:00.04 | Mem:0.00M, Peak:0.00M | Scene, ViewLayer | Synchronizing object | his-office wall1 — upper-Y side
Fra:1 Mem:152.61M (Peak 152.61M) | Time:00:00.04 | Mem:0.00M, Peak:0.00M | Scene, ViewLayer | Synchronizing object | his-office wall1 — head continuation
Fra:1 Mem:152.61M (Peak 152.61M) | Time:00:00.04 | Mem:0.00M, Peak:0.00M | Scene, ViewLayer | Synchronizing object | his-office wall1 — below floor continuation
Fra:1 Mem:152.61M (Peak 152.61M) | Time:00:00.04 | Mem:0.00M, Peak:0.00M | Scene, ViewLayer | Synchronizing object | Observed brick chimney projection
Fra:1 Mem:152.61M (Peak 152.61M) | Time:00:00.04 | Mem:0.00M, Peak:0.00M | Scene, ViewLayer | Synchronizing object | Local floor continuation to observed brick face
Fra:1 Mem:152.63M (Peak 152.63M) | Time:00:00.04 | Mem:0.00M, Peak:0.00M | Scene, ViewLayer | Synchronizing object | Observed single-window glazing
Fra:1 Mem:152.64M (Peak 152.64M) | Time:00:00.04 | Mem:0.00M, Peak:0.00M | Scene, ViewLayer | Synchronizing object | Observed single-window vertical trim
Fra:1 Mem:152.64M (Peak 152.64M) | Time:00:00.04 | Mem:0.00M, Peak:0.00M | Scene, ViewLayer | Synchronizing object | Observed single-window vertical trim.001
Fra:1 Mem:152.67M (Peak 152.67M) | Time:00:00.04 | Mem:0.00M, Peak:0.00M | Scene, ViewLayer | Synchronizing object | Observed single-window horizontal trim
Fra:1 Mem:152.68M (Peak 152.68M) | Time:00:00.04 | Mem:0.00M, Peak:0.00M | Scene, ViewLayer | Synchronizing object | Observed single-window horizontal trim.001
Fra:1 Mem:152.70M (Peak 152.70M) | Time:00:00.04 | Mem:0.00M, Peak:0.00M | Scene, ViewLayer | Synchronizing object | Observed single-window horizontal trim.002
Fra:1 Mem:152.72M (Peak 152.72M) | Time:00:00.04 | Mem:0.00M, Peak:0.00M | Scene, ViewLayer | Synchronizing object | Observed single-window projecting sill
Fra:1 Mem:152.73M (Peak 152.73M) | Time:00:00.04 | Mem:0.00M, Peak:0.00M | Scene, ViewLayer | Synchronizing object | Existing closet frame jamb
Fra:1 Mem:152.75M (Peak 152.75M) | Time:00:00.04 | Mem:0.00M, Peak:0.00M | Scene, ViewLayer | Synchronizing object | Existing closet frame jamb.001
Fra:1 Mem:152.76M (Peak 152.76M) | Time:00:00.04 | Mem:0.00M, Peak:0.00M | Scene, ViewLayer | Synchronizing object | Existing closet frame header
Fra:1 Mem:152.77M (Peak 152.77M) | Time:00:00.04 | Mem:0.00M, Peak:0.00M | Scene, ViewLayer | Synchronizing object | Existing closet transom
Fra:1 Mem:152.79M (Peak 152.79M) | Time:00:00.04 | Mem:0.00M, Peak:0.00M | Scene, ViewLayer | Synchronizing object | Existing overhead cupboard frame jamb
Fra:1 Mem:152.81M (Peak 152.81M) | Time:00:00.04 | Mem:0.00M, Peak:0.00M | Scene, ViewLayer | Synchronizing object | Existing overhead cupboard frame jamb.001
Fra:1 Mem:152.83M (Peak 152.83M) | Time:00:00.04 | Mem:0.00M, Peak:0.00M | Scene, ViewLayer | Synchronizing object | Existing overhead cupboard frame header
Fra:1 Mem:152.85M (Peak 152.85M) | Time:00:00.04 | Mem:0.00M, Peak:0.00M | Scene, ViewLayer | Synchronizing object | Existing overhead cupboard panel
Fra:1 Mem:152.85M (Peak 152.85M) | Time:00:00.04 | Mem:0.00M, Peak:0.00M | Scene, ViewLayer | Synchronizing object | Existing cupboard metal latch
Fra:1 Mem:152.88M (Peak 152.88M) | Time:00:00.04 | Mem:0.00M, Peak:0.00M | Scene, ViewLayer | Synchronizing object | Existing living-entry frame jamb
Fra:1 Mem:152.89M (Peak 152.89M) | Time:00:00.04 | Mem:0.00M, Peak:0.00M | Scene, ViewLayer | Synchronizing object | Existing living-entry frame jamb.001
Fra:1 Mem:152.90M (Peak 152.90M) | Time:00:00.04 | Mem:0.00M, Peak:0.00M | Scene, ViewLayer | Synchronizing object | Existing living-entry frame header
Fra:1 Mem:152.92M (Peak 152.92M) | Time:00:00.04 | Mem:0.00M, Peak:0.00M | Scene, ViewLayer | Synchronizing object | Existing exterior-door frame jamb
Fra:1 Mem:152.93M (Peak 152.93M) | Time:00:00.04 | Mem:0.00M, Peak:0.00M | Scene, ViewLayer | Synchronizing object | Existing exterior-door frame jamb.001
Fra:1 Mem:152.95M (Peak 152.95M) | Time:00:00.04 | Mem:0.00M, Peak:0.00M | Scene, ViewLayer | Synchronizing object | Existing exterior-door frame header
Fra:1 Mem:152.96M (Peak 152.96M) | Time:00:00.04 | Mem:0.00M, Peak:0.00M | Scene, ViewLayer | Synchronizing object | Existing cast-iron radiator section
Fra:1 Mem:152.98M (Peak 152.98M) | Time:00:00.04 | Mem:0.00M, Peak:0.00M | Scene, ViewLayer | Synchronizing object | Existing cast-iron radiator section.001
Fra:1 Mem:152.99M (Peak 152.99M) | Time:00:00.04 | Mem:0.00M, Peak:0.00M | Scene, ViewLayer | Synchronizing object | Existing cast-iron radiator section.002
Fra:1 Mem:153.01M (Peak 153.01M) | Time:00:00.04 | Mem:0.00M, Peak:0.00M | Scene, ViewLayer | Synchronizing object | Existing cast-iron radiator section.003
Fra:1 Mem:153.01M (Peak 153.01M) | Time:00:00.04 | Mem:0.00M, Peak:0.00M | Scene, ViewLayer | Synchronizing object | Existing cast-iron radiator section.004
Fra:1 Mem:153.04M (Peak 153.04M) | Time:00:00.04 | Mem:0.00M, Peak:0.00M | Scene, ViewLayer | Synchronizing object | Existing cast-iron radiator section.005
Fra:1 Mem:153.04M (Peak 153.04M) | Time:00:00.04 | Mem:0.00M, Peak:0.00M | Scene, ViewLayer | Synchronizing object | Existing cast-iron radiator section.006
Fra:1 Mem:153.07M (Peak 153.07M) | Time:00:00.04 | Mem:0.00M, Peak:0.00M | Scene, ViewLayer | Synchronizing object | Existing cast-iron radiator section.008
Fra:1 Mem:153.09M (Peak 153.09M) | Time:00:00.04 | Mem:0.00M, Peak:0.00M | Scene, ViewLayer | Synchronizing object | Existing radiator foot
Fra:1 Mem:153.09M (Peak 153.09M) | Time:00:00.04 | Mem:0.00M, Peak:0.00M | Scene, ViewLayer | Synchronizing object | Existing radiator foot.001
Fra:1 Mem:153.11M (Peak 153.11M) | Time:00:00.04 | Mem:0.00M, Peak:0.00M | Scene, ViewLayer | Synchronizing object | Existing radiator horizontal connection
Fra:1 Mem:153.11M (Peak 153.11M) | Time:00:00.04 | Mem:0.00M, Peak:0.00M | Scene, ViewLayer | Synchronizing object | Existing radiator horizontal connection.001
Fra:1 Mem:153.14M (Peak 153.14M) | Time:00:00.04 | Mem:0.00M, Peak:0.00M | Scene, ViewLayer | Synchronizing object | Existing built-in shelf white back
Fra:1 Mem:153.15M (Peak 153.15M) | Time:00:00.04 | Mem:0.00M, Peak:0.00M | Scene, ViewLayer | Synchronizing object | Existing built-in shelf board
Fra:1 Mem:153.17M (Peak 153.17M) | Time:00:00.04 | Mem:0.00M, Peak:0.00M | Scene, ViewLayer | Synchronizing object | Existing built-in shelf board.001
Fra:1 Mem:153.19M (Peak 153.19M) | Time:00:00.04 | Mem:0.00M, Peak:0.00M | Scene, ViewLayer | Synchronizing object | Existing built-in shelf board.002
Fra:1 Mem:153.19M (Peak 153.19M) | Time:00:00.04 | Mem:0.00M, Peak:0.00M | Scene, ViewLayer | Synchronizing object | Existing built-in shelf board.003
Fra:1 Mem:153.22M (Peak 153.22M) | Time:00:00.04 | Mem:0.00M, Peak:0.00M | Scene, ViewLayer | Synchronizing object | Existing built-in shelf board.004
Fra:1 Mem:153.22M (Peak 153.22M) | Time:00:00.04 | Mem:0.00M, Peak:0.00M | Scene, ViewLayer | Synchronizing object | Existing built-in shelf board.005
Fra:1 Mem:153.24M (Peak 153.24M) | Time:00:00.04 | Mem:0.00M, Peak:0.00M | Scene, ViewLayer | Synchronizing object | Existing rear vertical white pipe
Fra:1 Mem:153.26M (Peak 153.26M) | Time:00:00.04 | Mem:0.00M, Peak:0.00M | Scene, ViewLayer | Synchronizing object | Observed recessed white arched fireplace infill
Fra:1 Mem:153.27M (Peak 153.27M) | Time:00:00.04 | Mem:0.00M, Peak:0.00M | Scene, ViewLayer | Synchronizing object | Existing entry thermostat
Fra:1 Mem:153.28M (Peak 153.28M) | Time:00:00.04 | Mem:0.00M, Peak:0.00M | Scene, ViewLayer | Synchronizing object | Existing entry small wall control
Fra:1 Mem:153.30M (Peak 153.30M) | Time:00:00.04 | Mem:0.00M, Peak:0.00M | Scene, ViewLayer | Synchronizing object | Sky outside window
Fra:1 Mem:153.30M (Peak 153.30M) | Time:00:00.04 | Mem:0.00M, Peak:0.00M | Scene, ViewLayer | Synchronizing object | secondary-workspace::official alex-drawers part0
Fra:1 Mem:153.30M (Peak 153.30M) | Time:00:00.04 | Mem:0.00M, Peak:0.00M | Scene, ViewLayer | Synchronizing object | secondary-workspace::black-brown tabletop
Fra:1 Mem:153.34M (Peak 153.34M) | Time:00:00.04 | Mem:0.00M, Peak:0.00M | Scene, ViewLayer | Synchronizing object | secondary-workspace::right black ADILS leg
Fra:1 Mem:154.36M (Peak 154.36M) | Time:00:00.04 | Mem:0.00M, Peak:0.00M | Scene, ViewLayer | Synchronizing object | secondary-workspace::black adjustment foot
Fra:1 Mem:154.37M (Peak 154.37M) | Time:00:00.04 | Mem:0.00M, Peak:0.00M | Scene, ViewLayer | Synchronizing object | secondary-workspace::right black ADILS leg.001
Fra:1 Mem:154.38M (Peak 154.38M) | Time:00:00.05 | Mem:0.00M, Peak:0.00M | Scene, ViewLayer | Synchronizing object | secondary-workspace::black adjustment foot.001
Fra:1 Mem:154.40M (Peak 154.40M) | Time:00:00.05 | Mem:0.00M, Peak:0.00M | Scene, ViewLayer | Synchronizing object | clothes-dresser::official storklinta-low-drawers part0
Fra:1 Mem:155.55M (Peak 155.55M) | Time:00:00.05 | Mem:0.00M, Peak:0.00M | Scene, ViewLayer | Synchronizing object | clothes-dresser::official storklinta-low-drawers part1
Fra:1 Mem:155.71M (Peak 155.71M) | Time:00:00.05 | Mem:0.00M, Peak:0.00M | Scene, ViewLayer | Synchronizing object | clothes-dresser::official storklinta-low-drawers part2
Fra:1 Mem:156.04M (Peak 156.04M) | Time:00:00.05 | Mem:0.00M, Peak:0.00M | Scene, ViewLayer | Synchronizing object | clothes-dresser::official storklinta-low-drawers part3
Fra:1 Mem:157.62M (Peak 157.65M) | Time:00:00.05 | Mem:0.00M, Peak:0.00M | Scene, ViewLayer | Synchronizing object | rug::Standard Pad support
Fra:1 Mem:157.62M (Peak 157.65M) | Time:00:00.05 | Mem:0.00M, Peak:0.00M | Scene, ViewLayer | Synchronizing object | rug::actual Rift Charcoal6x9 flatwoven textile
Fra:1 Mem:157.62M (Peak 157.65M) | Time:00:00.05 | Mem:0.00M, Peak:0.00M | Scene, ViewLayer | Synchronizing object | primary-felt-mat::MediumPlus darkgray wool felt
Fra:1 Mem:157.64M (Peak 157.65M) | Time:00:00.05 | Mem:0.00M, Peak:0.00M | Scene, ViewLayer | Synchronizing object | dresser::illustrative tray rim.003
Fra:1 Mem:157.65M (Peak 157.65M) | Time:00:00.05 | Mem:0.00M, Peak:0.00M | Scene, ViewLayer | Synchronizing object | dresser::illustrative tray rim.002
Fra:1 Mem:157.67M (Peak 157.67M) | Time:00:00.05 | Mem:0.00M, Peak:0.00M | Scene, ViewLayer | Synchronizing object | dresser::illustrative tray rim.001
Fra:1 Mem:157.68M (Peak 157.68M) | Time:00:00.05 | Mem:0.00M, Peak:0.00M | Scene, ViewLayer | Synchronizing object | standing-main-desk::generic equipment assumption::monitor stand
Fra:1 Mem:157.68M (Peak 157.68M) | Time:00:00.05 | Mem:0.00M, Peak:0.00M | Scene, ViewLayer | Synchronizing object | dresser::illustrative tray rim
Fra:1 Mem:157.71M (Peak 157.71M) | Time:00:00.05 | Mem:0.00M, Peak:0.00M | Scene, ViewLayer | Synchronizing object | dresser::illustrative tray base
Fra:1 Mem:157.72M (Peak 157.72M) | Time:00:00.05 | Mem:0.00M, Peak:0.00M | Scene, ViewLayer | Synchronizing object | standing-main-desk::generic equipment assumption::monitor stem
Fra:1 Mem:157.73M (Peak 157.73M) | Time:00:00.05 | Mem:0.00M, Peak:0.00M | Scene, ViewLayer | Synchronizing object | standing-main-desk::generic equipment assumption::monitor frame
Fra:1 Mem:157.74M (Peak 157.74M) | Time:00:00.05 | Mem:0.00M, Peak:0.00M | Scene, ViewLayer | Synchronizing object | dresser-parlor-palm::representative leaflet.097
Fra:1 Mem:157.75M (Peak 157.75M) | Time:00:00.05 | Mem:0.00M, Peak:0.00M | Scene, ViewLayer | Synchronizing object | dresser-parlor-palm::representative leaflet.096
Fra:1 Mem:157.75M (Peak 157.75M) | Time:00:00.05 | Mem:0.00M, Peak:0.00M | Scene, ViewLayer | Synchronizing object | dresser-parlor-palm::representative leaflet.095
Fra:1 Mem:157.75M (Peak 157.75M) | Time:00:00.05 | Mem:0.00M, Peak:0.00M | Scene, ViewLayer | Synchronizing object | standing-main-desk::generic equipment assumption::dark display
Fra:1 Mem:157.75M (Peak 157.75M) | Time:00:00.05 | Mem:0.00M, Peak:0.00M | Scene, ViewLayer | Synchronizing object | standing-main-desk::generic equipment assumption::keyboard
Fra:1 Mem:157.77M (Peak 157.77M) | Time:00:00.05 | Mem:0.00M, Peak:0.00M | Scene, ViewLayer | Synchronizing object | Existing full-height closet leaf
Fra:1 Mem:157.77M (Peak 157.77M) | Time:00:00.05 | Mem:0.00M, Peak:0.00M | Scene, ViewLayer | Synchronizing object | Existing closet metal knob
Fra:1 Mem:157.78M (Peak 157.78M) | Time:00:00.05 | Mem:0.00M, Peak:0.00M | Scene, ViewLayer | Synchronizing object | dresser-parlor-palm::representative leaflet.093
Fra:1 Mem:157.78M (Peak 157.78M) | Time:00:00.05 | Mem:0.00M, Peak:0.00M | Scene, ViewLayer | Synchronizing object | dresser-parlor-palm::representative leaflet.092
Fra:1 Mem:157.79M (Peak 157.79M) | Time:00:00.05 | Mem:0.00M, Peak:0.00M | Scene, ViewLayer | Synchronizing object | Existing living-entry flat white leaf
Fra:1 Mem:157.79M (Peak 157.79M) | Time:00:00.05 | Mem:0.00M, Peak:0.00M | Scene, ViewLayer | Synchronizing object | dresser-parlor-palm::representative leaflet.091
Fra:1 Mem:157.80M (Peak 157.80M) | Time:00:00.05 | Mem:0.00M, Peak:0.00M | Scene, ViewLayer | Synchronizing object | dresser-parlor-palm::representative leaflet.090
Fra:1 Mem:157.81M (Peak 157.81M) | Time:00:00.05 | Mem:0.00M, Peak:0.00M | Scene, ViewLayer | Synchronizing object | dresser-parlor-palm::representative leaflet.089
Fra:1 Mem:157.81M (Peak 157.81M) | Time:00:00.05 | Mem:0.00M, Peak:0.00M | Scene, ViewLayer | Synchronizing object | dresser-parlor-palm::representative leaflet.088
Fra:1 Mem:157.81M (Peak 157.81M) | Time:00:00.05 | Mem:0.00M, Peak:0.00M | Scene, ViewLayer | Synchronizing object | Existing living-entry silver lever
Fra:1 Mem:157.81M (Peak 157.81M) | Time:00:00.05 | Mem:0.00M, Peak:0.00M | Scene, ViewLayer | Synchronizing object | Existing exterior-door six-panel leaf
Fra:1 Mem:157.83M (Peak 157.83M) | Time:00:00.05 | Mem:0.00M, Peak:0.00M | Scene, ViewLayer | Synchronizing object | dresser-parlor-palm::representative leaflet.086
Fra:1 Mem:157.83M (Peak 157.83M) | Time:00:00.05 | Mem:0.00M, Peak:0.00M | Scene, ViewLayer | Synchronizing object | dresser-parlor-palm::representative leaflet.085
Fra:1 Mem:157.84M (Peak 157.84M) | Time:00:00.05 | Mem:0.00M, Peak:0.00M | Scene, ViewLayer | Synchronizing object | dresser-parlor-palm::representative leaflet.084
Fra:1 Mem:157.84M (Peak 157.84M) | Time:00:00.05 | Mem:0.00M, Peak:0.00M | Scene, ViewLayer | Synchronizing object | Existing exterior-door raised panel
Fra:1 Mem:157.84M (Peak 157.84M) | Time:00:00.05 | Mem:0.00M, Peak:0.00M | Scene, ViewLayer | Synchronizing object | dresser-parlor-palm::thin palm rachis6
Fra:1 Mem:157.85M (Peak 157.85M) | Time:00:00.05 | Mem:0.00M, Peak:0.00M | Scene, ViewLayer | Synchronizing object | Existing exterior-door raised panel.001
Fra:1 Mem:157.86M (Peak 157.86M) | Time:00:00.05 | Mem:0.00M, Peak:0.00M | Scene, ViewLayer | Synchronizing object | dresser-parlor-palm::representative leaflet.082
Fra:1 Mem:157.86M (Peak 157.86M) | Time:00:00.05 | Mem:0.00M, Peak:0.00M | Scene, ViewLayer | Synchronizing object | dresser-parlor-palm::representative leaflet.081
Fra:1 Mem:157.87M (Peak 157.87M) | Time:00:00.05 | Mem:0.00M, Peak:0.00M | Scene, ViewLayer | Synchronizing object | dresser-parlor-palm::representative leaflet.080
Fra:1 Mem:157.87M (Peak 157.87M) | Time:00:00.05 | Mem:0.00M, Peak:0.00M | Scene, ViewLayer | Synchronizing object | Existing exterior-door raised panel.002
Fra:1 Mem:157.87M (Peak 157.87M) | Time:00:00.05 | Mem:0.00M, Peak:0.00M | Scene, ViewLayer | Synchronizing object | dresser-parlor-palm::representative leaflet.079
Fra:1 Mem:157.88M (Peak 157.88M) | Time:00:00.05 | Mem:0.00M, Peak:0.00M | Scene, ViewLayer | Synchronizing object | dresser-parlor-palm::representative leaflet.078
Fra:1 Mem:157.89M (Peak 157.89M) | Time:00:00.05 | Mem:0.00M, Peak:0.00M | Scene, ViewLayer | Synchronizing object | Existing exterior-door raised panel.003
Fra:1 Mem:157.89M (Peak 157.89M) | Time:00:00.05 | Mem:0.00M, Peak:0.00M | Scene, ViewLayer | Synchronizing object | dresser-parlor-palm::representative leaflet.077
Fra:1 Mem:157.90M (Peak 157.90M) | Time:00:00.05 | Mem:0.00M, Peak:0.00M | Scene, ViewLayer | Synchronizing object | Existing exterior-door raised panel.004
Fra:1 Mem:157.90M (Peak 157.90M) | Time:00:00.05 | Mem:0.00M, Peak:0.00M | Scene, ViewLayer | Synchronizing object | dresser-parlor-palm::representative leaflet.076
Fra:1 Mem:157.91M (Peak 157.91M) | Time:00:00.05 | Mem:0.00M, Peak:0.00M | Scene, ViewLayer | Synchronizing object | dresser-parlor-palm::representative leaflet.075
Fra:1 Mem:157.92M (Peak 157.92M) | Time:00:00.05 | Mem:0.00M, Peak:0.00M | Scene, ViewLayer | Synchronizing object | dresser-parlor-palm::representative leaflet.074
Fra:1 Mem:157.92M (Peak 157.92M) | Time:00:00.05 | Mem:0.00M, Peak:0.00M | Scene, ViewLayer | Synchronizing object | dresser-parlor-palm::representative leaflet.073
Fra:1 Mem:157.93M (Peak 157.93M) | Time:00:00.05 | Mem:0.00M, Peak:0.00M | Scene, ViewLayer | Synchronizing object | dresser-parlor-palm::representative leaflet.072
Fra:1 Mem:157.93M (Peak 157.93M) | Time:00:00.05 | Mem:0.00M, Peak:0.00M | Scene, ViewLayer | Synchronizing object | dresser-parlor-palm::representative leaflet.071
Fra:1 Mem:157.93M (Peak 157.93M) | Time:00:00.05 | Mem:0.00M, Peak:0.00M | Scene, ViewLayer | Synchronizing object | Existing exterior-door brass deadbolt
Fra:1 Mem:157.94M (Peak 157.94M) | Time:00:00.05 | Mem:0.00M, Peak:0.00M | Scene, ViewLayer | Synchronizing object | dresser-parlor-palm::representative leaflet.070
Fra:1 Mem:157.95M (Peak 157.95M) | Time:00:00.05 | Mem:0.00M, Peak:0.00M | Scene, ViewLayer | Synchronizing object | dresser-parlor-palm::thin palm rachis5
Fra:1 Mem:157.96M (Peak 157.96M) | Time:00:00.05 | Mem:0.00M, Peak:0.00M | Scene, ViewLayer | Synchronizing object | dresser-parlor-palm::representative leaflet.069
Fra:1 Mem:157.96M (Peak 157.96M) | Time:00:00.05 | Mem:0.00M, Peak:0.00M | Scene, ViewLayer | Synchronizing object | grejig-1::folded steel leg
Fra:1 Mem:157.96M (Peak 157.96M) | Time:00:00.05 | Mem:0.00M, Peak:0.00M | Scene, ViewLayer | Synchronizing object | grejig-1::folded steel leg.001
Fra:1 Mem:157.97M (Peak 157.97M) | Time:00:00.05 | Mem:0.00M, Peak:0.00M | Scene, ViewLayer | Synchronizing object | dresser-parlor-palm::representative leaflet.067
Fra:1 Mem:157.97M (Peak 157.97M) | Time:00:00.05 | Mem:0.00M, Peak:0.00M | Scene, ViewLayer | Synchronizing object | grejig-1::folded steel leg.002
Fra:1 Mem:157.97M (Peak 157.97M) | Time:00:00.05 | Mem:0.00M, Peak:0.00M | Scene, ViewLayer | Synchronizing object | dresser-parlor-palm::representative leaflet.066
Fra:1 Mem:157.97M (Peak 157.97M) | Time:00:00.05 | Mem:0.00M, Peak:0.00M | Scene, ViewLayer | Synchronizing object | grejig-1::folded steel leg.003
Fra:1 Mem:157.98M (Peak 157.98M) | Time:00:00.05 | Mem:0.00M, Peak:0.00M | Scene, ViewLayer | Synchronizing object | grejig-1::top long rim
Fra:1 Mem:157.98M (Peak 157.98M) | Time:00:00.05 | Mem:0.00M, Peak:0.00M | Scene, ViewLayer | Synchronizing object | dresser-parlor-palm::representative leaflet.065
Fra:1 Mem:157.98M (Peak 157.98M) | Time:00:00.05 | Mem:0.00M, Peak:0.00M | Scene, ViewLayer | Synchronizing object | grejig-1::top end rim
Fra:1 Mem:157.99M (Peak 157.99M) | Time:00:00.05 | Mem:0.00M, Peak:0.00M | Scene, ViewLayer | Synchronizing object | dresser-parlor-palm::representative leaflet.063
Fra:1 Mem:157.99M (Peak 157.99M) | Time:00:00.05 | Mem:0.00M, Peak:0.00M | Scene, ViewLayer | Synchronizing object | dresser-parlor-palm::representative leaflet.062
Fra:1 Mem:157.99M (Peak 157.99M) | Time:00:00.05 | Mem:0.00M, Peak:0.00M | Scene, ViewLayer | Synchronizing object | grejig-1::wire lattice across
Fra:1 Mem:157.99M (Peak 157.99M) | Time:00:00.05 | Mem:0.00M, Peak:0.00M | Scene, ViewLayer | Synchronizing object | dresser-parlor-palm::representative leaflet.061
Fra:1 Mem:157.99M (Peak 157.99M) | Time:00:00.05 | Mem:0.00M, Peak:0.00M | Scene, ViewLayer | Synchronizing object | grejig-1::wire lattice across.001
Fra:1 Mem:157.99M (Peak 157.99M) | Time:00:00.05 | Mem:0.00M, Peak:0.00M | Scene, ViewLayer | Synchronizing object | dresser-parlor-palm::representative leaflet.060
Fra:1 Mem:158.00M (Peak 158.00M) | Time:00:00.05 | Mem:0.00M, Peak:0.00M | Scene, ViewLayer | Synchronizing object | grejig-1::wire lattice across.003
Fra:1 Mem:158.00M (Peak 158.00M) | Time:00:00.05 | Mem:0.00M, Peak:0.00M | Scene, ViewLayer | Synchronizing object | dresser-parlor-palm::representative leaflet.059
Fra:1 Mem:158.00M (Peak 158.00M) | Time:00:00.05 | Mem:0.00M, Peak:0.00M | Scene, ViewLayer | Synchronizing object | grejig-1::wire lattice across.004
Fra:1 Mem:158.00M (Peak 158.00M) | Time:00:00.05 | Mem:0.00M, Peak:0.00M | Scene, ViewLayer | Synchronizing object | dresser-parlor-palm::representative leaflet.057
Fra:1 Mem:158.00M (Peak 158.00M) | Time:00:00.05 | Mem:0.00M, Peak:0.00M | Scene, ViewLayer | Synchronizing object | grejig-1::wire lattice across.005
Fra:1 Mem:158.00M (Peak 158.00M) | Time:00:00.05 | Mem:0.00M, Peak:0.00M | Scene, ViewLayer | Synchronizing object | dresser-parlor-palm::representative leaflet.056
Fra:1 Mem:158.03M (Peak 158.03M) | Time:00:00.05 | Mem:0.00M, Peak:0.00M | Scene, ViewLayer | Synchronizing object | dresser-parlor-palm::thin palm rachis4
Fra:1 Mem:158.04M (Peak 158.04M) | Time:00:00.05 | Mem:0.00M, Peak:0.00M | Scene, ViewLayer | Synchronizing object | dresser-parlor-palm::representative leaflet.055
Fra:1 Mem:158.04M (Peak 158.04M) | Time:00:00.05 | Mem:0.00M, Peak:0.00M | Scene, ViewLayer | Synchronizing object | grejig-1::wire lattice across.007
Fra:1 Mem:158.04M (Peak 158.04M) | Time:00:00.05 | Mem:0.00M, Peak:0.00M | Scene, ViewLayer | Synchronizing object | dresser-parlor-palm::representative leaflet.054
Fra:1 Mem:158.04M (Peak 158.04M) | Time:00:00.05 | Mem:0.00M, Peak:0.00M | Scene, ViewLayer | Synchronizing object | dresser-parlor-palm::representative leaflet.053
Fra:1 Mem:158.04M (Peak 158.04M) | Time:00:00.05 | Mem:0.00M, Peak:0.00M | Scene, ViewLayer | Synchronizing object | dresser-parlor-palm::representative leaflet.052
Fra:1 Mem:158.04M (Peak 158.04M) | Time:00:00.05 | Mem:0.00M, Peak:0.00M | Scene, ViewLayer | Synchronizing object | grejig-1::wire lattice across.008
Fra:1 Mem:158.04M (Peak 158.04M) | Time:00:00.05 | Mem:0.00M, Peak:0.00M | Scene, ViewLayer | Synchronizing object | dresser-parlor-palm::representative leaflet.051
Fra:1 Mem:158.04M (Peak 158.04M) | Time:00:00.05 | Mem:0.00M, Peak:0.00M | Scene, ViewLayer | Synchronizing object | dresser-parlor-palm::representative leaflet.050
Fra:1 Mem:158.05M (Peak 158.05M) | Time:00:00.05 | Mem:0.00M, Peak:0.00M | Scene, ViewLayer | Synchronizing object | grejig-1::wire lattice across.010
Fra:1 Mem:158.05M (Peak 158.05M) | Time:00:00.05 | Mem:0.00M, Peak:0.00M | Scene, ViewLayer | Synchronizing object | dresser-parlor-palm::representative leaflet.048
Fra:1 Mem:158.05M (Peak 158.05M) | Time:00:00.05 | Mem:0.00M, Peak:0.00M | Scene, ViewLayer | Synchronizing object | grejig-1::wire lattice lengthwise
Fra:1 Mem:158.05M (Peak 158.05M) | Time:00:00.05 | Mem:0.00M, Peak:0.00M | Scene, ViewLayer | Synchronizing object | dresser-parlor-palm::representative leaflet.047
Fra:1 Mem:158.05M (Peak 158.05M) | Time:00:00.05 | Mem:0.00M, Peak:0.00M | Scene, ViewLayer | Synchronizing object | dresser-parlor-palm::representative leaflet.046
Fra:1 Mem:158.05M (Peak 158.05M) | Time:00:00.05 | Mem:0.00M, Peak:0.00M | Scene, ViewLayer | Synchronizing object | dresser-parlor-palm::representative leaflet.045
Fra:1 Mem:158.06M (Peak 158.06M) | Time:00:00.05 | Mem:0.00M, Peak:0.00M | Scene, ViewLayer | Synchronizing object | grejig-1::wire lattice lengthwise.002
Fra:1 Mem:158.06M (Peak 158.06M) | Time:00:00.05 | Mem:0.00M, Peak:0.00M | Scene, ViewLayer | Synchronizing object | grejig-1::wire lattice lengthwise.003
Fra:1 Mem:158.06M (Peak 158.06M) | Time:00:00.05 | Mem:0.00M, Peak:0.00M | Scene, ViewLayer | Synchronizing object | dresser-parlor-palm::representative leaflet.043
Fra:1 Mem:158.06M (Peak 158.06M) | Time:00:00.05 | Mem:0.00M, Peak:0.00M | Scene, ViewLayer | Synchronizing object | grejig-1::wire lattice lengthwise.004
Fra:1 Mem:158.06M (Peak 158.06M) | Time:00:00.05 | Mem:0.00M, Peak:0.00M | Scene, ViewLayer | Synchronizing object | dresser-parlor-palm::representative leaflet.042
Fra:1 Mem:158.06M (Peak 158.06M) | Time:00:00.05 | Mem:0.00M, Peak:0.00M | Scene, ViewLayer | Synchronizing object | grejig-2::folded steel leg
Fra:1 Mem:158.06M (Peak 158.06M) | Time:00:00.05 | Mem:0.00M, Peak:0.00M | Scene, ViewLayer | Synchronizing object | dresser-parlor-palm::thin palm rachis3
Fra:1 Mem:158.06M (Peak 158.06M) | Time:00:00.05 | Mem:0.00M, Peak:0.00M | Scene, ViewLayer | Synchronizing object | grejig-2::folded steel leg.001
Fra:1 Mem:158.07M (Peak 158.07M) | Time:00:00.05 | Mem:0.00M, Peak:0.00M | Scene, ViewLayer | Synchronizing object | dresser-parlor-palm::representative leaflet.041
Fra:1 Mem:158.07M (Peak 158.07M) | Time:00:00.05 | Mem:0.00M, Peak:0.00M | Scene, ViewLayer | Synchronizing object | grejig-2::folded steel leg.002
Fra:1 Mem:158.07M (Peak 158.07M) | Time:00:00.05 | Mem:0.00M, Peak:0.00M | Scene, ViewLayer | Synchronizing object | dresser-parlor-palm::representative leaflet.040
Fra:1 Mem:158.07M (Peak 158.07M) | Time:00:00.05 | Mem:0.00M, Peak:0.00M | Scene, ViewLayer | Synchronizing object | grejig-2::top long rim
Fra:1 Mem:158.07M (Peak 158.07M) | Time:00:00.05 | Mem:0.00M, Peak:0.00M | Scene, ViewLayer | Synchronizing object | dresser-parlor-palm::representative leaflet.039
Fra:1 Mem:158.08M (Peak 158.08M) | Time:00:00.05 | Mem:0.00M, Peak:0.00M | Scene, ViewLayer | Synchronizing object | dresser-parlor-palm::representative leaflet.038
Fra:1 Mem:158.08M (Peak 158.08M) | Time:00:00.05 | Mem:0.00M, Peak:0.00M | Scene, ViewLayer | Synchronizing object | grejig-2::top long rim.001
Fra:1 Mem:158.08M (Peak 158.08M) | Time:00:00.05 | Mem:0.00M, Peak:0.00M | Scene, ViewLayer | Synchronizing object | dresser-parlor-palm::representative leaflet.037
Fra:1 Mem:158.08M (Peak 158.08M) | Time:00:00.05 | Mem:0.00M, Peak:0.00M | Scene, ViewLayer | Synchronizing object | dresser-parlor-palm::representative leaflet.036
Fra:1 Mem:158.09M (Peak 158.09M) | Time:00:00.05 | Mem:0.00M, Peak:0.00M | Scene, ViewLayer | Synchronizing object | dresser-parlor-palm::representative leaflet.035
Fra:1 Mem:158.09M (Peak 158.09M) | Time:00:00.05 | Mem:0.00M, Peak:0.00M | Scene, ViewLayer | Synchronizing object | grejig-2::top end rim.001
Fra:1 Mem:158.09M (Peak 158.09M) | Time:00:00.05 | Mem:0.00M, Peak:0.00M | Scene, ViewLayer | Synchronizing object | dresser-parlor-palm::representative leaflet.034
Fra:1 Mem:158.09M (Peak 158.09M) | Time:00:00.05 | Mem:0.00M, Peak:0.00M | Scene, ViewLayer | Synchronizing object | dresser-parlor-palm::representative leaflet.033
Fra:1 Mem:158.09M (Peak 158.09M) | Time:00:00.05 | Mem:0.00M, Peak:0.00M | Scene, ViewLayer | Synchronizing object | grejig-2::wire lattice across
Fra:1 Mem:158.09M (Peak 158.09M) | Time:00:00.05 | Mem:0.00M, Peak:0.00M | Scene, ViewLayer | Synchronizing object | grejig-2::wire lattice across.001
Fra:1 Mem:158.10M (Peak 158.10M) | Time:00:00.05 | Mem:0.00M, Peak:0.00M | Scene, ViewLayer | Synchronizing object | grejig-2::wire lattice across.002
Fra:1 Mem:158.10M (Peak 158.10M) | Time:00:00.05 | Mem:0.00M, Peak:0.00M | Scene, ViewLayer | Synchronizing object | dresser-parlor-palm::representative leaflet.031
Fra:1 Mem:158.10M (Peak 158.10M) | Time:00:00.05 | Mem:0.00M, Peak:0.00M | Scene, ViewLayer | Synchronizing object | grejig-2::wire lattice across.003
Fra:1 Mem:158.10M (Peak 158.10M) | Time:00:00.05 | Mem:0.00M, Peak:0.00M | Scene, ViewLayer | Synchronizing object | dresser-parlor-palm::representative leaflet.030
Fra:1 Mem:158.10M (Peak 158.10M) | Time:00:00.05 | Mem:0.00M, Peak:0.00M | Scene, ViewLayer | Synchronizing object | grejig-2::wire lattice across.004
Fra:1 Mem:158.10M (Peak 158.10M) | Time:00:00.05 | Mem:0.00M, Peak:0.00M | Scene, ViewLayer | Synchronizing object | dresser-parlor-palm::representative leaflet.029
Fra:1 Mem:158.10M (Peak 158.10M) | Time:00:00.05 | Mem:0.00M, Peak:0.00M | Scene, ViewLayer | Synchronizing object | dresser-parlor-palm::representative leaflet.028
Fra:1 Mem:158.21M (Peak 158.21M) | Time:00:00.05 | Mem:0.00M, Peak:0.00M | Scene, ViewLayer | Synchronizing object | grejig-2::wire lattice across.006
Fra:1 Mem:158.21M (Peak 158.21M) | Time:00:00.05 | Mem:0.00M, Peak:0.00M | Scene, ViewLayer | Synchronizing object | grejig-2::wire lattice across.007
Fra:1 Mem:158.21M (Peak 158.21M) | Time:00:00.05 | Mem:0.00M, Peak:0.00M | Scene, ViewLayer | Synchronizing object | dresser-parlor-palm::thin palm rachis2
Fra:1 Mem:158.22M (Peak 158.22M) | Time:00:00.05 | Mem:0.00M, Peak:0.00M | Scene, ViewLayer | Synchronizing object | grejig-2::wire lattice across.008
Fra:1 Mem:158.22M (Peak 158.22M) | Time:00:00.05 | Mem:0.00M, Peak:0.00M | Scene, ViewLayer | Synchronizing object | grejig-2::wire lattice across.009
Fra:1 Mem:158.23M (Peak 158.23M) | Time:00:00.05 | Mem:0.00M, Peak:0.00M | Scene, ViewLayer | Synchronizing object | dresser-parlor-palm::representative leaflet.026
Fra:1 Mem:158.23M (Peak 158.23M) | Time:00:00.05 | Mem:0.00M, Peak:0.00M | Scene, ViewLayer | Synchronizing object | grejig-2::wire lattice lengthwise
Fra:1 Mem:158.23M (Peak 158.23M) | Time:00:00.05 | Mem:0.00M, Peak:0.00M | Scene, ViewLayer | Synchronizing object | dresser-parlor-palm::representative leaflet.025
Fra:1 Mem:158.23M (Peak 158.23M) | Time:00:00.05 | Mem:0.00M, Peak:0.00M | Scene, ViewLayer | Synchronizing object | grejig-2::wire lattice lengthwise.001
Fra:1 Mem:158.23M (Peak 158.23M) | Time:00:00.05 | Mem:0.00M, Peak:0.00M | Scene, ViewLayer | Synchronizing object | grejig-2::wire lattice lengthwise.002
Fra:1 Mem:158.23M (Peak 158.23M) | Time:00:00.05 | Mem:0.00M, Peak:0.00M | Scene, ViewLayer | Synchronizing object | dresser-parlor-palm::representative leaflet.023
Fra:1 Mem:158.24M (Peak 158.24M) | Time:00:00.05 | Mem:0.00M, Peak:0.00M | Scene, ViewLayer | Synchronizing object | dresser-parlor-palm::representative leaflet.022
Fra:1 Mem:158.24M (Peak 158.24M) | Time:00:00.05 | Mem:0.00M, Peak:0.00M | Scene, ViewLayer | Synchronizing object | dresser-parlor-palm::representative leaflet.021
Fra:1 Mem:158.24M (Peak 158.24M) | Time:00:00.05 | Mem:0.00M, Peak:0.00M | Scene, ViewLayer | Synchronizing object | dresser-parlor-palm::representative leaflet.020
Fra:1 Mem:158.24M (Peak 158.24M) | Time:00:00.05 | Mem:0.00M, Peak:0.00M | Scene, ViewLayer | Synchronizing object | dresser-parlor-palm::representative leaflet.019
Fra:1 Mem:158.24M (Peak 158.24M) | Time:00:00.05 | Mem:0.00M, Peak:0.00M | Scene, ViewLayer | Synchronizing object | grejig-3::folded steel leg
Fra:1 Mem:158.24M (Peak 158.24M) | Time:00:00.05 | Mem:0.00M, Peak:0.00M | Scene, ViewLayer | Synchronizing object | dresser-parlor-palm::representative leaflet.018
Fra:1 Mem:158.25M (Peak 158.25M) | Time:00:00.05 | Mem:0.00M, Peak:0.00M | Scene, ViewLayer | Synchronizing object | grejig-3::folded steel leg.002
Fra:1 Mem:158.25M (Peak 158.25M) | Time:00:00.05 | Mem:0.00M, Peak:0.00M | Scene, ViewLayer | Synchronizing object | grejig-3::folded steel leg.003
Fra:1 Mem:158.25M (Peak 158.25M) | Time:00:00.05 | Mem:0.00M, Peak:0.00M | Scene, ViewLayer | Synchronizing object | grejig-3::top long rim
Fra:1 Mem:158.25M (Peak 158.25M) | Time:00:00.05 | Mem:0.00M, Peak:0.00M | Scene, ViewLayer | Synchronizing object | dresser-parlor-palm::representative leaflet.015
Fra:1 Mem:158.25M (Peak 158.25M) | Time:00:00.05 | Mem:0.00M, Peak:0.00M | Scene, ViewLayer | Synchronizing object | grejig-3::top long rim.001
Fra:1 Mem:158.25M (Peak 158.25M) | Time:00:00.05 | Mem:0.00M, Peak:0.00M | Scene, ViewLayer | Synchronizing object | dresser-parlor-palm::representative leaflet.014
Fra:1 Mem:158.25M (Peak 158.25M) | Time:00:00.05 | Mem:0.00M, Peak:0.00M | Scene, ViewLayer | Synchronizing object | dresser-parlor-palm::thin palm rachis1
Fra:1 Mem:158.26M (Peak 158.26M) | Time:00:00.05 | Mem:0.00M, Peak:0.00M | Scene, ViewLayer | Synchronizing object | dresser-parlor-palm::representative leaflet.013
Fra:1 Mem:158.26M (Peak 158.26M) | Time:00:00.05 | Mem:0.00M, Peak:0.00M | Scene, ViewLayer | Synchronizing object | grejig-3::top end rim
Fra:1 Mem:158.26M (Peak 158.26M) | Time:00:00.05 | Mem:0.00M, Peak:0.00M | Scene, ViewLayer | Synchronizing object | dresser-parlor-palm::representative leaflet.012
Fra:1 Mem:158.27M (Peak 158.27M) | Time:00:00.05 | Mem:0.00M, Peak:0.00M | Scene, ViewLayer | Synchronizing object | dresser-parlor-palm::representative leaflet.011
Fra:1 Mem:158.27M (Peak 158.27M) | Time:00:00.05 | Mem:0.00M, Peak:0.00M | Scene, ViewLayer | Synchronizing object | grejig-3::wire lattice across
Fra:1 Mem:158.27M (Peak 158.27M) | Time:00:00.05 | Mem:0.00M, Peak:0.00M | Scene, ViewLayer | Synchronizing object | dresser-parlor-palm::representative leaflet.010
Fra:1 Mem:158.27M (Peak 158.27M) | Time:00:00.05 | Mem:0.00M, Peak:0.00M | Scene, ViewLayer | Synchronizing object | grejig-3::wire lattice across.001
Fra:1 Mem:158.27M (Peak 158.27M) | Time:00:00.05 | Mem:0.00M, Peak:0.00M | Scene, ViewLayer | Synchronizing object | grejig-3::wire lattice across.002
Fra:1 Mem:158.28M (Peak 158.28M) | Time:00:00.05 | Mem:0.00M, Peak:0.00M | Scene, ViewLayer | Synchronizing object | grejig-3::wire lattice across.003
Fra:1 Mem:158.28M (Peak 158.28M) | Time:00:00.05 | Mem:0.00M, Peak:0.00M | Scene, ViewLayer | Synchronizing object | grejig-3::wire lattice across.004
Fra:1 Mem:158.28M (Peak 158.28M) | Time:00:00.05 | Mem:0.00M, Peak:0.00M | Scene, ViewLayer | Synchronizing object | grejig-3::wire lattice across.005
Fra:1 Mem:158.28M (Peak 158.28M) | Time:00:00.05 | Mem:0.00M, Peak:0.00M | Scene, ViewLayer | Synchronizing object | grejig-3::wire lattice across.006
Fra:1 Mem:158.28M (Peak 158.28M) | Time:00:00.05 | Mem:0.00M, Peak:0.00M | Scene, ViewLayer | Synchronizing object | grejig-3::wire lattice across.007
Fra:1 Mem:158.29M (Peak 158.29M) | Time:00:00.05 | Mem:0.00M, Peak:0.00M | Scene, ViewLayer | Synchronizing object | grejig-3::wire lattice across.008
Fra:1 Mem:158.29M (Peak 158.29M) | Time:00:00.05 | Mem:0.00M, Peak:0.00M | Scene, ViewLayer | Synchronizing object | dresser-parlor-palm::representative leaflet.008
Fra:1 Mem:158.29M (Peak 158.29M) | Time:00:00.05 | Mem:0.00M, Peak:0.00M | Scene, ViewLayer | Synchronizing object | grejig-3::wire lattice across.009
Fra:1 Mem:158.29M (Peak 158.29M) | Time:00:00.05 | Mem:0.00M, Peak:0.00M | Scene, ViewLayer | Synchronizing object | grejig-3::wire lattice across.010
Fra:1 Mem:158.29M (Peak 158.29M) | Time:00:00.05 | Mem:0.00M, Peak:0.00M | Scene, ViewLayer | Synchronizing object | grejig-3::wire lattice lengthwise
Fra:1 Mem:158.29M (Peak 158.29M) | Time:00:00.05 | Mem:0.00M, Peak:0.00M | Scene, ViewLayer | Synchronizing object | dresser-parlor-palm::representative leaflet.006
Fra:1 Mem:158.30M (Peak 158.30M) | Time:00:00.05 | Mem:0.00M, Peak:0.00M | Scene, ViewLayer | Synchronizing object | dresser-parlor-palm::representative leaflet.005
Fra:1 Mem:158.30M (Peak 158.30M) | Time:00:00.05 | Mem:0.00M, Peak:0.00M | Scene, ViewLayer | Synchronizing object | grejig-3::wire lattice lengthwise.001
Fra:1 Mem:158.30M (Peak 158.30M) | Time:00:00.05 | Mem:0.00M, Peak:0.00M | Scene, ViewLayer | Synchronizing object | dresser-parlor-palm::representative leaflet.004
Fra:1 Mem:158.30M (Peak 158.30M) | Time:00:00.05 | Mem:0.00M, Peak:0.00M | Scene, ViewLayer | Synchronizing object | grejig-3::wire lattice lengthwise.002
Fra:1 Mem:158.30M (Peak 158.30M) | Time:00:00.05 | Mem:0.00M, Peak:0.00M | Scene, ViewLayer | Synchronizing object | dresser-parlor-palm::representative leaflet.003
Fra:1 Mem:158.30M (Peak 158.30M) | Time:00:00.05 | Mem:0.00M, Peak:0.00M | Scene, ViewLayer | Synchronizing object | grejig-3::wire lattice lengthwise.003
Fra:1 Mem:158.30M (Peak 158.30M) | Time:00:00.05 | Mem:0.00M, Peak:0.00M | Scene, ViewLayer | Synchronizing object | dresser-parlor-palm::representative leaflet.002
Fra:1 Mem:158.31M (Peak 158.31M) | Time:00:00.05 | Mem:0.00M, Peak:0.00M | Scene, ViewLayer | Synchronizing object | grejig-3::wire lattice lengthwise.004
Fra:1 Mem:158.31M (Peak 158.31M) | Time:00:00.05 | Mem:0.00M, Peak:0.00M | Scene, ViewLayer | Synchronizing object | dresser-parlor-palm::representative leaflet.001
Fra:1 Mem:158.31M (Peak 158.31M) | Time:00:00.05 | Mem:0.00M, Peak:0.00M | Scene, ViewLayer | Synchronizing object | Provisional rack floor support — closet unrecorded
Fra:1 Mem:158.31M (Peak 158.31M) | Time:00:00.05 | Mem:0.00M, Peak:0.00M | Scene, ViewLayer | Synchronizing object | dresser-parlor-palm::representative leaflet
Fra:1 Mem:158.31M (Peak 158.31M) | Time:00:00.05 | Mem:0.00M, Peak:0.00M | Scene, ViewLayer | Synchronizing object | U-base closed crossbar
Fra:1 Mem:158.31M (Peak 158.31M) | Time:00:00.05 | Mem:0.00M, Peak:0.00M | Scene, ViewLayer | Synchronizing object | dresser-parlor-palm::thin palm rachis0
Fra:1 Mem:158.31M (Peak 158.31M) | Time:00:00.05 | Mem:0.00M, Peak:0.00M | Scene, ViewLayer | Synchronizing object | U-base open prong
Fra:1 Mem:158.33M (Peak 158.33M) | Time:00:00.05 | Mem:0.00M, Peak:0.00M | Scene, ViewLayer | Synchronizing object | dresser-parlor-palm::soil
Fra:1 Mem:158.35M (Peak 158.35M) | Time:00:00.05 | Mem:0.00M, Peak:0.00M | Scene, ViewLayer | Synchronizing object | U-base open prong.001
Fra:1 Mem:158.35M (Peak 158.35M) | Time:00:00.05 | Mem:0.00M, Peak:0.00M | Scene, ViewLayer | Synchronizing object | Slim rectangular upright
Fra:1 Mem:158.40M (Peak 158.40M) | Time:00:00.05 | Mem:0.00M, Peak:0.00M | Scene, ViewLayer | Synchronizing object | dresser-parlor-palm::black saucer
Fra:1 Mem:158.40M (Peak 158.40M) | Time:00:00.05 | Mem:0.00M, Peak:0.00M | Scene, ViewLayer | Synchronizing object | Rectangular panel long rim
Fra:1 Mem:158.44M (Peak 158.44M) | Time:00:00.05 | Mem:0.00M, Peak:0.00M | Scene, ViewLayer | Synchronizing object | dresser-fado::illustrative rear cord1
Fra:1 Mem:158.45M (Peak 158.45M) | Time:00:00.05 | Mem:0.00M, Peak:0.00M | Scene, ViewLayer | Synchronizing object | Rectangular panel long rim.001
Fra:1 Mem:158.45M (Peak 158.45M) | Time:00:00.05 | Mem:0.00M, Peak:0.00M | Scene, ViewLayer | Synchronizing object | dresser-fado::illustrative rear cord0
Fra:1 Mem:158.47M (Peak 158.47M) | Time:00:00.05 | Mem:0.00M, Peak:0.00M | Scene, ViewLayer | Synchronizing object | dresser-fado::original body component3
Fra:1 Mem:158.59M (Peak 158.59M) | Time:00:00.05 | Mem:0.00M, Peak:0.00M | Scene, ViewLayer | Synchronizing object | Rectangular panel end rim.001
Fra:1 Mem:158.60M (Peak 158.60M) | Time:00:00.05 | Mem:0.00M, Peak:0.00M | Scene, ViewLayer | Synchronizing object | Narrow parallel LED light bar
Fra:1 Mem:158.65M (Peak 158.65M) | Time:00:00.05 | Mem:0.00M, Peak:0.00M | Scene, ViewLayer | Synchronizing object | Narrow parallel LED light bar.001
Fra:1 Mem:158.66M (Peak 158.66M) | Time:00:00.05 | Mem:0.00M, Peak:0.00M | Scene, ViewLayer | Synchronizing object | Triple thickness brown fleece base
Fra:1 Mem:158.68M (Peak 158.68M) | Time:00:00.05 | Mem:0.00M, Peak:0.00M | Scene, ViewLayer | Synchronizing object | kept-muttros-cat-tree::arched hollow condo wall
Fra:1 Mem:158.77M (Peak 158.77M) | Time:00:00.05 | Mem:0.00M, Peak:0.00M | Scene, ViewLayer | Synchronizing object | dresser-fado::original body component2
Fra:1 Mem:159.11M (Peak 159.11M) | Time:00:00.05 | Mem:0.00M, Peak:0.00M | Scene, ViewLayer | Synchronizing object | Condo top plush cushion
Fra:1 Mem:159.36M (Peak 159.36M) | Time:00:00.05 | Mem:0.00M, Peak:0.00M | Scene, ViewLayer | Synchronizing object | Condo dark floor
Fra:1 Mem:159.41M (Peak 159.41M) | Time:00:00.05 | Mem:0.00M, Peak:0.00M | Scene, ViewLayer | Synchronizing object | Natural wood branch0-0
Fra:1 Mem:159.43M (Peak 159.43M) | Time:00:00.05 | Mem:0.00M, Peak:0.00M | Scene, ViewLayer | Synchronizing object | Natural wood branch0-1
Fra:1 Mem:159.50M (Peak 159.50M) | Time:00:00.05 | Mem:0.00M, Peak:0.00M | Scene, ViewLayer | Synchronizing object | Natural wood branch0-2
Fra:1 Mem:159.56M (Peak 159.56M) | Time:00:00.05 | Mem:0.00M, Peak:0.00M | Scene, ViewLayer | Synchronizing object | Natural wood branch0-3
Fra:1 Mem:159.57M (Peak 159.57M) | Time:00:00.05 | Mem:0.00M, Peak:0.00M | Scene, ViewLayer | Synchronizing object | Organic branch junction
Fra:1 Mem:159.73M (Peak 159.73M) | Time:00:00.05 | Mem:0.00M, Peak:0.00M | Scene, ViewLayer | Synchronizing object | Organic branch junction.001
Fra:1 Mem:159.84M (Peak 159.84M) | Time:00:00.05 | Mem:0.00M, Peak:0.00M | Scene, ViewLayer | Synchronizing object | dresser-fado::original body component1
Fra:1 Mem:160.01M (Peak 160.01M) | Time:00:00.05 | Mem:0.00M, Peak:0.00M | Scene, ViewLayer | Synchronizing object | Organic branch junction.002
Fra:1 Mem:160.07M (Peak 160.07M) | Time:00:00.05 | Mem:0.00M, Peak:0.00M | Scene, ViewLayer | Synchronizing object | Natural wood branch1-0
Fra:1 Mem:160.09M (Peak 160.09M) | Time:00:00.05 | Mem:0.00M, Peak:0.00M | Scene, ViewLayer | Synchronizing object | Natural wood branch1-1
Fra:1 Mem:160.10M (Peak 160.10M) | Time:00:00.05 | Mem:0.00M, Peak:0.00M | Scene, ViewLayer | Synchronizing object | Natural wood branch1-2
Fra:1 Mem:160.11M (Peak 160.11M) | Time:00:00.05 | Mem:0.00M, Peak:0.00M | Scene, ViewLayer | Synchronizing object | Organic branch junction.004
Fra:1 Mem:160.38M (Peak 160.38M) | Time:00:00.05 | Mem:0.00M, Peak:0.00M | Scene, ViewLayer | Synchronizing object | dresser-fado::original body component0
Fra:1 Mem:160.62M (Peak 160.62M) | Time:00:00.05 | Mem:0.00M, Peak:0.00M | Scene, ViewLayer | Synchronizing object | Natural wood branch2-0
Fra:1 Mem:160.62M (Peak 160.62M) | Time:00:00.05 | Mem:0.00M, Peak:0.00M | Scene, ViewLayer | Synchronizing object | Natural wood branch2-1
Fra:1 Mem:160.57M (Peak 160.62M) | Time:00:00.05 | Mem:0.00M, Peak:0.00M | Scene, ViewLayer | Synchronizing object | Organic branch junction.005
Fra:1 Mem:161.31M (Peak 161.31M) | Time:00:00.05 | Mem:0.00M, Peak:0.00M | Scene, ViewLayer | Synchronizing object | Natural wood branch3-0
Fra:1 Mem:161.32M (Peak 161.32M) | Time:00:00.05 | Mem:0.00M, Peak:0.00M | Scene, ViewLayer | Synchronizing object | Natural wood branch3-1
Fra:1 Mem:161.51M (Peak 161.51M) | Time:00:00.05 | Mem:0.00M, Peak:0.00M | Scene, ViewLayer | Synchronizing object | Organic branch junction.006
Fra:1 Mem:160.50M (Peak 161.51M) | Time:00:00.05 | Mem:0.00M, Peak:0.00M | Scene, ViewLayer | Synchronizing object | kept-muttros-cat-tree::Top wicker basket woven horizontal cours
Fra:1 Mem:163.55M (Peak 163.55M) | Time:00:00.05 | Mem:0.00M, Peak:0.00M | Scene, ViewLayer | Synchronizing object | primary-display-ledge::illustrative pocket journal2
Fra:1 Mem:163.45M (Peak 163.55M) | Time:00:00.05 | Mem:0.00M, Peak:0.00M | Scene, ViewLayer | Synchronizing object | kept-muttros-cat-tree::Top wicker basket crossing wicker strand
Fra:1 Mem:163.59M (Peak 163.59M) | Time:00:00.05 | Mem:0.00M, Peak:0.00M | Scene, ViewLayer | Synchronizing object | primary-display-ledge::illustrative pocket journal1
Fra:1 Mem:163.60M (Peak 163.60M) | Time:00:00.05 | Mem:0.00M, Peak:0.00M | Scene, ViewLayer | Synchronizing object | primary-display-ledge::illustrative pocket journal0
Fra:1 Mem:163.62M (Peak 163.62M) | Time:00:00.05 | Mem:0.00M, Peak:0.00M | Scene, ViewLayer | Synchronizing object | primary-display-ledge::original supplier black ledge
Fra:1 Mem:164.18M (Peak 164.18M) | Time:00:00.06 | Mem:0.00M, Peak:0.00M | Scene, ViewLayer | Synchronizing object | project-display-ledge::illustrative pocket journal2
Fra:1 Mem:164.20M (Peak 164.20M) | Time:00:00.06 | Mem:0.00M, Peak:0.00M | Scene, ViewLayer | Synchronizing object | project-display-ledge::illustrative pocket journal1
Fra:1 Mem:164.22M (Peak 164.22M) | Time:00:00.06 | Mem:0.00M, Peak:0.00M | Scene, ViewLayer | Synchronizing object | project-display-ledge::illustrative pocket journal0
Fra:1 Mem:164.23M (Peak 164.23M) | Time:00:00.06 | Mem:0.00M, Peak:0.00M | Scene, ViewLayer | Synchronizing object | project-display-ledge::original supplier black ledge
Fra:1 Mem:164.63M (Peak 164.63M) | Time:00:00.06 | Mem:0.00M, Peak:0.00M | Scene, ViewLayer | Synchronizing object | Top wicker basket brown fleece cushion
Fra:1 Mem:164.68M (Peak 164.68M) | Time:00:00.06 | Mem:0.00M, Peak:0.00M | Scene, ViewLayer | Synchronizing object | kept-muttros-cat-tree::High side wicker basket woven horizontal
Fra:1 Mem:165.58M (Peak 165.58M) | Time:00:00.06 | Mem:0.00M, Peak:0.00M | Scene, ViewLayer | Synchronizing object | richmond-art::full actual native landscape print
Fra:1 Mem:165.58M (Peak 165.58M) | Time:00:00.06 | Mem:0.00M, Peak:0.00M | Scene, ViewLayer | Synchronizing object | richmond-art::black wood frame right
Fra:1 Mem:165.60M (Peak 165.60M) | Time:00:00.06 | Mem:0.00M, Peak:0.00M | Scene, ViewLayer | Synchronizing object | richmond-art::black wood frame left
Fra:1 Mem:165.61M (Peak 165.61M) | Time:00:00.06 | Mem:0.00M, Peak:0.00M | Scene, ViewLayer | Synchronizing object | richmond-art::black wood frame bottom
Fra:1 Mem:165.63M (Peak 165.63M) | Time:00:00.06 | Mem:0.00M, Peak:0.00M | Scene, ViewLayer | Synchronizing object | richmond-art::black wood frame top
Fra:1 Mem:165.64M (Peak 165.64M) | Time:00:00.06 | Mem:0.00M, Peak:0.00M | Scene, ViewLayer | Synchronizing object | visitor-chair::rear walnut seat stretcher
Fra:1 Mem:165.65M (Peak 165.65M) | Time:00:00.06 | Mem:0.00M, Peak:0.00M | Scene, ViewLayer | Synchronizing object | visitor-chair::front walnut seat stretcher
Fra:1 Mem:165.67M (Peak 165.67M) | Time:00:00.06 | Mem:0.00M, Peak:0.00M | Scene, ViewLayer | Synchronizing object | visitor-chair::side seat rail.001
Fra:1 Mem:165.68M (Peak 165.68M) | Time:00:00.06 | Mem:0.00M, Peak:0.00M | Scene, ViewLayer | Synchronizing object | visitor-chair::rear walnut leg.001
Fra:1 Mem:165.72M (Peak 165.72M) | Time:00:00.06 | Mem:0.00M, Peak:0.00M | Scene, ViewLayer | Synchronizing object | visitor-chair::front walnut leg.001
Fra:1 Mem:165.73M (Peak 165.73M) | Time:00:00.06 | Mem:0.00M, Peak:0.00M | Scene, ViewLayer | Synchronizing object | visitor-chair::rounded walnut arm.001
Fra:1 Mem:165.75M (Peak 165.75M) | Time:00:00.06 | Mem:0.00M, Peak:0.00M | Scene, ViewLayer | Synchronizing object | visitor-chair::side seat rail
Fra:1 Mem:165.75M (Peak 165.75M) | Time:00:00.06 | Mem:0.00M, Peak:0.00M | Scene, ViewLayer | Synchronizing object | visitor-chair::rear walnut leg
Fra:1 Mem:165.76M (Peak 165.76M) | Time:00:00.06 | Mem:0.00M, Peak:0.00M | Scene, ViewLayer | Synchronizing object | visitor-chair::front walnut leg
Fra:1 Mem:165.77M (Peak 165.77M) | Time:00:00.06 | Mem:0.00M, Peak:0.00M | Scene, ViewLayer | Synchronizing object | visitor-chair::rounded walnut arm
Fra:1 Mem:165.88M (Peak 165.88M) | Time:00:00.06 | Mem:0.00M, Peak:0.00M | Scene, ViewLayer | Synchronizing object | visitor-chair::rounded sloping boucle back
Fra:1 Mem:165.98M (Peak 165.98M) | Time:00:00.06 | Mem:0.00M, Peak:0.00M | Scene, ViewLayer | Synchronizing object | visitor-chair::rounded boucle seat
Fra:1 Mem:165.54M (Peak 165.98M) | Time:00:00.06 | Mem:0.00M, Peak:0.00M | Scene, ViewLayer | Synchronizing object | standing-main-desk::frame_rail_front
Fra:1 Mem:165.81M (Peak 165.98M) | Time:00:00.06 | Mem:0.00M, Peak:0.00M | Scene, ViewLayer | Synchronizing object | kept-muttros-cat-tree::High side wicker basket crossing wicker 
Fra:1 Mem:164.45M (Peak 165.98M) | Time:00:00.06 | Mem:0.00M, Peak:0.00M | Scene, ViewLayer | Synchronizing object | High side wicker basket brown fleece cushion
Fra:1 Mem:164.78M (Peak 165.98M) | Time:00:00.06 | Mem:0.00M, Peak:0.00M | Scene, ViewLayer | Synchronizing object | kept-muttros-cat-tree::Low side wicker basket woven horizontal 
Fra:1 Mem:166.85M (Peak 166.95M) | Time:00:00.06 | Mem:0.00M, Peak:0.00M | Scene, ViewLayer | Synchronizing object | kept-muttros-cat-tree::Low side wicker basket crossing wicker s
Fra:1 Mem:168.29M (Peak 168.29M) | Time:00:00.06 | Mem:0.00M, Peak:0.00M | Scene, ViewLayer | Synchronizing object | Low side wicker basket brown fleece cushion
Fra:1 Mem:168.37M (Peak 168.37M) | Time:00:00.06 | Mem:0.00M, Peak:0.00M | Scene, ViewLayer | Synchronizing object | kept-muttros-cat-tree::Brown fleece suspended bowl hammock
Fra:1 Mem:168.42M (Peak 168.42M) | Time:00:00.06 | Mem:0.00M, Peak:0.00M | Scene, ViewLayer | Synchronizing object | kept-muttros-cat-tree::Thick fleece hammock rim
Fra:1 Mem:170.40M (Peak 170.40M) | Time:00:00.06 | Mem:0.00M, Peak:0.00M | Scene, ViewLayer | Synchronizing object | kept-muttros-cat-tree::Sisal rope winding
Fra:1 Mem:170.62M (Peak 170.62M) | Time:00:00.06 | Mem:0.00M, Peak:0.00M | Scene, ViewLayer | Synchronizing object | kept-muttros-cat-tree::Sisal rope winding.001
Fra:1 Mem:170.87M (Peak 170.87M) | Time:00:00.06 | Mem:0.00M, Peak:0.00M | Scene, ViewLayer | Synchronizing object | kept-muttros-cat-tree::Sisal rope winding.002
Fra:1 Mem:171.08M (Peak 171.08M) | Time:00:00.06 | Mem:0.00M, Peak:0.00M | Scene, ViewLayer | Synchronizing object | kept-muttros-cat-tree::Hanging pom-pom cord
Fra:1 Mem:171.13M (Peak 171.13M) | Time:00:00.06 | Mem:0.00M, Peak:0.00M | Scene, ViewLayer | Synchronizing object | Brown play ball
Fra:1 Mem:171.65M (Peak 171.65M) | Time:00:00.06 | Mem:0.00M, Peak:0.00M | Scene, ViewLayer | Synchronizing object | kept-muttros-cat-tree::Hanging pom-pom cord.001
Fra:1 Mem:172.14M (Peak 172.14M) | Time:00:00.06 | Mem:0.00M, Peak:0.00M | Scene, ViewLayer | Synchronizing object | Brown play ball.001
Fra:1 Mem:172.20M (Peak 172.20M) | Time:00:00.07 | Mem:0.00M, Peak:0.00M | Scene, ViewLayer | Synchronizing object | kept-muttros-cat-tree::Hanging pom-pom cord.002
Fra:1 Mem:172.21M (Peak 172.21M) | Time:00:00.07 | Mem:0.00M, Peak:0.00M | Scene, ViewLayer | Synchronizing object | Brown play ball.002
Fra:1 Mem:172.28M (Peak 172.28M) | Time:00:00.07 | Mem:0.00M, Peak:0.00M | Scene, ViewLayer | Synchronizing object | aeron-primary :: five-star spoke 1
Fra:1 Mem:172.29M (Peak 172.29M) | Time:00:00.07 | Mem:0.00M, Peak:0.00M | Scene, ViewLayer | Synchronizing object | aeron-primary :: caster 1 wheel -1
Fra:1 Mem:172.30M (Peak 172.30M) | Time:00:00.07 | Mem:0.00M, Peak:0.00M | Scene, ViewLayer | Synchronizing object | aeron-primary :: caster 1 wheel 1
Fra:1 Mem:172.31M (Peak 172.31M) | Time:00:00.07 | Mem:0.00M, Peak:0.00M | Scene, ViewLayer | Synchronizing object | aeron-primary :: caster 1 swivel
Fra:1 Mem:172.32M (Peak 172.32M) | Time:00:00.07 | Mem:0.00M, Peak:0.00M | Scene, ViewLayer | Synchronizing object | aeron-primary :: five-star spoke 2
Fra:1 Mem:172.33M (Peak 172.33M) | Time:00:00.07 | Mem:0.00M, Peak:0.00M | Scene, ViewLayer | Synchronizing object | aeron-primary :: caster 2 wheel -1
Fra:1 Mem:172.33M (Peak 172.33M) | Time:00:00.07 | Mem:0.00M, Peak:0.00M | Scene, ViewLayer | Synchronizing object | aeron-primary :: caster 2 wheel 1
Fra:1 Mem:172.34M (Peak 172.34M) | Time:00:00.07 | Mem:0.00M, Peak:0.00M | Scene, ViewLayer | Synchronizing object | aeron-primary :: caster 2 swivel
Fra:1 Mem:172.34M (Peak 172.34M) | Time:00:00.07 | Mem:0.00M, Peak:0.00M | Scene, ViewLayer | Synchronizing object | aeron-primary :: five-star spoke 3
Fra:1 Mem:172.35M (Peak 172.35M) | Time:00:00.07 | Mem:0.00M, Peak:0.00M | Scene, ViewLayer | Synchronizing object | aeron-primary :: caster 3 wheel -1
Fra:1 Mem:172.35M (Peak 172.35M) | Time:00:00.07 | Mem:0.00M, Peak:0.00M | Scene, ViewLayer | Synchronizing object | aeron-primary :: caster 3 wheel 1
Fra:1 Mem:172.36M (Peak 172.36M) | Time:00:00.07 | Mem:0.00M, Peak:0.00M | Scene, ViewLayer | Synchronizing object | aeron-primary :: caster 3 swivel
Fra:1 Mem:172.36M (Peak 172.36M) | Time:00:00.07 | Mem:0.00M, Peak:0.00M | Scene, ViewLayer | Synchronizing object | aeron-primary :: five-star spoke 4
Fra:1 Mem:172.84M (Peak 172.84M) | Time:00:00.07 | Mem:0.00M, Peak:0.00M | Scene, ViewLayer | Synchronizing object | aeron-primary :: caster 4 wheel -1
Fra:1 Mem:172.84M (Peak 172.84M) | Time:00:00.07 | Mem:0.00M, Peak:0.00M | Scene, ViewLayer | Synchronizing object | aeron-primary :: caster 4 wheel 1
Fra:1 Mem:172.86M (Peak 172.86M) | Time:00:00.07 | Mem:0.00M, Peak:0.00M | Scene, ViewLayer | Synchronizing object | aeron-primary :: caster 4 swivel
Fra:1 Mem:173.06M (Peak 173.06M) | Time:00:00.07 | Mem:0.00M, Peak:0.00M | Scene, ViewLayer | Synchronizing object | aeron-primary :: five-star spoke 5
Fra:1 Mem:173.06M (Peak 173.06M) | Time:00:00.07 | Mem:0.00M, Peak:0.00M | Scene, ViewLayer | Synchronizing object | aeron-primary :: caster 5 wheel -1
Fra:1 Mem:173.07M (Peak 173.07M) | Time:00:00.07 | Mem:0.00M, Peak:0.00M | Scene, ViewLayer | Synchronizing object | aeron-primary :: caster 5 wheel 1
Fra:1 Mem:173.07M (Peak 173.07M) | Time:00:00.07 | Mem:0.00M, Peak:0.00M | Scene, ViewLayer | Synchronizing object | aeron-primary :: caster 5 swivel
Fra:1 Mem:173.08M (Peak 173.08M) | Time:00:00.07 | Mem:0.00M, Peak:0.00M | Scene, ViewLayer | Synchronizing object | aeron-primary :: base hub
Fra:1 Mem:173.09M (Peak 173.09M) | Time:00:00.07 | Mem:0.00M, Peak:0.00M | Scene, ViewLayer | Synchronizing object | aeron-primary :: gas lift cylinder
Fra:1 Mem:173.10M (Peak 173.10M) | Time:00:00.07 | Mem:0.00M, Peak:0.00M | Scene, ViewLayer | Synchronizing object | aeron-primary :: tilt mechanism housing
Fra:1 Mem:173.14M (Peak 173.14M) | Time:00:00.07 | Mem:0.00M, Peak:0.00M | Scene, ViewLayer | Synchronizing object | aeron-primary :: underseat cross support
Fra:1 Mem:173.16M (Peak 173.16M) | Time:00:00.07 | Mem:0.00M, Peak:0.00M | Scene, ViewLayer | Synchronizing object | aeron-primary :: right tilt control stem
Fra:1 Mem:173.17M (Peak 173.17M) | Time:00:00.07 | Mem:0.00M, Peak:0.00M | Scene, ViewLayer | Synchronizing object | aeron-primary :: tilt control knob
Fra:1 Mem:173.24M (Peak 173.24M) | Time:00:00.07 | Mem:0.00M, Peak:0.00M | Scene, ViewLayer | Synchronizing object | aeron-primary :: sculpted open oval back perimeter
Fra:1 Mem:173.40M (Peak 173.40M) | Time:00:00.07 | Mem:0.00M, Peak:0.00M | Scene, ViewLayer | Synchronizing object | aeron-primary :: sculpted open seat perimeter
Fra:1 Mem:173.63M (Peak 173.63M) | Time:00:00.07 | Mem:0.00M, Peak:0.00M | Scene, ViewLayer | Synchronizing object | aeron-primary :: fine open curved back weave
Fra:1 Mem:172.71M (Peak 173.63M) | Time:00:00.07 | Mem:0.00M, Peak:0.00M | Scene, ViewLayer | Synchronizing object | aeron-primary :: fine open suspended seat weave
Fra:1 Mem:175.83M (Peak 175.83M) | Time:00:00.07 | Mem:0.00M, Peak:0.00M | Scene, ViewLayer | Synchronizing object | aeron-primary :: rear central back carrier
Fra:1 Mem:177.31M (Peak 177.31M) | Time:00:00.07 | Mem:0.00M, Peak:0.00M | Scene, ViewLayer | Synchronizing object | aeron-primary :: reference lumbar support
Fra:1 Mem:177.31M (Peak 177.31M) | Time:00:00.07 | Mem:0.00M, Peak:0.00M | Scene, ViewLayer | Synchronizing object | aeron-primary :: seat hinge and back carrier -1
Fra:1 Mem:177.32M (Peak 177.32M) | Time:00:00.07 | Mem:0.00M, Peak:0.00M | Scene, ViewLayer | Synchronizing object | aeron-primary :: seat pivot cap -1
Fra:1 Mem:177.38M (Peak 177.38M) | Time:00:00.07 | Mem:0.00M, Peak:0.00M | Scene, ViewLayer | Synchronizing object | aeron-primary :: adjustable arm support -1
Fra:1 Mem:177.39M (Peak 177.39M) | Time:00:00.07 | Mem:0.00M, Peak:0.00M | Scene, ViewLayer | Synchronizing object | aeron-primary :: gray arm pad -1
Fra:1 Mem:177.46M (Peak 177.46M) | Time:00:00.07 | Mem:0.00M, Peak:0.00M | Scene, ViewLayer | Synchronizing object | aeron-primary :: seat hinge and back carrier 1
Fra:1 Mem:177.47M (Peak 177.47M) | Time:00:00.07 | Mem:0.00M, Peak:0.00M | Scene, ViewLayer | Synchronizing object | aeron-primary :: seat pivot cap 1
Fra:1 Mem:177.53M (Peak 177.53M) | Time:00:00.07 | Mem:0.00M, Peak:0.00M | Scene, ViewLayer | Synchronizing object | aeron-primary :: adjustable arm support 1
Fra:1 Mem:177.54M (Peak 177.54M) | Time:00:00.07 | Mem:0.00M, Peak:0.00M | Scene, ViewLayer | Synchronizing object | aeron-primary :: gray arm pad 1
Fra:1 Mem:177.61M (Peak 177.61M) | Time:00:00.07 | Mem:0.00M, Peak:0.00M | Scene, ViewLayer | Synchronizing object | standing-main-desk::cable_door_lid
Fra:1 Mem:194.25M (Peak 195.84M) | Time:00:00.08 | Mem:0.00M, Peak:0.00M | Scene, ViewLayer | Synchronizing object | standing-main-desk::lifting_column_right_inner_stage
Fra:1 Mem:192.72M (Peak 195.84M) | Time:00:00.08 | Mem:0.00M, Peak:0.00M | Scene, ViewLayer | Synchronizing object | standing-main-desk::frame_cover_right
Fra:1 Mem:188.66M (Peak 195.84M) | Time:00:00.09 | Mem:0.00M, Peak:0.00M | Scene, ViewLayer | Synchronizing object | standing-main-desk::desktop_bracket_right
Fra:1 Mem:191.56M (Peak 195.84M) | Time:00:00.09 | Mem:0.00M, Peak:0.00M | Scene, ViewLayer | Synchronizing object | standing-main-desk::leveling_glide_left_front
Fra:1 Mem:192.77M (Peak 195.84M) | Time:00:00.09 | Mem:0.00M, Peak:0.00M | Scene, ViewLayer | Synchronizing object | standing-main-desk::leveling_glide_right_rear
Fra:1 Mem:202.13M (Peak 205.24M) | Time:00:00.10 | Mem:0.00M, Peak:0.00M | Scene, ViewLayer | Synchronizing object | standing-main-desk::lifting_column_right_middle_stage
Fra:1 Mem:212.62M (Peak 212.70M) | Time:00:00.11 | Mem:0.00M, Peak:0.00M | Scene, ViewLayer | Synchronizing object | standing-main-desk::lifting_column_left_head
Fra:1 Mem:211.18M (Peak 215.50M) | Time:00:00.12 | Mem:0.00M, Peak:0.00M | Scene, ViewLayer | Synchronizing object | standing-main-desk::lifting_column_right_outer_stage
Fra:1 Mem:207.75M (Peak 215.50M) | Time:00:00.12 | Mem:0.00M, Peak:0.00M | Scene, ViewLayer | Synchronizing object | standing-main-desk::frame_rail_rear
Fra:1 Mem:204.98M (Peak 215.50M) | Time:00:00.12 | Mem:0.00M, Peak:0.00M | Scene, ViewLayer | Synchronizing object | standing-main-desk::foot_right
Fra:1 Mem:225.27M (Peak 228.06M) | Time:00:00.13 | Mem:0.00M, Peak:0.00M | Scene, ViewLayer | Synchronizing object | standing-main-desk::lifting_column_left_inner_stage
Fra:1 Mem:235.49M (Peak 240.30M) | Time:00:00.15 | Mem:0.00M, Peak:0.00M | Scene, ViewLayer | Synchronizing object | standing-main-desk::lifting_column_left_middle_stage
Fra:1 Mem:232.12M (Peak 240.30M) | Time:00:00.15 | Mem:0.00M, Peak:0.00M | Scene, ViewLayer | Synchronizing object | standing-main-desk::desktop
Fra:1 Mem:241.34M (Peak 243.31M) | Time:00:00.16 | Mem:0.00M, Peak:0.00M | Scene, ViewLayer | Synchronizing object | standing-main-desk::foot_left
Fra:1 Mem:231.26M (Peak 243.38M) | Time:00:00.17 | Mem:0.00M, Peak:0.00M | Scene, ViewLayer | Synchronizing object | standing-main-desk::keypad_controls
Fra:1 Mem:231.24M (Peak 243.38M) | Time:00:00.17 | Mem:0.00M, Peak:0.00M | Scene, ViewLayer | Synchronizing object | standing-main-desk::desktop_bracket_left
Fra:1 Mem:229.98M (Peak 243.38M) | Time:00:00.17 | Mem:0.00M, Peak:0.00M | Scene, ViewLayer | Synchronizing object | standing-main-desk::frame_end_right
Fra:1 Mem:234.25M (Peak 243.38M) | Time:00:00.17 | Mem:0.00M, Peak:0.00M | Scene, ViewLayer | Synchronizing object | standing-main-desk::leveling_glide_left_rear
Fra:1 Mem:236.95M (Peak 243.38M) | Time:00:00.18 | Mem:0.00M, Peak:0.00M | Scene, ViewLayer | Synchronizing object | standing-main-desk::frame_end_left
Fra:1 Mem:245.19M (Peak 246.07M) | Time:00:00.18 | Mem:0.00M, Peak:0.00M | Scene, ViewLayer | Synchronizing object | standing-main-desk::cable_door
Fra:1 Mem:244.99M (Peak 246.07M) | Time:00:00.18 | Mem:0.00M, Peak:0.00M | Scene, ViewLayer | Synchronizing object | standing-main-desk::lifting_column_right_head
Fra:1 Mem:263.90M (Peak 263.90M) | Time:00:00.19 | Mem:0.00M, Peak:0.00M | Scene, ViewLayer | Synchronizing object | standing-main-desk::frame_cover_left
Fra:1 Mem:264.64M (Peak 264.64M) | Time:00:00.19 | Mem:0.00M, Peak:0.00M | Scene, ViewLayer | Synchronizing object | standing-main-desk::leveling_glide_right_front
Fra:1 Mem:283.52M (Peak 284.78M) | Time:00:00.19 | Mem:0.00M, Peak:0.00M | Scene, ViewLayer | Synchronizing object | standing-main-desk::felt_cable_organizer
Fra:1 Mem:286.37M (Peak 287.97M) | Time:00:00.20 | Mem:0.00M, Peak:0.00M | Scene, ViewLayer | Synchronizing object | standing-main-desk::keypad
Fra:1 Mem:296.88M (Peak 304.43M) | Time:00:00.23 | Mem:0.00M, Peak:0.00M | Scene, ViewLayer | Synchronizing object | standing-main-desk::lifting_column_left_outer_stage
Fra:1 Mem:305.60M (Peak 310.81M) | Time:00:00.24 | Mem:0.00M, Peak:0.00M | Scene, ViewLayer | Synchronizing object | standing-main-desk::control_box
Fra:1 Mem:324.33M (Peak 333.67M) | Time:00:00.26 | Mem:0.00M, Peak:0.00M | Scene, ViewLayer | Synchronizing object | standing-main-desk::cable_door_brush
Fra:1 Mem:283.70M (Peak 333.67M) | Time:00:00.28 | Mem:0.00M, Peak:0.00M | Scene, ViewLayer | Initializing
Fra:1 Mem:280.34M (Peak 333.67M) | Time:00:00.28 | Mem:0.00M, Peak:0.00M | Scene, ViewLayer | Updating Images | Loading dan-hobday-richmond-70x100-official.jpg
Fra:1 Mem:280.34M (Peak 333.67M) | Time:00:00.28 | Mem:0.00M, Peak:0.00M | Scene, ViewLayer | Updating Images | Loading wood-upper.png
Fra:1 Mem:280.34M (Peak 333.67M) | Time:00:00.28 | Mem:0.00M, Peak:0.00M | Scene, ViewLayer | Updating Images | Loading rift-6x9.jpg
Fra:1 Mem:307.37M (Peak 377.44M) | Time:00:00.40 | Mem:42.15M, Peak:42.15M | Scene, ViewLayer | Waiting for render to start
Fra:1 Mem:307.37M (Peak 377.44M) | Time:00:00.40 | Mem:42.15M, Peak:42.15M | Scene, ViewLayer | Loading render kernels (may take a few minutes the first time)
Fra:1 Mem:307.37M (Peak 377.44M) | Time:00:00.40 | Mem:42.15M, Peak:42.15M | Scene, ViewLayer | Updating Scene
Fra:1 Mem:307.37M (Peak 377.44M) | Time:00:00.40 | Mem:42.15M, Peak:42.15M | Scene, ViewLayer | Updating Shaders
Fra:1 Mem:307.49M (Peak 377.44M) | Time:00:00.40 | Mem:42.19M, Peak:42.19M | Scene, ViewLayer | Updating Procedurals
Fra:1 Mem:307.49M (Peak 377.44M) | Time:00:00.40 | Mem:42.19M, Peak:42.19M | Scene, ViewLayer | Updating Background
Fra:1 Mem:307.49M (Peak 377.44M) | Time:00:00.40 | Mem:42.19M, Peak:42.19M | Scene, ViewLayer | Updating Camera
Fra:1 Mem:307.49M (Peak 377.44M) | Time:00:00.40 | Mem:42.19M, Peak:42.19M | Scene, ViewLayer | Updating Meshes Flags
Fra:1 Mem:307.49M (Peak 377.44M) | Time:00:00.40 | Mem:42.19M, Peak:42.19M | Scene, ViewLayer | Updating Objects
Fra:1 Mem:307.49M (Peak 377.44M) | Time:00:00.40 | Mem:42.19M, Peak:42.19M | Scene, ViewLayer | Updating Objects | Copying Transformations to device
Fra:1 Mem:307.60M (Peak 377.44M) | Time:00:00.40 | Mem:42.29M, Peak:42.29M | Scene, ViewLayer | Updating Objects | Applying Static Transformations
Fra:1 Mem:307.60M (Peak 377.44M) | Time:00:00.40 | Mem:42.29M, Peak:42.29M | Scene, ViewLayer | Updating Particle Systems
Fra:1 Mem:307.60M (Peak 377.44M) | Time:00:00.40 | Mem:42.29M, Peak:42.29M | Scene, ViewLayer | Updating Particle Systems | Copying Particles to device
Fra:1 Mem:307.60M (Peak 377.44M) | Time:00:00.40 | Mem:42.29M, Peak:42.29M | Scene, ViewLayer | Updating Meshes
Fra:1 Mem:327.80M (Peak 377.44M) | Time:00:00.46 | Mem:42.29M, Peak:42.29M | Scene, ViewLayer | Updating Mesh | Computing attributes
Fra:1 Mem:344.12M (Peak 377.44M) | Time:00:00.47 | Mem:42.31M, Peak:42.31M | Scene, ViewLayer | Updating Mesh | Copying Attributes to device
Fra:1 Mem:344.05M (Peak 377.44M) | Time:00:00.47 | Mem:58.54M, Peak:58.54M | Scene, ViewLayer | Updating Geometry BVH Original FADO source body component 1/1 | Building BVH
Fra:1 Mem:344.05M (Peak 377.44M) | Time:00:00.47 | Mem:59.00M, Peak:59.00M | Scene, ViewLayer | Updating Geometry BVH Original FADO source body component 1/1 | Building BVH 0%
Fra:1 Mem:344.05M (Peak 377.44M) | Time:00:00.47 | Mem:59.45M, Peak:59.90M | Scene, ViewLayer | Updating Scene BVH | Building
Fra:1 Mem:344.06M (Peak 377.44M) | Time:00:00.47 | Mem:59.45M, Peak:59.90M | Scene, ViewLayer | Updating Scene BVH | Building BVH
Fra:1 Mem:344.06M (Peak 377.44M) | Time:00:00.65 | Mem:145.45M, Peak:185.39M | Scene, ViewLayer | Updating Scene BVH | Copying BVH to device
Fra:1 Mem:344.06M (Peak 377.44M) | Time:00:00.65 | Mem:145.45M, Peak:185.39M | Scene, ViewLayer | Updating Mesh | Computing normals
Fra:1 Mem:412.57M (Peak 412.57M) | Time:00:00.69 | Mem:145.45M, Peak:185.39M | Scene, ViewLayer | Updating Mesh | Copying Mesh to device
Fra:1 Mem:412.57M (Peak 412.57M) | Time:00:00.69 | Mem:213.96M, Peak:213.96M | Scene, ViewLayer | Updating Objects Flags
Fra:1 Mem:412.57M (Peak 412.57M) | Time:00:00.69 | Mem:213.97M, Peak:213.97M | Scene, ViewLayer | Updating Primitive Offsets
Fra:1 Mem:412.58M (Peak 412.58M) | Time:00:00.69 | Mem:213.97M, Peak:213.97M | Scene, ViewLayer | Updating Images
Fra:1 Mem:412.58M (Peak 412.58M) | Time:00:00.69 | Mem:213.97M, Peak:213.97M | Scene, ViewLayer | Updating Camera Volume
Fra:1 Mem:412.58M (Peak 412.58M) | Time:00:00.69 | Mem:213.97M, Peak:213.97M | Scene, ViewLayer | Updating Lookup Tables
Fra:1 Mem:412.58M (Peak 412.58M) | Time:00:00.69 | Mem:214.05M, Peak:214.05M | Scene, ViewLayer | Updating Lights
Fra:1 Mem:412.58M (Peak 412.58M) | Time:00:00.69 | Mem:214.05M, Peak:214.05M | Scene, ViewLayer | Updating Lights | Computing tree
Fra:1 Mem:412.65M (Peak 412.65M) | Time:00:00.69 | Mem:214.12M, Peak:214.12M | Scene, ViewLayer | Updating Integrator
Fra:1 Mem:412.65M (Peak 412.65M) | Time:00:00.69 | Mem:214.12M, Peak:214.12M | Scene, ViewLayer | Updating Film
Fra:1 Mem:412.65M (Peak 412.65M) | Time:00:00.69 | Mem:214.04M, Peak:214.12M | Scene, ViewLayer | Updating Lookup Tables
Fra:1 Mem:412.65M (Peak 412.65M) | Time:00:00.69 | Mem:214.12M, Peak:214.12M | Scene, ViewLayer | Updating Baking
Fra:1 Mem:412.65M (Peak 412.65M) | Time:00:00.69 | Mem:214.12M, Peak:214.12M | Scene, ViewLayer | Updating Device | Writing constant memory
Fra:1 Mem:412.66M (Peak 412.66M) | Time:00:00.69 | Mem:214.12M, Peak:214.12M | Scene, ViewLayer | Sample 0/16
Fra:1 Mem:436.50M (Peak 436.50M) | Time:00:02.02 | Remaining:00:19.89 | Mem:237.96M, Peak:237.96M | Scene, ViewLayer | Sample 1/16
Fra:1 Mem:447.09M (Peak 468.27M) | Time:00:21.52 | Mem:237.96M, Peak:237.96M | Scene, ViewLayer | Sample 16/16
Fra:1 Mem:447.09M (Peak 468.27M) | Time:00:21.52 | Mem:237.96M, Peak:237.96M | Scene, ViewLayer | Finished
Saved: '/workspace/his-office-pinterest/variants/c-ink-studio/model/previews/room-a.jpg'
Time: 00:21.76 (Saving: 00:00.23)

VIEW_READY c-ink-studio room-a

Blender quit
