19:20:27 | INFO: Data are loaded, start creating Blender stuff
19:20:27 | INFO: Blender create Mesh node foot_left
19:20:27 | INFO: Blender create Mesh node foot_right
19:20:27 | INFO: Blender create Mesh node leveling_glide_left_front
19:20:27 | INFO: Blender create Mesh node leveling_glide_left_rear
19:20:27 | INFO: Blender create Mesh node leveling_glide_right_front
19:20:27 | INFO: Blender create Mesh node leveling_glide_right_rear
19:20:27 | INFO: Blender create Mesh node cable_door
19:20:27 | INFO: Blender create Mesh node cable_door_brush
19:20:27 | INFO: Blender create Mesh node cable_door_lid
19:20:27 | INFO: Blender create Mesh node control_box
19:20:27 | INFO: Blender create Mesh node desktop
19:20:27 | INFO: Blender create Mesh node desktop_bracket_left
19:20:27 | INFO: Blender create Mesh node desktop_bracket_right
19:20:27 | INFO: Blender create Mesh node felt_cable_organizer
19:20:27 | INFO: Blender create Mesh node frame_cover_left
19:20:27 | INFO: Blender create Mesh node frame_cover_right
19:20:27 | INFO: Blender create Mesh node frame_end_left
19:20:28 | INFO: Blender create Mesh node frame_end_right
19:20:28 | INFO: Blender create Mesh node frame_rail_front
19:20:28 | INFO: Blender create Mesh node frame_rail_rear
19:20:28 | INFO: Blender create Mesh node keypad
19:20:28 | INFO: Blender create Mesh node keypad_controls
19:20:28 | INFO: Blender create Mesh node lifting_column_left_head
19:20:28 | INFO: Blender create Mesh node lifting_column_left_inner_stage
19:20:28 | INFO: Blender create Mesh node lifting_column_right_head
19:20:28 | INFO: Blender create Mesh node lifting_column_right_inner_stage
19:20:28 | INFO: Blender create Mesh node lifting_column_left_middle_stage
19:20:28 | INFO: Blender create Mesh node lifting_column_right_middle_stage
19:20:28 | INFO: Blender create Mesh node lifting_column_left_outer_stage
19:20:29 | INFO: Blender create Mesh node lifting_column_right_outer_stage
19:20:29 | INFO: glTF import finished in 1.59s
ERROR Draco mesh compression is not available because library could not be found at /usr/bin/4.3/python/lib/python3.13/site-packages/libextern_draco.so
19:20:33 | INFO: Starting glTF 2.0 export
19:20:33 | INFO: Extracting primitive: his-office plane mesh.002
19:20:33 | INFO: Primitives created: 1
19:20:33 | INFO: Extracting primitive: his-office plane mesh
19:20:33 | INFO: Primitives created: 1
19:20:33 | INFO: Extracting primitive: Cube.001
19:20:33 | INFO: Primitives created: 1
19:20:33 | INFO: Extracting primitive: Cube.011
19:20:33 | INFO: Primitives created: 1
19:20:33 | INFO: Extracting primitive: Cube.015
19:20:33 | INFO: Primitives created: 1
19:20:33 | INFO: Extracting primitive: Cube
19:20:33 | INFO: Primitives created: 1
19:20:33 | INFO: Extracting primitive: Cube.002
19:20:33 | INFO: Primitives created: 1
19:20:33 | INFO: Extracting primitive: Cube.007
19:20:33 | INFO: Primitives created: 1
19:20:33 | INFO: Extracting primitive: Cube.008
19:20:33 | INFO: Primitives created: 1
19:20:33 | INFO: Extracting primitive: Cube.009
19:20:33 | INFO: Primitives created: 1
19:20:33 | INFO: Extracting primitive: Cube.010
19:20:33 | INFO: Primitives created: 1
19:20:33 | INFO: Extracting primitive: Cube.012
19:20:33 | INFO: Primitives created: 1
19:20:33 | INFO: Extracting primitive: Cube.030
19:20:33 | INFO: Primitives created: 1
19:20:33 | INFO: Extracting primitive: Cube.031
19:20:33 | INFO: Primitives created: 1
19:20:33 | INFO: Extracting primitive: Cube.032
19:20:33 | INFO: Primitives created: 1
19:20:33 | INFO: Extracting primitive: Cube.033
19:20:33 | INFO: Primitives created: 1
19:20:33 | INFO: Extracting primitive: Cube.044
19:20:33 | INFO: Primitives created: 1
19:20:33 | INFO: Extracting primitive: Cube.045
19:20:33 | INFO: Primitives created: 1
19:20:33 | INFO: Extracting primitive: Cube.046
19:20:33 | INFO: Primitives created: 1
19:20:33 | INFO: Extracting primitive: Cube.047
19:20:33 | INFO: Primitives created: 1
19:20:33 | INFO: Extracting primitive: Cube.083
19:20:33 | INFO: Primitives created: 1
19:20:33 | INFO: Extracting primitive: Cube.084
19:20:33 | INFO: Primitives created: 1
19:20:33 | INFO: Extracting primitive: Cube.014
19:20:33 | INFO: Primitives created: 1
19:20:33 | INFO: Extracting primitive: Cube.016
19:20:33 | INFO: Primitives created: 1
19:20:33 | INFO: Extracting primitive: Cube.024
19:20:33 | INFO: Primitives created: 1
19:20:33 | INFO: Extracting primitive: Cube.025
19:20:33 | INFO: Primitives created: 1
19:20:33 | INFO: Extracting primitive: Cube.026
19:20:33 | INFO: Primitives created: 1
19:20:33 | INFO: Extracting primitive: Cube.027
19:20:33 | INFO: Primitives created: 1
19:20:33 | INFO: Extracting primitive: Cube.028
19:20:33 | INFO: Primitives created: 1
19:20:33 | INFO: Extracting primitive: Cube.029
19:20:33 | INFO: Primitives created: 1
19:20:33 | INFO: Extracting primitive: Cube.034
19:20:33 | INFO: Primitives created: 1
19:20:33 | INFO: Extracting primitive: Cube.035
19:20:33 | INFO: Primitives created: 1
19:20:33 | INFO: Extracting primitive: Cube.036
19:20:33 | INFO: Primitives created: 1
19:20:33 | INFO: Extracting primitive: Cube.037
19:20:33 | INFO: Primitives created: 1
19:20:33 | INFO: Extracting primitive: Cube.038
19:20:33 | INFO: Primitives created: 1
19:20:33 | INFO: Extracting primitive: Cube.039
19:20:33 | INFO: Primitives created: 1
19:20:33 | INFO: Extracting primitive: Cube.040
19:20:33 | INFO: Primitives created: 1
19:20:33 | INFO: Extracting primitive: Cube.042
19:20:33 | INFO: Primitives created: 1
19:20:33 | INFO: Extracting primitive: Cube.043
19:20:33 | INFO: Primitives created: 1
19:20:33 | INFO: Extracting primitive: Cube.048
19:20:33 | INFO: Primitives created: 1
19:20:33 | INFO: Extracting primitive: Cube.049
19:20:33 | INFO: Primitives created: 1
19:20:33 | INFO: Extracting primitive: Cube.050
19:20:33 | INFO: Primitives created: 1
19:20:33 | INFO: Extracting primitive: Cube.053
19:20:33 | INFO: Primitives created: 1
19:20:33 | INFO: Extracting primitive: Cube.054
19:20:33 | INFO: Primitives created: 1
19:20:33 | INFO: Extracting primitive: Cube.055
19:20:33 | INFO: Primitives created: 1
19:20:33 | INFO: Extracting primitive: Cube.063
19:20:33 | INFO: Primitives created: 1
19:20:33 | INFO: Extracting primitive: Cube.064
19:20:33 | INFO: Primitives created: 1
19:20:33 | INFO: Extracting primitive: Cube.065
19:20:33 | INFO: Primitives created: 1
19:20:33 | INFO: Extracting primitive: Cube.066
19:20:33 | INFO: Primitives created: 1
19:20:33 | INFO: Extracting primitive: Cube.067
19:20:33 | INFO: Primitives created: 1
19:20:33 | INFO: Extracting primitive: Cube.068
19:20:33 | INFO: Primitives created: 1
19:20:33 | INFO: Extracting primitive: Cube.069
19:20:33 | INFO: Primitives created: 1
19:20:33 | INFO: Extracting primitive: Cube.070
19:20:33 | INFO: Primitives created: 1
19:20:33 | INFO: Extracting primitive: Cube.071
19:20:33 | INFO: Primitives created: 1
19:20:33 | INFO: Extracting primitive: Cube.072
19:20:33 | INFO: Primitives created: 1
19:20:33 | INFO: Extracting primitive: Cube.073
19:20:33 | INFO: Primitives created: 1
19:20:33 | INFO: Extracting primitive: Cube.074
19:20:33 | INFO: Primitives created: 1
19:20:33 | INFO: Extracting primitive: Cube.075
19:20:33 | INFO: Primitives created: 1
19:20:33 | INFO: Extracting primitive: Cube.076
19:20:33 | INFO: Primitives created: 1
19:20:33 | INFO: Extracting primitive: Cube.077
19:20:33 | INFO: Primitives created: 1
19:20:33 | INFO: Extracting primitive: Cube.078
19:20:33 | INFO: Primitives created: 1
19:20:33 | INFO: Extracting primitive: Cube.079
19:20:33 | INFO: Primitives created: 1
19:20:33 | INFO: Extracting primitive: Cube.080
19:20:33 | INFO: Primitives created: 1
19:20:33 | INFO: Extracting primitive: Cube.081
19:20:33 | INFO: Primitives created: 1
19:20:33 | INFO: Extracting primitive: Cube.082
19:20:33 | INFO: Primitives created: 1
19:20:33 | INFO: Extracting primitive: Cylinder.003
19:20:33 | INFO: Primitives created: 1
19:20:33 | INFO: Extracting primitive: Observed recessed white arched fireplace infill
19:20:33 | INFO: Primitives created: 1
19:20:33 | INFO: Extracting primitive: Cube.085
19:20:33 | INFO: Primitives created: 1
19:20:33 | INFO: Extracting primitive: Cube.086
19:20:33 | INFO: Primitives created: 1
19:20:33 | INFO: Extracting primitive: Cube.133
19:20:33 | INFO: Primitives created: 1
19:20:33 | INFO: Extracting primitive: Cube.134
19:20:33 | INFO: Primitives created: 1
19:20:33 | INFO: Extracting primitive: Cube.143
19:20:33 | INFO: Primitives created: 1
19:20:33 | INFO: Extracting primitive: Cube.144
19:20:33 | INFO: Primitives created: 1
19:20:33 | INFO: Extracting primitive: Cube.145
19:20:33 | INFO: Primitives created: 1
19:20:33 | INFO: Extracting primitive: Cube.146
19:20:33 | INFO: Primitives created: 1
19:20:33 | INFO: Extracting primitive: Cube.147
19:20:33 | INFO: Primitives created: 1
19:20:33 | INFO: Extracting primitive: Cube.148
19:20:33 | INFO: Primitives created: 1
19:20:33 | INFO: Extracting primitive: Cube.135
19:20:33 | INFO: Primitives created: 1
19:20:33 | INFO: Extracting primitive: Cube.136
19:20:33 | INFO: Primitives created: 1
19:20:33 | INFO: Extracting primitive: Cube.137
19:20:33 | INFO: Primitives created: 1
19:20:33 | INFO: Extracting primitive: Cube.138
19:20:33 | INFO: Primitives created: 1
19:20:33 | INFO: Extracting primitive: Cube.139
19:20:33 | INFO: Primitives created: 1
19:20:33 | INFO: Extracting primitive: Cube.140
19:20:33 | INFO: Primitives created: 1
19:20:33 | INFO: Extracting primitive: Cube.141
19:20:33 | INFO: Primitives created: 1
19:20:33 | INFO: Extracting primitive: Cube.142
19:20:33 | INFO: Primitives created: 1
19:20:33 | INFO: Extracting primitive: Cube.149
19:20:33 | INFO: Primitives created: 1
19:20:33 | INFO: Extracting primitive: Cube.150
19:20:33 | INFO: Primitives created: 1
19:20:33 | INFO: Extracting primitive: Cube.159
19:20:33 | INFO: Primitives created: 1
19:20:33 | INFO: Extracting primitive: Cube.160
19:20:33 | INFO: Primitives created: 1
19:20:33 | INFO: Extracting primitive: Cube.161
19:20:33 | INFO: Primitives created: 1
19:20:33 | INFO: Extracting primitive: Cube.162
19:20:33 | INFO: Primitives created: 1
19:20:33 | INFO: Extracting primitive: Cube.163
19:20:33 | INFO: Primitives created: 1
19:20:33 | INFO: Extracting primitive: Cube.164
19:20:33 | INFO: Primitives created: 1
19:20:33 | INFO: Extracting primitive: Cube.151
19:20:33 | INFO: Primitives created: 1
19:20:33 | INFO: Extracting primitive: Cube.152
19:20:33 | INFO: Primitives created: 1
19:20:33 | INFO: Extracting primitive: Cube.153
19:20:33 | INFO: Primitives created: 1
19:20:33 | INFO: Extracting primitive: Cube.154
19:20:33 | INFO: Primitives created: 1
19:20:33 | INFO: Extracting primitive: Cube.155
19:20:33 | INFO: Primitives created: 1
19:20:33 | INFO: Extracting primitive: Cube.156
19:20:33 | INFO: Primitives created: 1
19:20:33 | INFO: Extracting primitive: Cube.157
19:20:33 | INFO: Primitives created: 1
19:20:33 | INFO: Extracting primitive: Cube.158
19:20:33 | INFO: Primitives created: 1
19:20:33 | INFO: Extracting primitive: Cube.165
19:20:33 | INFO: Primitives created: 1
19:20:33 | INFO: Extracting primitive: Cube.166
19:20:33 | INFO: Primitives created: 1
19:20:33 | INFO: Extracting primitive: Cube.175
19:20:33 | INFO: Primitives created: 1
19:20:33 | INFO: Extracting primitive: Cube.176
19:20:33 | INFO: Primitives created: 1
19:20:33 | INFO: Extracting primitive: Cube.177
19:20:33 | INFO: Primitives created: 1
19:20:33 | INFO: Extracting primitive: Cube.178
19:20:33 | INFO: Primitives created: 1
19:20:33 | INFO: Extracting primitive: Cube.179
19:20:33 | INFO: Primitives created: 1
19:20:33 | INFO: Extracting primitive: Cube.180
19:20:33 | INFO: Primitives created: 1
19:20:33 | INFO: Extracting primitive: Cube.167
19:20:33 | INFO: Primitives created: 1
19:20:33 | INFO: Extracting primitive: Cube.168
19:20:33 | INFO: Primitives created: 1
19:20:33 | INFO: Extracting primitive: Cube.169
19:20:33 | INFO: Primitives created: 1
19:20:33 | INFO: Extracting primitive: Cube.170
19:20:33 | INFO: Primitives created: 1
19:20:33 | INFO: Extracting primitive: Cube.171
19:20:33 | INFO: Primitives created: 1
19:20:33 | INFO: Extracting primitive: Cube.172
19:20:33 | INFO: Primitives created: 1
19:20:33 | INFO: Extracting primitive: Cube.173
19:20:33 | INFO: Primitives created: 1
19:20:33 | INFO: Extracting primitive: Cube.174
19:20:33 | INFO: Primitives created: 1
19:20:33 | INFO: Finished glTF 2.0 export in 0.31690263748168945 s

19:20:33 | INFO: Starting glTF 2.0 export
19:20:33 | INFO: Extracting primitive: Cube.041
19:20:33 | INFO: Primitives created: 1
19:20:33 | INFO: Extracting primitive: Cylinder
19:20:33 | INFO: Primitives created: 1
19:20:33 | INFO: Extracting primitive: Cube.051
19:20:33 | INFO: Primitives created: 1
19:20:33 | INFO: Extracting primitive: Cube.052
19:20:33 | INFO: Primitives created: 1
19:20:33 | INFO: Extracting primitive: Cube.056
19:20:33 | INFO: Primitives created: 1
19:20:33 | INFO: Extracting primitive: Cube.057
19:20:33 | INFO: Primitives created: 1
19:20:33 | INFO: Extracting primitive: Cube.058
19:20:33 | INFO: Primitives created: 1
19:20:33 | INFO: Extracting primitive: Cube.059
19:20:33 | INFO: Primitives created: 1
19:20:33 | INFO: Extracting primitive: Cube.060
19:20:33 | INFO: Primitives created: 1
19:20:33 | INFO: Extracting primitive: Cube.061
19:20:33 | INFO: Primitives created: 1
19:20:33 | INFO: Extracting primitive: Cube.062
19:20:33 | INFO: Primitives created: 1
19:20:33 | INFO: Extracting primitive: Cylinder.001
19:20:33 | INFO: Primitives created: 1
19:20:33 | INFO: Extracting primitive: Cylinder.002
19:20:33 | INFO: Primitives created: 1
19:20:33 | INFO: Finished glTF 2.0 export in 0.034203290939331055 s

19:20:33 | INFO: Starting glTF 2.0 export
19:20:33 | INFO: Extracting primitive: Cylinder.023
19:20:33 | INFO: Primitives created: 1
19:20:33 | INFO: Extracting primitive: Cylinder.025
19:20:33 | INFO: Primitives created: 1
19:20:33 | INFO: Extracting primitive: Cube.102
19:20:33 | INFO: Primitives created: 1
19:20:33 | INFO: Extracting primitive: 00473546-ALEX002.001
19:20:33 | INFO: Primitives created: 1
19:20:33 | INFO: Extracting primitive: Cylinder.022
19:20:33 | INFO: Primitives created: 1
19:20:33 | INFO: Extracting primitive: Cylinder.024
19:20:33 | INFO: Primitives created: 1
19:20:33 | INFO: Extracting primitive: ProcessedGeometry.004
19:20:33 | INFO: Primitives created: 1
19:20:33 | INFO: Extracting primitive: ProcessedGeometry.005
19:20:33 | INFO: Primitives created: 1
19:20:33 | INFO: Extracting primitive: ProcessedGeometry.006
19:20:33 | INFO: Primitives created: 1
19:20:33 | INFO: Extracting primitive: ProcessedGeometry.007
19:20:33 | INFO: Primitives created: 1
19:20:33 | INFO: Extracting primitive: rug::official6x9 flatwoven textile
19:20:33 | INFO: Primitives created: 1
19:20:33 | INFO: Extracting primitive: Cube.106
19:20:33 | INFO: Primitives created: 1
19:20:33 | INFO: Extracting primitive: Cube.111
19:20:33 | INFO: Primitives created: 1
19:20:33 | INFO: Extracting primitive: Cube.112
19:20:33 | INFO: Primitives created: 1
19:20:33 | INFO: Extracting primitive: Cube.110
19:20:33 | INFO: Primitives created: 1
19:20:33 | INFO: Extracting primitive: Cylinder.107
19:20:33 | INFO: Primitives created: 1
19:20:33 | INFO: Extracting primitive: Cube.109
19:20:33 | INFO: Primitives created: 1
19:20:33 | INFO: Extracting primitive: Cylinder.035
19:20:33 | INFO: Primitives created: 1
19:20:33 | INFO: Extracting primitive: Cylinder.036
19:20:33 | INFO: Primitives created: 1
19:20:33 | INFO: Extracting primitive: Cylinder.037
19:20:33 | INFO: Primitives created: 1
19:20:33 | INFO: Extracting primitive: Cylinder.038
19:20:33 | INFO: Primitives created: 1
19:20:33 | INFO: Extracting primitive: Cylinder.041
19:20:33 | INFO: Primitives created: 1
19:20:33 | INFO: Extracting primitive: Cylinder.042
19:20:33 | INFO: Primitives created: 1
19:20:33 | INFO: Extracting primitive: Cylinder.039
19:20:33 | INFO: Primitives created: 1
19:20:33 | INFO: Extracting primitive: Cylinder.040
19:20:33 | INFO: Primitives created: 1
19:20:33 | INFO: Extracting primitive: Cylinder.043
19:20:33 | INFO: Primitives created: 1
19:20:33 | INFO: Extracting primitive: Cylinder.044
19:20:33 | INFO: Primitives created: 1
19:20:33 | INFO: Extracting primitive: Cylinder.045
19:20:33 | INFO: Primitives created: 1
19:20:33 | INFO: Extracting primitive: Cylinder.046
19:20:33 | INFO: Primitives created: 1
19:20:33 | INFO: Extracting primitive: Cylinder.047
19:20:33 | INFO: Primitives created: 1
19:20:33 | INFO: Extracting primitive: Cylinder.048
19:20:33 | INFO: Primitives created: 1
19:20:33 | INFO: Extracting primitive: Cylinder.049
19:20:33 | INFO: Primitives created: 1
19:20:33 | INFO: Extracting primitive: Cylinder.050
19:20:33 | INFO: Primitives created: 1
19:20:33 | INFO: Extracting primitive: Cylinder.051
19:20:33 | INFO: Primitives created: 1
19:20:33 | INFO: Extracting primitive: Cylinder.052
19:20:33 | INFO: Primitives created: 1
19:20:33 | INFO: Extracting primitive: Cylinder.053
19:20:33 | INFO: Primitives created: 1
19:20:33 | INFO: Extracting primitive: Cylinder.054
19:20:33 | INFO: Primitives created: 1
19:20:33 | INFO: Extracting primitive: Cylinder.055
19:20:33 | INFO: Primitives created: 1
19:20:33 | INFO: Extracting primitive: Cylinder.056
19:20:33 | INFO: Primitives created: 1
19:20:33 | INFO: Extracting primitive: Cylinder.057
19:20:33 | INFO: Primitives created: 1
19:20:33 | INFO: Extracting primitive: Cylinder.058
19:20:33 | INFO: Primitives created: 1
19:20:33 | INFO: Extracting primitive: Cylinder.059
19:20:33 | INFO: Primitives created: 1
19:20:33 | INFO: Extracting primitive: Cylinder.060
19:20:33 | INFO: Primitives created: 1
19:20:33 | INFO: Extracting primitive: Cylinder.061
19:20:33 | INFO: Primitives created: 1
19:20:33 | INFO: Extracting primitive: Cylinder.062
19:20:33 | INFO: Primitives created: 1
19:20:33 | INFO: Extracting primitive: Cylinder.065
19:20:33 | INFO: Primitives created: 1
19:20:33 | INFO: Extracting primitive: Cylinder.066
19:20:33 | INFO: Primitives created: 1
19:20:33 | INFO: Extracting primitive: Cylinder.063
19:20:33 | INFO: Primitives created: 1
19:20:33 | INFO: Extracting primitive: Cylinder.064
19:20:33 | INFO: Primitives created: 1
19:20:33 | INFO: Extracting primitive: Cylinder.067
19:20:33 | INFO: Primitives created: 1
19:20:33 | INFO: Extracting primitive: Cylinder.068
19:20:33 | INFO: Primitives created: 1
19:20:33 | INFO: Extracting primitive: Cylinder.069
19:20:33 | INFO: Primitives created: 1
19:20:33 | INFO: Extracting primitive: Cylinder.070
19:20:33 | INFO: Primitives created: 1
19:20:33 | INFO: Extracting primitive: Cylinder.071
19:20:33 | INFO: Primitives created: 1
19:20:33 | INFO: Extracting primitive: Cylinder.072
19:20:33 | INFO: Primitives created: 1
19:20:33 | INFO: Extracting primitive: Cylinder.073
19:20:33 | INFO: Primitives created: 1
19:20:33 | INFO: Extracting primitive: Cylinder.074
19:20:33 | INFO: Primitives created: 1
19:20:33 | INFO: Extracting primitive: Cylinder.075
19:20:33 | INFO: Primitives created: 1
19:20:33 | INFO: Extracting primitive: Cylinder.076
19:20:33 | INFO: Primitives created: 1
19:20:33 | INFO: Extracting primitive: Cylinder.077
19:20:33 | INFO: Primitives created: 1
19:20:33 | INFO: Extracting primitive: Cylinder.078
19:20:33 | INFO: Primitives created: 1
19:20:33 | INFO: Extracting primitive: Cylinder.079
19:20:33 | INFO: Primitives created: 1
19:20:33 | INFO: Extracting primitive: Cylinder.080
19:20:33 | INFO: Primitives created: 1
19:20:33 | INFO: Extracting primitive: Cylinder.081
19:20:33 | INFO: Primitives created: 1
19:20:33 | INFO: Extracting primitive: Cylinder.082
19:20:33 | INFO: Primitives created: 1
19:20:33 | INFO: Extracting primitive: Cylinder.083
19:20:33 | INFO: Primitives created: 1
19:20:33 | INFO: Extracting primitive: Cylinder.084
19:20:33 | INFO: Primitives created: 1
19:20:33 | INFO: Extracting primitive: Cylinder.085
19:20:33 | INFO: Primitives created: 1
19:20:33 | INFO: Extracting primitive: Cylinder.086
19:20:33 | INFO: Primitives created: 1
19:20:33 | INFO: Extracting primitive: Cylinder.089
19:20:33 | INFO: Primitives created: 1
19:20:33 | INFO: Extracting primitive: Cylinder.090
19:20:33 | INFO: Primitives created: 1
19:20:33 | INFO: Extracting primitive: Cylinder.087
19:20:33 | INFO: Primitives created: 1
19:20:33 | INFO: Extracting primitive: Cylinder.088
19:20:33 | INFO: Primitives created: 1
19:20:33 | INFO: Extracting primitive: Cylinder.091
19:20:33 | INFO: Primitives created: 1
19:20:33 | INFO: Extracting primitive: Cylinder.092
19:20:33 | INFO: Primitives created: 1
19:20:33 | INFO: Extracting primitive: Cylinder.093
19:20:33 | INFO: Primitives created: 1
19:20:33 | INFO: Extracting primitive: Cylinder.094
19:20:33 | INFO: Primitives created: 1
19:20:33 | INFO: Extracting primitive: Cylinder.095
19:20:33 | INFO: Primitives created: 1
19:20:33 | INFO: Extracting primitive: Cylinder.096
19:20:33 | INFO: Primitives created: 1
19:20:33 | INFO: Extracting primitive: Cylinder.097
19:20:33 | INFO: Primitives created: 1
19:20:33 | INFO: Extracting primitive: Cylinder.098
19:20:33 | INFO: Primitives created: 1
19:20:33 | INFO: Extracting primitive: Cylinder.099
19:20:33 | INFO: Primitives created: 1
19:20:33 | INFO: Extracting primitive: Cylinder.100
19:20:33 | INFO: Primitives created: 1
19:20:33 | INFO: Extracting primitive: Cylinder.101
19:20:33 | INFO: Primitives created: 1
19:20:33 | INFO: Extracting primitive: Cylinder.102
19:20:33 | INFO: Primitives created: 1
19:20:33 | INFO: Extracting primitive: Cylinder.103
19:20:33 | INFO: Primitives created: 1
19:20:33 | INFO: Extracting primitive: Cylinder.104
19:20:33 | INFO: Primitives created: 1
19:20:33 | INFO: Extracting primitive: Cylinder.105
19:20:33 | INFO: Primitives created: 1
19:20:33 | INFO: Extracting primitive: Cylinder.106
19:20:33 | INFO: Primitives created: 1
19:20:33 | INFO: Extracting primitive: Cube.099
19:20:33 | INFO: Primitives created: 1
19:20:33 | INFO: Extracting primitive: Cube.100
19:20:33 | INFO: Primitives created: 1
19:20:33 | INFO: Extracting primitive: Cube.097
19:20:33 | INFO: Primitives created: 1
19:20:33 | INFO: Extracting primitive: Cube.098
19:20:33 | INFO: Primitives created: 1
19:20:33 | INFO: Extracting primitive: Cube.095
19:20:33 | INFO: Primitives created: 1
19:20:33 | INFO: Extracting primitive: Cube.096
19:20:33 | INFO: Primitives created: 1
19:20:33 | INFO: Extracting primitive: Cylinder.008
19:20:33 | INFO: Primitives created: 1
19:20:33 | INFO: Extracting primitive: Cube.094
19:20:33 | INFO: Primitives created: 1
19:20:33 | INFO: Extracting primitive: Cube.091
19:20:33 | INFO: Primitives created: 1
19:20:33 | INFO: Extracting primitive: Cube.092
19:20:33 | INFO: Primitives created: 1
19:20:33 | INFO: Extracting primitive: Cube.093
19:20:33 | INFO: Primitives created: 1
19:20:33 | INFO: Extracting primitive: Sphere.010
19:20:33 | INFO: Primitives created: 1
19:20:33 | INFO: Extracting primitive: Sphere.011
19:20:33 | INFO: Primitives created: 1
19:20:33 | INFO: Extracting primitive: Sphere.012
19:20:33 | INFO: Primitives created: 1
19:20:33 | INFO: Extracting primitive: Cylinder.010
19:20:33 | INFO: Primitives created: 1
19:20:33 | INFO: Extracting primitive: Cylinder.009
19:20:33 | INFO: Primitives created: 1
19:20:33 | INFO: Extracting primitive: Sphere.008
19:20:33 | INFO: Primitives created: 1
19:20:33 | INFO: Extracting primitive: arched hollow condo wall
19:20:33 | INFO: Primitives created: 2
19:20:33 | INFO: Extracting primitive: Brown fleece suspended bowl hammock
19:20:33 | INFO: Primitives created: 1
19:20:33 | INFO: Extracting primitive: Hanging pom-pom cord
19:20:33 | INFO: Primitives created: 1
19:20:33 | INFO: Extracting primitive: Hanging pom-pom cord.001
19:20:33 | INFO: Primitives created: 1
19:20:33 | INFO: Extracting primitive: Hanging pom-pom cord.002
19:20:33 | INFO: Primitives created: 1
19:20:33 | INFO: Extracting primitive: High side wicker basket crossing wicker strands
19:20:33 | INFO: Primitives created: 1
19:20:33 | INFO: Extracting primitive: High side wicker basket woven horizontal courses
19:20:33 | INFO: Primitives created: 1
19:20:33 | INFO: Extracting primitive: Low side wicker basket crossing wicker strands
19:20:33 | INFO: Primitives created: 1
19:20:33 | INFO: Extracting primitive: Low side wicker basket woven horizontal courses
19:20:33 | INFO: Primitives created: 1
19:20:33 | INFO: Extracting primitive: Sisal rope winding
19:20:33 | INFO: Primitives created: 1
19:20:33 | INFO: Extracting primitive: Sisal rope winding.001
19:20:33 | INFO: Primitives created: 1
19:20:33 | INFO: Extracting primitive: Sisal rope winding.002
19:20:33 | INFO: Primitives created: 1
19:20:33 | INFO: Extracting primitive: Thick fleece hammock rim
19:20:33 | INFO: Primitives created: 1
19:20:33 | INFO: Extracting primitive: Top wicker basket crossing wicker strands
19:20:33 | INFO: Primitives created: 1
19:20:33 | INFO: Extracting primitive: Top wicker basket woven horizontal courses
19:20:33 | INFO: Primitives created: 1
19:20:33 | INFO: Extracting primitive: Sphere.009
19:20:33 | INFO: Primitives created: 1
19:20:33 | INFO: Extracting primitive: Cylinder.011
19:20:33 | INFO: Primitives created: 1
19:20:33 | INFO: Extracting primitive: Cylinder.012
19:20:33 | INFO: Primitives created: 1
19:20:33 | INFO: Extracting primitive: Cylinder.013
19:20:33 | INFO: Primitives created: 1
19:20:33 | INFO: Extracting primitive: Cylinder.014
19:20:33 | INFO: Primitives created: 1
19:20:33 | INFO: Extracting primitive: Cylinder.015
19:20:33 | INFO: Primitives created: 1
19:20:33 | INFO: Extracting primitive: Cylinder.016
19:20:33 | INFO: Primitives created: 1
19:20:33 | INFO: Extracting primitive: Cylinder.017
19:20:33 | INFO: Primitives created: 1
19:20:33 | INFO: Extracting primitive: Cylinder.018
19:20:33 | INFO: Primitives created: 1
19:20:33 | INFO: Extracting primitive: Cylinder.019
19:20:33 | INFO: Primitives created: 1
19:20:33 | INFO: Extracting primitive: Cylinder.020
19:20:33 | INFO: Primitives created: 1
19:20:33 | INFO: Extracting primitive: Cylinder.021
19:20:33 | INFO: Primitives created: 1
19:20:33 | INFO: Extracting primitive: Sphere
19:20:33 | INFO: Primitives created: 1
19:20:33 | INFO: Extracting primitive: Sphere.001
19:20:33 | INFO: Primitives created: 1
19:20:33 | INFO: Extracting primitive: Sphere.002
19:20:33 | INFO: Primitives created: 1
19:20:33 | INFO: Extracting primitive: Sphere.003
19:20:33 | INFO: Primitives created: 1
19:20:33 | INFO: Extracting primitive: Sphere.004
19:20:33 | INFO: Primitives created: 1
19:20:33 | INFO: Extracting primitive: Sphere.005
19:20:33 | INFO: Primitives created: 1
19:20:33 | INFO: Extracting primitive: Sphere.006
19:20:33 | INFO: Primitives created: 1
19:20:33 | INFO: Extracting primitive: Sphere.007
19:20:33 | INFO: Primitives created: 1
19:20:33 | INFO: Extracting primitive: Cube.101
19:20:33 | INFO: Primitives created: 1
19:20:33 | INFO: Extracting primitive: Mesh_1.001
19:20:33 | WARNING: More than one shader node tex image used for a texture. The resulting glTF sampler will behave like the first shader node tex image.
19:20:33 | INFO: Primitives created: 1
19:20:33 | INFO: Extracting primitive: Mesh_0.001
19:20:33 | WARNING: More than one shader node tex image used for a texture. The resulting glTF sampler will behave like the first shader node tex image.
19:20:34 | INFO: Primitives created: 1
19:20:34 | INFO: Extracting primitive: cable_door.001
19:20:34 | INFO: Primitives created: 1
19:20:34 | INFO: Extracting primitive: cable_door_brush.001
19:20:34 | INFO: Primitives created: 1
19:20:34 | INFO: Extracting primitive: cable_door_lid.001
19:20:34 | INFO: Primitives created: 1
19:20:34 | INFO: Extracting primitive: control_box.001
19:20:34 | INFO: Primitives created: 1
19:20:34 | INFO: Extracting primitive: desktop.001
19:20:34 | INFO: Primitives created: 1
19:20:34 | INFO: Extracting primitive: desktop_bracket_left.001
19:20:34 | INFO: Primitives created: 1
19:20:34 | INFO: Extracting primitive: desktop_bracket_right.001
19:20:34 | INFO: Primitives created: 1
19:20:34 | INFO: Extracting primitive: felt_cable_organizer.001
19:20:34 | INFO: Primitives created: 1
19:20:34 | INFO: Extracting primitive: foot_left.001
19:20:34 | INFO: Primitives created: 1
19:20:34 | INFO: Extracting primitive: foot_right.001
19:20:34 | INFO: Primitives created: 1
19:20:34 | INFO: Extracting primitive: frame_cover_left.001
19:20:34 | INFO: Primitives created: 1
19:20:34 | INFO: Extracting primitive: frame_cover_right.001
19:20:34 | INFO: Primitives created: 1
19:20:34 | INFO: Extracting primitive: frame_end_left.001
19:20:34 | INFO: Primitives created: 1
19:20:34 | INFO: Extracting primitive: frame_end_right.001
19:20:34 | INFO: Primitives created: 1
19:20:34 | INFO: Extracting primitive: frame_rail_front.001
19:20:34 | INFO: Primitives created: 1
19:20:34 | INFO: Extracting primitive: frame_rail_rear.001
19:20:34 | INFO: Primitives created: 1
19:20:34 | INFO: Extracting primitive: keypad.001
19:20:34 | INFO: Primitives created: 1
19:20:34 | INFO: Extracting primitive: keypad_controls.001
19:20:34 | INFO: Primitives created: 1
19:20:34 | INFO: Extracting primitive: leveling_glide_left_front.001
19:20:34 | INFO: Primitives created: 1
19:20:34 | INFO: Extracting primitive: leveling_glide_left_rear.001
19:20:34 | INFO: Primitives created: 1
19:20:34 | INFO: Extracting primitive: leveling_glide_right_front.001
19:20:34 | INFO: Primitives created: 1
19:20:34 | INFO: Extracting primitive: leveling_glide_right_rear.001
19:20:34 | INFO: Primitives created: 1
19:20:34 | INFO: Extracting primitive: lifting_column_left_head.001
19:20:34 | INFO: Primitives created: 1
19:20:34 | INFO: Extracting primitive: lifting_column_left_inner_stage.001
19:20:34 | INFO: Primitives created: 1
19:20:34 | INFO: Extracting primitive: lifting_column_left_middle_stage.001
19:20:34 | INFO: Primitives created: 1
19:20:34 | INFO: Extracting primitive: lifting_column_left_outer_stage.001
19:20:34 | INFO: Primitives created: 1
19:20:34 | INFO: Extracting primitive: lifting_column_right_head.001
19:20:34 | INFO: Primitives created: 1
19:20:34 | INFO: Extracting primitive: lifting_column_right_inner_stage.001
19:20:34 | INFO: Primitives created: 1
19:20:34 | INFO: Extracting primitive: lifting_column_right_middle_stage.001
19:20:34 | INFO: Primitives created: 1
19:20:34 | INFO: Extracting primitive: lifting_column_right_outer_stage.001
19:20:35 | INFO: Primitives created: 1
19:20:35 | INFO: Extracting primitive: Cylinder.115
19:20:35 | INFO: Primitives created: 1
19:20:35 | INFO: Extracting primitive: Cylinder.116
19:20:35 | INFO: Primitives created: 1
19:20:35 | INFO: Extracting primitive: Cube.123
19:20:35 | INFO: Primitives created: 1
19:20:35 | INFO: Extracting primitive: Cylinder.117
19:20:35 | INFO: Primitives created: 1
19:20:35 | INFO: Extracting primitive: Cylinder.118
19:20:35 | INFO: Primitives created: 1
19:20:35 | INFO: Extracting primitive: Cube.124
19:20:35 | INFO: Primitives created: 1
19:20:35 | INFO: Extracting primitive: Cube.125
19:20:35 | INFO: Primitives created: 1
19:20:35 | INFO: Extracting primitive: Cube.126
19:20:35 | INFO: Primitives created: 1
19:20:35 | INFO: Extracting primitive: Cube.127
19:20:35 | INFO: Primitives created: 1
19:20:35 | INFO: Extracting primitive: Cube.128
19:20:35 | INFO: Primitives created: 1
19:20:35 | INFO: Extracting primitive: Cylinder.119
19:20:35 | INFO: Primitives created: 1
19:20:35 | INFO: Extracting primitive: Cylinder.120
19:20:35 | INFO: Primitives created: 1
19:20:35 | INFO: Extracting primitive: Cube.130
19:20:35 | INFO: Primitives created: 1
19:20:35 | INFO: Extracting primitive: Cube.131
19:20:35 | INFO: Primitives created: 1
19:20:35 | INFO: Extracting primitive: Cube.132
19:20:35 | INFO: Primitives created: 1
19:20:35 | INFO: Extracting primitive: Cube.129
19:20:35 | INFO: Primitives created: 1
19:20:35 | INFO: Extracting primitive: Richmond native100x70 full source paper
19:20:35 | INFO: Primitives created: 1
19:20:35 | INFO: Finished glTF 2.0 export in 1.6811153888702393 s

19:20:35 | INFO: Starting glTF 2.0 export
19:20:35 | INFO: Extracting primitive: his-office plane mesh.002
19:20:35 | INFO: Primitives created: 1
19:20:35 | INFO: Extracting primitive: his-office plane mesh
19:20:35 | INFO: Primitives created: 1
19:20:35 | INFO: Extracting primitive: Cube.001
19:20:35 | INFO: Primitives created: 1
19:20:35 | INFO: Extracting primitive: Cube.011
19:20:35 | INFO: Primitives created: 1
19:20:35 | INFO: Extracting primitive: Cube.015
19:20:35 | INFO: Primitives created: 1
19:20:35 | INFO: Extracting primitive: Cube
19:20:35 | INFO: Primitives created: 1
19:20:35 | INFO: Extracting primitive: Cube.002
19:20:35 | INFO: Primitives created: 1
19:20:35 | INFO: Extracting primitive: Cube.007
19:20:35 | INFO: Primitives created: 1
19:20:35 | INFO: Extracting primitive: Cube.008
19:20:35 | INFO: Primitives created: 1
19:20:35 | INFO: Extracting primitive: Cube.009
19:20:35 | INFO: Primitives created: 1
19:20:35 | INFO: Extracting primitive: Cube.010
19:20:35 | INFO: Primitives created: 1
19:20:35 | INFO: Extracting primitive: Cube.012
19:20:35 | INFO: Primitives created: 1
19:20:35 | INFO: Extracting primitive: Cube.030
19:20:35 | INFO: Primitives created: 1
19:20:35 | INFO: Extracting primitive: Cube.031
19:20:35 | INFO: Primitives created: 1
19:20:35 | INFO: Extracting primitive: Cube.032
19:20:35 | INFO: Primitives created: 1
19:20:35 | INFO: Extracting primitive: Cube.033
19:20:35 | INFO: Primitives created: 1
19:20:35 | INFO: Extracting primitive: Cube.044
19:20:35 | INFO: Primitives created: 1
19:20:35 | INFO: Extracting primitive: Cube.045
19:20:35 | INFO: Primitives created: 1
19:20:35 | INFO: Extracting primitive: Cube.046
19:20:35 | INFO: Primitives created: 1
19:20:35 | INFO: Extracting primitive: Cube.047
19:20:35 | INFO: Primitives created: 1
19:20:35 | INFO: Extracting primitive: Cube.083
19:20:35 | INFO: Primitives created: 1
19:20:35 | INFO: Extracting primitive: Cube.084
19:20:35 | INFO: Primitives created: 1
19:20:35 | INFO: Extracting primitive: Cube.014
19:20:35 | INFO: Primitives created: 1
19:20:35 | INFO: Extracting primitive: Cube.016
19:20:35 | INFO: Primitives created: 1
19:20:35 | INFO: Extracting primitive: Cube.024
19:20:35 | INFO: Primitives created: 1
19:20:35 | INFO: Extracting primitive: Cube.025
19:20:35 | INFO: Primitives created: 1
19:20:35 | INFO: Extracting primitive: Cube.026
19:20:35 | INFO: Primitives created: 1
19:20:35 | INFO: Extracting primitive: Cube.027
19:20:35 | INFO: Primitives created: 1
19:20:35 | INFO: Extracting primitive: Cube.028
19:20:35 | INFO: Primitives created: 1
19:20:35 | INFO: Extracting primitive: Cube.029
19:20:35 | INFO: Primitives created: 1
19:20:35 | INFO: Extracting primitive: Cube.034
19:20:35 | INFO: Primitives created: 1
19:20:35 | INFO: Extracting primitive: Cube.035
19:20:35 | INFO: Primitives created: 1
19:20:35 | INFO: Extracting primitive: Cube.036
19:20:35 | INFO: Primitives created: 1
19:20:35 | INFO: Extracting primitive: Cube.037
19:20:35 | INFO: Primitives created: 1
19:20:35 | INFO: Extracting primitive: Cube.038
19:20:35 | INFO: Primitives created: 1
19:20:35 | INFO: Extracting primitive: Cube.039
19:20:35 | INFO: Primitives created: 1
19:20:35 | INFO: Extracting primitive: Cube.040
19:20:35 | INFO: Primitives created: 1
19:20:35 | INFO: Extracting primitive: Cube.042
19:20:35 | INFO: Primitives created: 1
19:20:35 | INFO: Extracting primitive: Cube.043
19:20:35 | INFO: Primitives created: 1
19:20:35 | INFO: Extracting primitive: Cube.048
19:20:35 | INFO: Primitives created: 1
19:20:35 | INFO: Extracting primitive: Cube.049
19:20:35 | INFO: Primitives created: 1
19:20:35 | INFO: Extracting primitive: Cube.050
19:20:35 | INFO: Primitives created: 1
19:20:35 | INFO: Extracting primitive: Cube.053
19:20:35 | INFO: Primitives created: 1
19:20:35 | INFO: Extracting primitive: Cube.054
19:20:35 | INFO: Primitives created: 1
19:20:35 | INFO: Extracting primitive: Cube.055
19:20:35 | INFO: Primitives created: 1
19:20:35 | INFO: Extracting primitive: Cube.063
19:20:35 | INFO: Primitives created: 1
19:20:35 | INFO: Extracting primitive: Cube.064
19:20:35 | INFO: Primitives created: 1
19:20:35 | INFO: Extracting primitive: Cube.065
19:20:35 | INFO: Primitives created: 1
19:20:35 | INFO: Extracting primitive: Cube.066
19:20:35 | INFO: Primitives created: 1
19:20:35 | INFO: Extracting primitive: Cube.067
19:20:35 | INFO: Primitives created: 1
19:20:35 | INFO: Extracting primitive: Cube.068
19:20:35 | INFO: Primitives created: 1
19:20:35 | INFO: Extracting primitive: Cube.069
19:20:35 | INFO: Primitives created: 1
19:20:35 | INFO: Extracting primitive: Cube.070
19:20:35 | INFO: Primitives created: 1
19:20:35 | INFO: Extracting primitive: Cube.071
19:20:35 | INFO: Primitives created: 1
19:20:35 | INFO: Extracting primitive: Cube.072
19:20:35 | INFO: Primitives created: 1
19:20:35 | INFO: Extracting primitive: Cube.073
19:20:35 | INFO: Primitives created: 1
19:20:35 | INFO: Extracting primitive: Cube.074
19:20:35 | INFO: Primitives created: 1
19:20:35 | INFO: Extracting primitive: Cube.075
19:20:35 | INFO: Primitives created: 1
19:20:35 | INFO: Extracting primitive: Cube.076
19:20:35 | INFO: Primitives created: 1
19:20:35 | INFO: Extracting primitive: Cube.077
19:20:35 | INFO: Primitives created: 1
19:20:35 | INFO: Extracting primitive: Cube.078
19:20:35 | INFO: Primitives created: 1
19:20:35 | INFO: Extracting primitive: Cube.079
19:20:35 | INFO: Primitives created: 1
19:20:35 | INFO: Extracting primitive: Cube.080
19:20:35 | INFO: Primitives created: 1
19:20:35 | INFO: Extracting primitive: Cube.081
19:20:35 | INFO: Primitives created: 1
19:20:35 | INFO: Extracting primitive: Cube.082
19:20:35 | INFO: Primitives created: 1
19:20:35 | INFO: Extracting primitive: Cylinder.003
19:20:35 | INFO: Primitives created: 1
19:20:35 | INFO: Extracting primitive: Observed recessed white arched fireplace infill
19:20:35 | INFO: Primitives created: 1
19:20:35 | INFO: Extracting primitive: Cube.085
19:20:35 | INFO: Primitives created: 1
19:20:35 | INFO: Extracting primitive: Cube.086
19:20:35 | INFO: Primitives created: 1
19:20:35 | INFO: Extracting primitive: Cylinder.023
19:20:35 | INFO: Primitives created: 1
19:20:35 | INFO: Extracting primitive: Cylinder.025
19:20:35 | INFO: Primitives created: 1
19:20:35 | INFO: Extracting primitive: Cube.102
19:20:35 | INFO: Primitives created: 1
19:20:35 | INFO: Extracting primitive: 00473546-ALEX002.001
19:20:35 | INFO: Primitives created: 1
19:20:35 | INFO: Extracting primitive: Cylinder.022
19:20:35 | INFO: Primitives created: 1
19:20:35 | INFO: Extracting primitive: Cylinder.024
19:20:35 | INFO: Primitives created: 1
19:20:35 | INFO: Extracting primitive: ProcessedGeometry.004
19:20:35 | INFO: Primitives created: 1
19:20:35 | INFO: Extracting primitive: ProcessedGeometry.005
19:20:35 | INFO: Primitives created: 1
19:20:35 | INFO: Extracting primitive: ProcessedGeometry.006
19:20:35 | INFO: Primitives created: 1
19:20:35 | INFO: Extracting primitive: ProcessedGeometry.007
19:20:35 | INFO: Primitives created: 1
19:20:35 | INFO: Extracting primitive: rug::official6x9 flatwoven textile
19:20:35 | INFO: Primitives created: 1
19:20:35 | INFO: Extracting primitive: Cube.106
19:20:35 | INFO: Primitives created: 1
19:20:35 | INFO: Extracting primitive: Cube.111
19:20:35 | INFO: Primitives created: 1
19:20:35 | INFO: Extracting primitive: Cube.112
19:20:35 | INFO: Primitives created: 1
19:20:35 | INFO: Extracting primitive: Cube.110
19:20:35 | INFO: Primitives created: 1
19:20:35 | INFO: Extracting primitive: Cylinder.107
19:20:35 | INFO: Primitives created: 1
19:20:35 | INFO: Extracting primitive: Cube.109
19:20:35 | INFO: Primitives created: 1
19:20:35 | INFO: Extracting primitive: Cube.041
19:20:35 | INFO: Primitives created: 1
19:20:35 | INFO: Extracting primitive: Cylinder
19:20:35 | INFO: Primitives created: 1
19:20:35 | INFO: Extracting primitive: Cube.051
19:20:35 | INFO: Primitives created: 1
19:20:35 | INFO: Extracting primitive: Cube.052
19:20:35 | INFO: Primitives created: 1
19:20:35 | INFO: Extracting primitive: Cube.056
19:20:35 | INFO: Primitives created: 1
19:20:35 | INFO: Extracting primitive: Cube.057
19:20:35 | INFO: Primitives created: 1
19:20:35 | INFO: Extracting primitive: Cube.058
19:20:35 | INFO: Primitives created: 1
19:20:35 | INFO: Extracting primitive: Cube.059
19:20:35 | INFO: Primitives created: 1
19:20:35 | INFO: Extracting primitive: Cube.060
19:20:35 | INFO: Primitives created: 1
19:20:35 | INFO: Extracting primitive: Cube.061
19:20:35 | INFO: Primitives created: 1
19:20:35 | INFO: Extracting primitive: Cube.062
19:20:35 | INFO: Primitives created: 1
19:20:35 | INFO: Extracting primitive: Cylinder.001
19:20:35 | INFO: Primitives created: 1
19:20:35 | INFO: Extracting primitive: Cylinder.002
19:20:35 | INFO: Primitives created: 1
19:20:35 | INFO: Extracting primitive: Cylinder.035
19:20:35 | INFO: Primitives created: 1
19:20:35 | INFO: Extracting primitive: Cylinder.036
19:20:35 | INFO: Primitives created: 1
19:20:35 | INFO: Extracting primitive: Cylinder.037
19:20:35 | INFO: Primitives created: 1
19:20:35 | INFO: Extracting primitive: Cylinder.038
19:20:35 | INFO: Primitives created: 1
19:20:35 | INFO: Extracting primitive: Cylinder.041
19:20:35 | INFO: Primitives created: 1
19:20:35 | INFO: Extracting primitive: Cylinder.042
19:20:35 | INFO: Primitives created: 1
19:20:35 | INFO: Extracting primitive: Cylinder.039
19:20:35 | INFO: Primitives created: 1
19:20:35 | INFO: Extracting primitive: Cylinder.040
19:20:35 | INFO: Primitives created: 1
19:20:35 | INFO: Extracting primitive: Cylinder.043
19:20:35 | INFO: Primitives created: 1
19:20:35 | INFO: Extracting primitive: Cylinder.044
19:20:35 | INFO: Primitives created: 1
19:20:35 | INFO: Extracting primitive: Cylinder.045
19:20:35 | INFO: Primitives created: 1
19:20:35 | INFO: Extracting primitive: Cylinder.046
19:20:35 | INFO: Primitives created: 1
19:20:35 | INFO: Extracting primitive: Cylinder.047
19:20:35 | INFO: Primitives created: 1
19:20:35 | INFO: Extracting primitive: Cylinder.048
19:20:35 | INFO: Primitives created: 1
19:20:35 | INFO: Extracting primitive: Cylinder.049
19:20:35 | INFO: Primitives created: 1
19:20:35 | INFO: Extracting primitive: Cylinder.050
19:20:35 | INFO: Primitives created: 1
19:20:35 | INFO: Extracting primitive: Cylinder.051
19:20:35 | INFO: Primitives created: 1
19:20:35 | INFO: Extracting primitive: Cylinder.052
19:20:35 | INFO: Primitives created: 1
19:20:35 | INFO: Extracting primitive: Cylinder.053
19:20:35 | INFO: Primitives created: 1
19:20:35 | INFO: Extracting primitive: Cylinder.054
19:20:35 | INFO: Primitives created: 1
19:20:35 | INFO: Extracting primitive: Cylinder.055
19:20:35 | INFO: Primitives created: 1
19:20:35 | INFO: Extracting primitive: Cylinder.056
19:20:35 | INFO: Primitives created: 1
19:20:35 | INFO: Extracting primitive: Cylinder.057
19:20:35 | INFO: Primitives created: 1
19:20:35 | INFO: Extracting primitive: Cylinder.058
19:20:35 | INFO: Primitives created: 1
19:20:35 | INFO: Extracting primitive: Cylinder.059
19:20:35 | INFO: Primitives created: 1
19:20:35 | INFO: Extracting primitive: Cylinder.060
19:20:35 | INFO: Primitives created: 1
19:20:35 | INFO: Extracting primitive: Cylinder.061
19:20:35 | INFO: Primitives created: 1
19:20:35 | INFO: Extracting primitive: Cylinder.062
19:20:35 | INFO: Primitives created: 1
19:20:35 | INFO: Extracting primitive: Cylinder.065
19:20:35 | INFO: Primitives created: 1
19:20:35 | INFO: Extracting primitive: Cylinder.066
19:20:35 | INFO: Primitives created: 1
19:20:35 | INFO: Extracting primitive: Cylinder.063
19:20:35 | INFO: Primitives created: 1
19:20:35 | INFO: Extracting primitive: Cylinder.064
19:20:35 | INFO: Primitives created: 1
19:20:35 | INFO: Extracting primitive: Cylinder.067
19:20:35 | INFO: Primitives created: 1
19:20:35 | INFO: Extracting primitive: Cylinder.068
19:20:35 | INFO: Primitives created: 1
19:20:35 | INFO: Extracting primitive: Cylinder.069
19:20:35 | INFO: Primitives created: 1
19:20:35 | INFO: Extracting primitive: Cylinder.070
19:20:35 | INFO: Primitives created: 1
19:20:35 | INFO: Extracting primitive: Cylinder.071
19:20:35 | INFO: Primitives created: 1
19:20:35 | INFO: Extracting primitive: Cylinder.072
19:20:35 | INFO: Primitives created: 1
19:20:35 | INFO: Extracting primitive: Cylinder.073
19:20:35 | INFO: Primitives created: 1
19:20:35 | INFO: Extracting primitive: Cylinder.074
19:20:35 | INFO: Primitives created: 1
19:20:35 | INFO: Extracting primitive: Cylinder.075
19:20:35 | INFO: Primitives created: 1
19:20:35 | INFO: Extracting primitive: Cylinder.076
19:20:35 | INFO: Primitives created: 1
19:20:35 | INFO: Extracting primitive: Cylinder.077
19:20:35 | INFO: Primitives created: 1
19:20:35 | INFO: Extracting primitive: Cylinder.078
19:20:35 | INFO: Primitives created: 1
19:20:35 | INFO: Extracting primitive: Cylinder.079
19:20:35 | INFO: Primitives created: 1
19:20:35 | INFO: Extracting primitive: Cylinder.080
19:20:35 | INFO: Primitives created: 1
19:20:35 | INFO: Extracting primitive: Cylinder.081
19:20:35 | INFO: Primitives created: 1
19:20:35 | INFO: Extracting primitive: Cylinder.082
19:20:35 | INFO: Primitives created: 1
19:20:35 | INFO: Extracting primitive: Cylinder.083
19:20:35 | INFO: Primitives created: 1
19:20:35 | INFO: Extracting primitive: Cylinder.084
19:20:35 | INFO: Primitives created: 1
19:20:35 | INFO: Extracting primitive: Cylinder.085
19:20:35 | INFO: Primitives created: 1
19:20:35 | INFO: Extracting primitive: Cylinder.086
19:20:35 | INFO: Primitives created: 1
19:20:35 | INFO: Extracting primitive: Cylinder.089
19:20:35 | INFO: Primitives created: 1
19:20:35 | INFO: Extracting primitive: Cylinder.090
19:20:35 | INFO: Primitives created: 1
19:20:35 | INFO: Extracting primitive: Cylinder.087
19:20:35 | INFO: Primitives created: 1
19:20:35 | INFO: Extracting primitive: Cylinder.088
19:20:35 | INFO: Primitives created: 1
19:20:35 | INFO: Extracting primitive: Cylinder.091
19:20:35 | INFO: Primitives created: 1
19:20:35 | INFO: Extracting primitive: Cylinder.092
19:20:35 | INFO: Primitives created: 1
19:20:35 | INFO: Extracting primitive: Cylinder.093
19:20:35 | INFO: Primitives created: 1
19:20:35 | INFO: Extracting primitive: Cylinder.094
19:20:35 | INFO: Primitives created: 1
19:20:35 | INFO: Extracting primitive: Cylinder.095
19:20:35 | INFO: Primitives created: 1
19:20:35 | INFO: Extracting primitive: Cylinder.096
19:20:35 | INFO: Primitives created: 1
19:20:35 | INFO: Extracting primitive: Cylinder.097
19:20:35 | INFO: Primitives created: 1
19:20:35 | INFO: Extracting primitive: Cylinder.098
19:20:35 | INFO: Primitives created: 1
19:20:35 | INFO: Extracting primitive: Cylinder.099
19:20:35 | INFO: Primitives created: 1
19:20:35 | INFO: Extracting primitive: Cylinder.100
19:20:35 | INFO: Primitives created: 1
19:20:35 | INFO: Extracting primitive: Cylinder.101
19:20:35 | INFO: Primitives created: 1
19:20:35 | INFO: Extracting primitive: Cylinder.102
19:20:35 | INFO: Primitives created: 1
19:20:35 | INFO: Extracting primitive: Cylinder.103
19:20:35 | INFO: Primitives created: 1
19:20:35 | INFO: Extracting primitive: Cylinder.104
19:20:35 | INFO: Primitives created: 1
19:20:35 | INFO: Extracting primitive: Cylinder.105
19:20:35 | INFO: Primitives created: 1
19:20:35 | INFO: Extracting primitive: Cylinder.106
19:20:35 | INFO: Primitives created: 1
19:20:35 | INFO: Extracting primitive: Cube.099
19:20:35 | INFO: Primitives created: 1
19:20:35 | INFO: Extracting primitive: Cube.100
19:20:35 | INFO: Primitives created: 1
19:20:35 | INFO: Extracting primitive: Cube.097
19:20:35 | INFO: Primitives created: 1
19:20:35 | INFO: Extracting primitive: Cube.098
19:20:35 | INFO: Primitives created: 1
19:20:35 | INFO: Extracting primitive: Cube.095
19:20:35 | INFO: Primitives created: 1
19:20:35 | INFO: Extracting primitive: Cube.096
19:20:35 | INFO: Primitives created: 1
19:20:35 | INFO: Extracting primitive: Cylinder.008
19:20:35 | INFO: Primitives created: 1
19:20:35 | INFO: Extracting primitive: Cube.094
19:20:35 | INFO: Primitives created: 1
19:20:35 | INFO: Extracting primitive: Cube.091
19:20:35 | INFO: Primitives created: 1
19:20:35 | INFO: Extracting primitive: Cube.092
19:20:35 | INFO: Primitives created: 1
19:20:35 | INFO: Extracting primitive: Cube.093
19:20:35 | INFO: Primitives created: 1
19:20:35 | INFO: Extracting primitive: Sphere.010
19:20:35 | INFO: Primitives created: 1
19:20:35 | INFO: Extracting primitive: Sphere.011
19:20:35 | INFO: Primitives created: 1
19:20:35 | INFO: Extracting primitive: Sphere.012
19:20:35 | INFO: Primitives created: 1
19:20:35 | INFO: Extracting primitive: Cylinder.010
19:20:35 | INFO: Primitives created: 1
19:20:35 | INFO: Extracting primitive: Cylinder.009
19:20:35 | INFO: Primitives created: 1
19:20:35 | INFO: Extracting primitive: Sphere.008
19:20:35 | INFO: Primitives created: 1
19:20:35 | INFO: Extracting primitive: arched hollow condo wall
19:20:35 | INFO: Primitives created: 2
19:20:35 | INFO: Extracting primitive: Brown fleece suspended bowl hammock
19:20:35 | INFO: Primitives created: 1
19:20:35 | INFO: Extracting primitive: Hanging pom-pom cord
19:20:35 | INFO: Primitives created: 1
19:20:35 | INFO: Extracting primitive: Hanging pom-pom cord.001
19:20:35 | INFO: Primitives created: 1
19:20:35 | INFO: Extracting primitive: Hanging pom-pom cord.002
19:20:35 | INFO: Primitives created: 1
19:20:35 | INFO: Extracting primitive: High side wicker basket crossing wicker strands
19:20:35 | INFO: Primitives created: 1
19:20:35 | INFO: Extracting primitive: High side wicker basket woven horizontal courses
19:20:35 | INFO: Primitives created: 1
19:20:35 | INFO: Extracting primitive: Low side wicker basket crossing wicker strands
19:20:35 | INFO: Primitives created: 1
19:20:35 | INFO: Extracting primitive: Low side wicker basket woven horizontal courses
19:20:35 | INFO: Primitives created: 1
19:20:35 | INFO: Extracting primitive: Sisal rope winding
19:20:35 | INFO: Primitives created: 1
19:20:35 | INFO: Extracting primitive: Sisal rope winding.001
19:20:35 | INFO: Primitives created: 1
19:20:35 | INFO: Extracting primitive: Sisal rope winding.002
19:20:35 | INFO: Primitives created: 1
19:20:35 | INFO: Extracting primitive: Thick fleece hammock rim
19:20:35 | INFO: Primitives created: 1
19:20:35 | INFO: Extracting primitive: Top wicker basket crossing wicker strands
19:20:35 | INFO: Primitives created: 1
19:20:35 | INFO: Extracting primitive: Top wicker basket woven horizontal courses
19:20:35 | INFO: Primitives created: 1
19:20:35 | INFO: Extracting primitive: Sphere.009
19:20:35 | INFO: Primitives created: 1
19:20:35 | INFO: Extracting primitive: Cylinder.011
19:20:35 | INFO: Primitives created: 1
19:20:35 | INFO: Extracting primitive: Cylinder.012
19:20:35 | INFO: Primitives created: 1
19:20:35 | INFO: Extracting primitive: Cylinder.013
19:20:35 | INFO: Primitives created: 1
19:20:35 | INFO: Extracting primitive: Cylinder.014
19:20:35 | INFO: Primitives created: 1
19:20:35 | INFO: Extracting primitive: Cylinder.015
19:20:35 | INFO: Primitives created: 1
19:20:35 | INFO: Extracting primitive: Cylinder.016
19:20:35 | INFO: Primitives created: 1
19:20:35 | INFO: Extracting primitive: Cylinder.017
19:20:35 | INFO: Primitives created: 1
19:20:35 | INFO: Extracting primitive: Cylinder.018
19:20:35 | INFO: Primitives created: 1
19:20:35 | INFO: Extracting primitive: Cylinder.019
19:20:35 | INFO: Primitives created: 1
19:20:35 | INFO: Extracting primitive: Cylinder.020
19:20:35 | INFO: Primitives created: 1
19:20:35 | INFO: Extracting primitive: Cylinder.021
19:20:35 | INFO: Primitives created: 1
19:20:35 | INFO: Extracting primitive: Sphere
19:20:35 | INFO: Primitives created: 1
19:20:35 | INFO: Extracting primitive: Sphere.001
19:20:35 | INFO: Primitives created: 1
19:20:35 | INFO: Extracting primitive: Sphere.002
19:20:35 | INFO: Primitives created: 1
19:20:35 | INFO: Extracting primitive: Sphere.003
19:20:35 | INFO: Primitives created: 1
19:20:35 | INFO: Extracting primitive: Sphere.004
19:20:35 | INFO: Primitives created: 1
19:20:35 | INFO: Extracting primitive: Sphere.005
19:20:35 | INFO: Primitives created: 1
19:20:35 | INFO: Extracting primitive: Sphere.006
19:20:35 | INFO: Primitives created: 1
19:20:35 | INFO: Extracting primitive: Sphere.007
19:20:35 | INFO: Primitives created: 1
19:20:35 | INFO: Extracting primitive: Cube.101
19:20:35 | INFO: Primitives created: 1
19:20:35 | INFO: Extracting primitive: Mesh_1.001
19:20:35 | WARNING: More than one shader node tex image used for a texture. The resulting glTF sampler will behave like the first shader node tex image.
19:20:35 | INFO: Primitives created: 1
19:20:35 | INFO: Extracting primitive: Mesh_0.001
19:20:35 | WARNING: More than one shader node tex image used for a texture. The resulting glTF sampler will behave like the first shader node tex image.
19:20:35 | INFO: Primitives created: 1
19:20:35 | INFO: Extracting primitive: cable_door.001
19:20:35 | INFO: Primitives created: 1
19:20:35 | INFO: Extracting primitive: cable_door_brush.001
19:20:35 | INFO: Primitives created: 1
19:20:35 | INFO: Extracting primitive: cable_door_lid.001
19:20:35 | INFO: Primitives created: 1
19:20:35 | INFO: Extracting primitive: control_box.001
19:20:35 | INFO: Primitives created: 1
19:20:35 | INFO: Extracting primitive: desktop.001
19:20:36 | INFO: Primitives created: 1
19:20:36 | INFO: Extracting primitive: desktop_bracket_left.001
19:20:36 | INFO: Primitives created: 1
19:20:36 | INFO: Extracting primitive: desktop_bracket_right.001
19:20:36 | INFO: Primitives created: 1
19:20:36 | INFO: Extracting primitive: felt_cable_organizer.001
19:20:36 | INFO: Primitives created: 1
19:20:36 | INFO: Extracting primitive: foot_left.001
19:20:36 | INFO: Primitives created: 1
19:20:36 | INFO: Extracting primitive: foot_right.001
19:20:36 | INFO: Primitives created: 1
19:20:36 | INFO: Extracting primitive: frame_cover_left.001
19:20:36 | INFO: Primitives created: 1
19:20:36 | INFO: Extracting primitive: frame_cover_right.001
19:20:36 | INFO: Primitives created: 1
19:20:36 | INFO: Extracting primitive: frame_end_left.001
19:20:36 | INFO: Primitives created: 1
19:20:36 | INFO: Extracting primitive: frame_end_right.001
19:20:36 | INFO: Primitives created: 1
19:20:36 | INFO: Extracting primitive: frame_rail_front.001
19:20:36 | INFO: Primitives created: 1
19:20:36 | INFO: Extracting primitive: frame_rail_rear.001
19:20:36 | INFO: Primitives created: 1
19:20:36 | INFO: Extracting primitive: keypad.001
19:20:36 | INFO: Primitives created: 1
19:20:36 | INFO: Extracting primitive: keypad_controls.001
19:20:36 | INFO: Primitives created: 1
19:20:36 | INFO: Extracting primitive: leveling_glide_left_front.001
19:20:36 | INFO: Primitives created: 1
19:20:36 | INFO: Extracting primitive: leveling_glide_left_rear.001
19:20:36 | INFO: Primitives created: 1
19:20:36 | INFO: Extracting primitive: leveling_glide_right_front.001
19:20:36 | INFO: Primitives created: 1
19:20:36 | INFO: Extracting primitive: leveling_glide_right_rear.001
19:20:36 | INFO: Primitives created: 1
19:20:36 | INFO: Extracting primitive: lifting_column_left_head.001
19:20:36 | INFO: Primitives created: 1
19:20:36 | INFO: Extracting primitive: lifting_column_left_inner_stage.001
19:20:36 | INFO: Primitives created: 1
19:20:36 | INFO: Extracting primitive: lifting_column_left_middle_stage.001
19:20:36 | INFO: Primitives created: 1
19:20:36 | INFO: Extracting primitive: lifting_column_left_outer_stage.001
19:20:36 | INFO: Primitives created: 1
19:20:36 | INFO: Extracting primitive: lifting_column_right_head.001
19:20:36 | INFO: Primitives created: 1
19:20:36 | INFO: Extracting primitive: lifting_column_right_inner_stage.001
19:20:36 | INFO: Primitives created: 1
19:20:36 | INFO: Extracting primitive: lifting_column_right_middle_stage.001
19:20:36 | INFO: Primitives created: 1
19:20:36 | INFO: Extracting primitive: lifting_column_right_outer_stage.001
19:20:36 | INFO: Primitives created: 1
19:20:36 | INFO: Extracting primitive: Cylinder.115
19:20:36 | INFO: Primitives created: 1
19:20:36 | INFO: Extracting primitive: Cylinder.116
19:20:36 | INFO: Primitives created: 1
19:20:36 | INFO: Extracting primitive: Cube.123
19:20:36 | INFO: Primitives created: 1
19:20:36 | INFO: Extracting primitive: Cylinder.117
19:20:36 | INFO: Primitives created: 1
19:20:36 | INFO: Extracting primitive: Cylinder.118
19:20:36 | INFO: Primitives created: 1
19:20:36 | INFO: Extracting primitive: Cube.124
19:20:36 | INFO: Primitives created: 1
19:20:36 | INFO: Extracting primitive: Cube.125
19:20:36 | INFO: Primitives created: 1
19:20:36 | INFO: Extracting primitive: Cube.126
19:20:36 | INFO: Primitives created: 1
19:20:36 | INFO: Extracting primitive: Cube.127
19:20:36 | INFO: Primitives created: 1
19:20:36 | INFO: Extracting primitive: Cube.128
19:20:36 | INFO: Primitives created: 1
19:20:36 | INFO: Extracting primitive: Cylinder.119
19:20:36 | INFO: Primitives created: 1
19:20:36 | INFO: Extracting primitive: Cylinder.120
19:20:36 | INFO: Primitives created: 1
19:20:36 | INFO: Extracting primitive: Cube.130
19:20:36 | INFO: Primitives created: 1
19:20:36 | INFO: Extracting primitive: Cube.131
19:20:36 | INFO: Primitives created: 1
19:20:36 | INFO: Extracting primitive: Cube.132
19:20:36 | INFO: Primitives created: 1
19:20:36 | INFO: Extracting primitive: Cube.129
19:20:36 | INFO: Primitives created: 1
19:20:36 | INFO: Extracting primitive: Richmond native100x70 full source paper
19:20:36 | INFO: Primitives created: 1
19:20:36 | INFO: Extracting primitive: Cube.133
19:20:36 | INFO: Primitives created: 1
19:20:36 | INFO: Extracting primitive: Cube.134
19:20:36 | INFO: Primitives created: 1
19:20:36 | INFO: Extracting primitive: Cube.143
19:20:36 | INFO: Primitives created: 1
19:20:36 | INFO: Extracting primitive: Cube.144
19:20:36 | INFO: Primitives created: 1
19:20:36 | INFO: Extracting primitive: Cube.145
19:20:36 | INFO: Primitives created: 1
19:20:36 | INFO: Extracting primitive: Cube.146
19:20:36 | INFO: Primitives created: 1
19:20:36 | INFO: Extracting primitive: Cube.147
19:20:36 | INFO: Primitives created: 1
19:20:36 | INFO: Extracting primitive: Cube.148
19:20:36 | INFO: Primitives created: 1
19:20:36 | INFO: Extracting primitive: Cube.135
19:20:36 | INFO: Primitives created: 1
19:20:36 | INFO: Extracting primitive: Cube.136
19:20:36 | INFO: Primitives created: 1
19:20:36 | INFO: Extracting primitive: Cube.137
19:20:36 | INFO: Primitives created: 1
19:20:36 | INFO: Extracting primitive: Cube.138
19:20:36 | INFO: Primitives created: 1
19:20:36 | INFO: Extracting primitive: Cube.139
19:20:36 | INFO: Primitives created: 1
19:20:36 | INFO: Extracting primitive: Cube.140
19:20:36 | INFO: Primitives created: 1
19:20:36 | INFO: Extracting primitive: Cube.141
19:20:36 | INFO: Primitives created: 1
19:20:36 | INFO: Extracting primitive: Cube.142
19:20:36 | INFO: Primitives created: 1
19:20:36 | INFO: Extracting primitive: Cube.149
19:20:36 | INFO: Primitives created: 1
19:20:36 | INFO: Extracting primitive: Cube.150
19:20:36 | INFO: Primitives created: 1
19:20:36 | INFO: Extracting primitive: Cube.159
19:20:36 | INFO: Primitives created: 1
19:20:36 | INFO: Extracting primitive: Cube.160
19:20:36 | INFO: Primitives created: 1
19:20:36 | INFO: Extracting primitive: Cube.161
19:20:36 | INFO: Primitives created: 1
19:20:36 | INFO: Extracting primitive: Cube.162
19:20:36 | INFO: Primitives created: 1
19:20:36 | INFO: Extracting primitive: Cube.163
19:20:36 | INFO: Primitives created: 1
19:20:36 | INFO: Extracting primitive: Cube.164
19:20:36 | INFO: Primitives created: 1
19:20:36 | INFO: Extracting primitive: Cube.151
19:20:36 | INFO: Primitives created: 1
19:20:36 | INFO: Extracting primitive: Cube.152
19:20:36 | INFO: Primitives created: 1
19:20:36 | INFO: Extracting primitive: Cube.153
19:20:36 | INFO: Primitives created: 1
19:20:36 | INFO: Extracting primitive: Cube.154
19:20:36 | INFO: Primitives created: 1
19:20:36 | INFO: Extracting primitive: Cube.155
19:20:36 | INFO: Primitives created: 1
19:20:36 | INFO: Extracting primitive: Cube.156
19:20:36 | INFO: Primitives created: 1
19:20:36 | INFO: Extracting primitive: Cube.157
19:20:36 | INFO: Primitives created: 1
19:20:36 | INFO: Extracting primitive: Cube.158
19:20:36 | INFO: Primitives created: 1
19:20:36 | INFO: Extracting primitive: Cube.165
19:20:36 | INFO: Primitives created: 1
19:20:36 | INFO: Extracting primitive: Cube.166
19:20:36 | INFO: Primitives created: 1
19:20:36 | INFO: Extracting primitive: Cube.175
19:20:36 | INFO: Primitives created: 1
19:20:36 | INFO: Extracting primitive: Cube.176
19:20:36 | INFO: Primitives created: 1
19:20:36 | INFO: Extracting primitive: Cube.177
19:20:36 | INFO: Primitives created: 1
19:20:36 | INFO: Extracting primitive: Cube.178
19:20:36 | INFO: Primitives created: 1
19:20:36 | INFO: Extracting primitive: Cube.179
19:20:36 | INFO: Primitives created: 1
19:20:36 | INFO: Extracting primitive: Cube.180
19:20:36 | INFO: Primitives created: 1
19:20:36 | INFO: Extracting primitive: Cube.167
19:20:36 | INFO: Primitives created: 1
19:20:36 | INFO: Extracting primitive: Cube.168
19:20:36 | INFO: Primitives created: 1
19:20:36 | INFO: Extracting primitive: Cube.169
19:20:36 | INFO: Primitives created: 1
19:20:36 | INFO: Extracting primitive: Cube.170
19:20:36 | INFO: Primitives created: 1
19:20:36 | INFO: Extracting primitive: Cube.171
19:20:36 | INFO: Primitives created: 1
19:20:36 | INFO: Extracting primitive: Cube.172
19:20:36 | INFO: Primitives created: 1
19:20:36 | INFO: Extracting primitive: Cube.173
19:20:36 | INFO: Primitives created: 1
19:20:36 | INFO: Extracting primitive: Cube.174
19:20:36 | INFO: Primitives created: 1
19:20:37 | INFO: Finished glTF 2.0 export in 1.8997790813446045 s

Info: Saved "his-office-design.blend"
AUTHORIZED_VARIANT_READY b-charcoal-slat
Blender 4.3.2
Read blend: "/workspace/his-office-redesign/model/his-office-design.blend"

Blender quit
