15:31:34 | INFO: Data are loaded, start creating Blender stuff
15:31:34 | INFO: Blender create Mesh node 00473546-ALEX002
15:31:34 | INFO: glTF import finished in 0.04s
15:31:34 | INFO: Data are loaded, start creating Blender stuff
15:31:34 | INFO: Blender create Mesh node ProcessedGeometry
15:31:34 | INFO: Blender create Mesh node ProcessedGeometry
15:31:34 | INFO: Blender create Mesh node ProcessedGeometry
15:31:34 | INFO: Blender create Mesh node ProcessedGeometry
15:31:34 | INFO: glTF import finished in 0.04s
ERROR Draco mesh compression is not available because library could not be found at /usr/bin/4.3/python/lib/python3.13/site-packages/libextern_draco.so
15:31:39 | INFO: Starting glTF 2.0 export
15:31:39 | INFO: Extracting primitive: Cylinder.023
15:31:39 | INFO: Primitives created: 1
15:31:39 | INFO: Extracting primitive: Cylinder.025
15:31:39 | INFO: Primitives created: 1
15:31:39 | INFO: Extracting primitive: Cube.101
15:31:39 | INFO: Primitives created: 1
15:31:39 | INFO: Extracting primitive: 00473546-ALEX002.001
15:31:39 | WARNING: More than one shader node tex image used for a texture. The resulting glTF sampler will behave like the first shader node tex image.
15:31:39 | INFO: Primitives created: 1
15:31:39 | INFO: Extracting primitive: Cylinder.022
15:31:39 | INFO: Primitives created: 1
15:31:39 | INFO: Extracting primitive: Cylinder.024
15:31:39 | INFO: Primitives created: 1
15:31:39 | INFO: Extracting primitive: ProcessedGeometry.004
15:31:39 | WARNING: More than one shader node tex image used for a texture. The resulting glTF sampler will behave like the first shader node tex image.
15:31:39 | INFO: Primitives created: 1
15:31:39 | INFO: Extracting primitive: ProcessedGeometry.005
15:31:39 | WARNING: More than one shader node tex image used for a texture. The resulting glTF sampler will behave like the first shader node tex image.
15:31:39 | INFO: Primitives created: 1
15:31:39 | INFO: Extracting primitive: ProcessedGeometry.006
15:31:39 | WARNING: More than one shader node tex image used for a texture. The resulting glTF sampler will behave like the first shader node tex image.
15:31:39 | INFO: Primitives created: 1
15:31:39 | INFO: Extracting primitive: ProcessedGeometry.007
15:31:39 | WARNING: More than one shader node tex image used for a texture. The resulting glTF sampler will behave like the first shader node tex image.
15:31:39 | INFO: Primitives created: 1
15:31:39 | INFO: Extracting primitive: Cylinder.034
15:31:39 | INFO: Primitives created: 1
15:31:39 | INFO: Extracting primitive: Cylinder.029
15:31:39 | INFO: Primitives created: 1
15:31:39 | INFO: Extracting primitive: Cylinder.033
15:31:39 | INFO: Primitives created: 1
15:31:39 | INFO: Extracting primitive: Cube.102
15:31:39 | INFO: Primitives created: 1
15:31:39 | INFO: Extracting primitive: Cylinder.028
15:31:39 | INFO: Primitives created: 1
15:31:39 | INFO: Extracting primitive: Cylinder.032
15:31:39 | INFO: Primitives created: 1
15:31:39 | INFO: Extracting primitive: Cylinder.026
15:31:39 | INFO: Primitives created: 1
15:31:39 | INFO: Extracting primitive: Cylinder.030
15:31:39 | INFO: Primitives created: 1
15:31:39 | INFO: Extracting primitive: Cube.103
15:31:39 | INFO: Primitives created: 1
15:31:39 | INFO: Extracting primitive: Cylinder.027
15:31:39 | INFO: Primitives created: 1
15:31:39 | INFO: Extracting primitive: Cylinder.031
15:31:39 | INFO: Primitives created: 1
15:31:39 | INFO: Extracting primitive: rug::official6x9 flatwoven textile
15:31:39 | INFO: Primitives created: 1
15:31:39 | INFO: Extracting primitive: Cube.105
15:31:39 | INFO: Primitives created: 1
15:31:39 | INFO: Extracting primitive: blue-bold-art::actual selected print
15:31:39 | INFO: Primitives created: 1
15:31:39 | INFO: Extracting primitive: Cube.106
15:31:39 | INFO: Primitives created: 1
15:31:39 | INFO: Extracting primitive: blue-geometric-art::actual selected print
15:31:39 | INFO: Primitives created: 1
15:31:39 | INFO: Extracting primitive: Cube.107
15:31:39 | INFO: Primitives created: 1
15:31:39 | INFO: Extracting primitive: Cube.110
15:31:39 | INFO: Primitives created: 1
15:31:39 | INFO: Extracting primitive: Cube.111
15:31:39 | INFO: Primitives created: 1
15:31:39 | INFO: Extracting primitive: Cube.109
15:31:39 | INFO: Primitives created: 1
15:31:39 | INFO: Extracting primitive: Cylinder.107
15:31:39 | INFO: Primitives created: 1
15:31:39 | INFO: Extracting primitive: Cube.108
15:31:39 | INFO: Primitives created: 1
15:31:39 | INFO: Extracting primitive: Cube.114
15:31:39 | INFO: Primitives created: 1
15:31:39 | INFO: Extracting primitive: Cube.115
15:31:39 | INFO: Primitives created: 1
15:31:39 | INFO: Extracting primitive: Cube.113
15:31:39 | INFO: Primitives created: 1
15:31:39 | INFO: Extracting primitive: Cylinder.108
15:31:39 | INFO: Primitives created: 1
15:31:39 | INFO: Extracting primitive: Cube.112
15:31:39 | INFO: Primitives created: 1
15:31:39 | INFO: Extracting primitive: Cylinder.035
15:31:39 | INFO: Primitives created: 1
15:31:39 | INFO: Extracting primitive: Cylinder.036
15:31:39 | INFO: Primitives created: 1
15:31:39 | INFO: Extracting primitive: Cylinder.037
15:31:39 | INFO: Primitives created: 1
15:31:39 | INFO: Extracting primitive: Cylinder.038
15:31:39 | INFO: Primitives created: 1
15:31:39 | INFO: Extracting primitive: Cylinder.041
15:31:39 | INFO: Primitives created: 1
15:31:39 | INFO: Extracting primitive: Cylinder.042
15:31:39 | INFO: Primitives created: 1
15:31:39 | INFO: Extracting primitive: Cylinder.039
15:31:39 | INFO: Primitives created: 1
15:31:39 | INFO: Extracting primitive: Cylinder.040
15:31:39 | INFO: Primitives created: 1
15:31:39 | INFO: Extracting primitive: Cylinder.043
15:31:39 | INFO: Primitives created: 1
15:31:39 | INFO: Extracting primitive: Cylinder.044
15:31:39 | INFO: Primitives created: 1
15:31:39 | INFO: Extracting primitive: Cylinder.045
15:31:39 | INFO: Primitives created: 1
15:31:39 | INFO: Extracting primitive: Cylinder.046
15:31:39 | INFO: Primitives created: 1
15:31:39 | INFO: Extracting primitive: Cylinder.047
15:31:39 | INFO: Primitives created: 1
15:31:39 | INFO: Extracting primitive: Cylinder.048
15:31:39 | INFO: Primitives created: 1
15:31:39 | INFO: Extracting primitive: Cylinder.049
15:31:39 | INFO: Primitives created: 1
15:31:39 | INFO: Extracting primitive: Cylinder.050
15:31:39 | INFO: Primitives created: 1
15:31:39 | INFO: Extracting primitive: Cylinder.051
15:31:39 | INFO: Primitives created: 1
15:31:39 | INFO: Extracting primitive: Cylinder.052
15:31:39 | INFO: Primitives created: 1
15:31:39 | INFO: Extracting primitive: Cylinder.053
15:31:39 | INFO: Primitives created: 1
15:31:39 | INFO: Extracting primitive: Cylinder.054
15:31:39 | INFO: Primitives created: 1
15:31:39 | INFO: Extracting primitive: Cylinder.055
15:31:39 | INFO: Primitives created: 1
15:31:39 | INFO: Extracting primitive: Cylinder.056
15:31:39 | INFO: Primitives created: 1
15:31:39 | INFO: Extracting primitive: Cylinder.057
15:31:39 | INFO: Primitives created: 1
15:31:39 | INFO: Extracting primitive: Cylinder.058
15:31:39 | INFO: Primitives created: 1
15:31:39 | INFO: Extracting primitive: Cylinder.059
15:31:39 | INFO: Primitives created: 1
15:31:39 | INFO: Extracting primitive: Cylinder.060
15:31:39 | INFO: Primitives created: 1
15:31:39 | INFO: Extracting primitive: Cylinder.061
15:31:39 | INFO: Primitives created: 1
15:31:39 | INFO: Extracting primitive: Cylinder.062
15:31:39 | INFO: Primitives created: 1
15:31:39 | INFO: Extracting primitive: Cylinder.065
15:31:39 | INFO: Primitives created: 1
15:31:39 | INFO: Extracting primitive: Cylinder.066
15:31:39 | INFO: Primitives created: 1
15:31:39 | INFO: Extracting primitive: Cylinder.063
15:31:39 | INFO: Primitives created: 1
15:31:39 | INFO: Extracting primitive: Cylinder.064
15:31:39 | INFO: Primitives created: 1
15:31:39 | INFO: Extracting primitive: Cylinder.067
15:31:39 | INFO: Primitives created: 1
15:31:39 | INFO: Extracting primitive: Cylinder.068
15:31:39 | INFO: Primitives created: 1
15:31:39 | INFO: Extracting primitive: Cylinder.069
15:31:39 | INFO: Primitives created: 1
15:31:39 | INFO: Extracting primitive: Cylinder.070
15:31:39 | INFO: Primitives created: 1
15:31:39 | INFO: Extracting primitive: Cylinder.071
15:31:39 | INFO: Primitives created: 1
15:31:39 | INFO: Extracting primitive: Cylinder.072
15:31:39 | INFO: Primitives created: 1
15:31:39 | INFO: Extracting primitive: Cylinder.073
15:31:39 | INFO: Primitives created: 1
15:31:39 | INFO: Extracting primitive: Cylinder.074
15:31:39 | INFO: Primitives created: 1
15:31:39 | INFO: Extracting primitive: Cylinder.075
15:31:39 | INFO: Primitives created: 1
15:31:39 | INFO: Extracting primitive: Cylinder.076
15:31:39 | INFO: Primitives created: 1
15:31:39 | INFO: Extracting primitive: Cylinder.077
15:31:39 | INFO: Primitives created: 1
15:31:39 | INFO: Extracting primitive: Cylinder.078
15:31:39 | INFO: Primitives created: 1
15:31:39 | INFO: Extracting primitive: Cylinder.079
15:31:39 | INFO: Primitives created: 1
15:31:39 | INFO: Extracting primitive: Cylinder.080
15:31:39 | INFO: Primitives created: 1
15:31:39 | INFO: Extracting primitive: Cylinder.081
15:31:39 | INFO: Primitives created: 1
15:31:39 | INFO: Extracting primitive: Cylinder.082
15:31:39 | INFO: Primitives created: 1
15:31:39 | INFO: Extracting primitive: Cylinder.083
15:31:39 | INFO: Primitives created: 1
15:31:39 | INFO: Extracting primitive: Cylinder.084
15:31:39 | INFO: Primitives created: 1
15:31:39 | INFO: Extracting primitive: Cylinder.085
15:31:39 | INFO: Primitives created: 1
15:31:39 | INFO: Extracting primitive: Cylinder.086
15:31:39 | INFO: Primitives created: 1
15:31:39 | INFO: Extracting primitive: Cylinder.089
15:31:39 | INFO: Primitives created: 1
15:31:39 | INFO: Extracting primitive: Cylinder.090
15:31:39 | INFO: Primitives created: 1
15:31:39 | INFO: Extracting primitive: Cylinder.087
15:31:39 | INFO: Primitives created: 1
15:31:39 | INFO: Extracting primitive: Cylinder.088
15:31:39 | INFO: Primitives created: 1
15:31:39 | INFO: Extracting primitive: Cylinder.091
15:31:39 | INFO: Primitives created: 1
15:31:39 | INFO: Extracting primitive: Cylinder.092
15:31:39 | INFO: Primitives created: 1
15:31:39 | INFO: Extracting primitive: Cylinder.093
15:31:39 | INFO: Primitives created: 1
15:31:39 | INFO: Extracting primitive: Cylinder.094
15:31:39 | INFO: Primitives created: 1
15:31:39 | INFO: Extracting primitive: Cylinder.095
15:31:39 | INFO: Primitives created: 1
15:31:39 | INFO: Extracting primitive: Cylinder.096
15:31:39 | INFO: Primitives created: 1
15:31:39 | INFO: Extracting primitive: Cylinder.097
15:31:39 | INFO: Primitives created: 1
15:31:39 | INFO: Extracting primitive: Cylinder.098
15:31:39 | INFO: Primitives created: 1
15:31:39 | INFO: Extracting primitive: Cylinder.099
15:31:39 | INFO: Primitives created: 1
15:31:39 | INFO: Extracting primitive: Cylinder.100
15:31:39 | INFO: Primitives created: 1
15:31:39 | INFO: Extracting primitive: Cylinder.101
15:31:39 | INFO: Primitives created: 1
15:31:39 | INFO: Extracting primitive: Cylinder.102
15:31:39 | INFO: Primitives created: 1
15:31:39 | INFO: Extracting primitive: Cylinder.103
15:31:39 | INFO: Primitives created: 1
15:31:39 | INFO: Extracting primitive: Cylinder.104
15:31:39 | INFO: Primitives created: 1
15:31:39 | INFO: Extracting primitive: Cylinder.105
15:31:39 | INFO: Primitives created: 1
15:31:39 | INFO: Extracting primitive: Cylinder.106
15:31:39 | INFO: Primitives created: 1
15:31:39 | INFO: Extracting primitive: Cube.104
15:31:39 | INFO: Primitives created: 1
15:31:39 | INFO: Extracting primitive: Cube.003
15:31:39 | INFO: Primitives created: 1
15:31:39 | INFO: Extracting primitive: Cube.019
15:31:39 | INFO: Primitives created: 1
15:31:39 | INFO: Extracting primitive: Cube.004
15:31:39 | INFO: Primitives created: 1
15:31:39 | INFO: Extracting primitive: Cube.005
15:31:39 | INFO: Primitives created: 1
15:31:39 | INFO: Extracting primitive: Cube.020
15:31:39 | INFO: Primitives created: 1
15:31:39 | INFO: Extracting primitive: Cube.021
15:31:39 | INFO: Primitives created: 1
15:31:39 | INFO: Extracting primitive: Cube.090
15:31:39 | INFO: Primitives created: 1
15:31:39 | INFO: Extracting primitive: Cube.089
15:31:39 | INFO: Primitives created: 1
15:31:39 | INFO: Extracting primitive: solid wood barkline top
15:31:39 | INFO: Primitives created: 1
15:31:39 | INFO: Extracting primitive: Cylinder.006
15:31:39 | INFO: Primitives created: 1
15:31:39 | INFO: Extracting primitive: Cylinder.007
15:31:39 | INFO: Primitives created: 1
15:31:39 | INFO: Extracting primitive: Cube.018
15:31:39 | INFO: Primitives created: 1
15:31:39 | INFO: Extracting primitive: Cube.088
15:31:39 | INFO: Primitives created: 1
15:31:39 | INFO: Extracting primitive: Cube.006
15:31:39 | INFO: Primitives created: 1
15:31:39 | INFO: Extracting primitive: Cube.022
15:31:39 | INFO: Primitives created: 1
15:31:39 | INFO: Extracting primitive: Cube.013
15:31:39 | INFO: Primitives created: 1
15:31:39 | INFO: Extracting primitive: Cube.023
15:31:39 | INFO: Primitives created: 1
15:31:39 | INFO: Extracting primitive: Cylinder.004
15:31:39 | INFO: Primitives created: 1
15:31:39 | INFO: Extracting primitive: Cylinder.005
15:31:39 | INFO: Primitives created: 1
15:31:39 | INFO: Extracting primitive: Cube.017
15:31:39 | INFO: Primitives created: 1
15:31:39 | INFO: Extracting primitive: Cube.087
15:31:39 | INFO: Primitives created: 1
15:31:39 | INFO: Extracting primitive: Cube.097
15:31:39 | INFO: Primitives created: 1
15:31:39 | INFO: Extracting primitive: Cube.098
15:31:39 | INFO: Primitives created: 1
15:31:39 | INFO: Extracting primitive: Cube.095
15:31:39 | INFO: Primitives created: 1
15:31:39 | INFO: Extracting primitive: Cube.096
15:31:39 | INFO: Primitives created: 1
15:31:39 | INFO: Extracting primitive: Cylinder.008
15:31:39 | INFO: Primitives created: 1
15:31:39 | INFO: Extracting primitive: Cube.094
15:31:39 | INFO: Primitives created: 1
15:31:39 | INFO: Extracting primitive: Cube.091
15:31:39 | INFO: Primitives created: 1
15:31:39 | INFO: Extracting primitive: Cube.092
15:31:39 | INFO: Primitives created: 1
15:31:39 | INFO: Extracting primitive: Cube.093
15:31:39 | INFO: Primitives created: 1
15:31:39 | INFO: Extracting primitive: Cube.099
15:31:39 | INFO: Primitives created: 1
15:31:39 | INFO: Extracting primitive: Sphere.010
15:31:39 | INFO: Primitives created: 1
15:31:39 | INFO: Extracting primitive: Sphere.011
15:31:39 | INFO: Primitives created: 1
15:31:39 | INFO: Extracting primitive: Sphere.012
15:31:39 | INFO: Primitives created: 1
15:31:39 | INFO: Extracting primitive: Cylinder.010
15:31:39 | INFO: Primitives created: 1
15:31:39 | INFO: Extracting primitive: Cylinder.009
15:31:39 | INFO: Primitives created: 1
15:31:39 | INFO: Extracting primitive: Sphere.008
15:31:39 | INFO: Primitives created: 1
15:31:39 | INFO: Extracting primitive: arched hollow condo wall
15:31:39 | INFO: Primitives created: 2
15:31:39 | INFO: Extracting primitive: Brown fleece suspended bowl hammock
15:31:39 | INFO: Primitives created: 1
15:31:39 | INFO: Extracting primitive: Hanging pom-pom cord
15:31:39 | INFO: Primitives created: 1
15:31:39 | INFO: Extracting primitive: Hanging pom-pom cord.001
15:31:39 | INFO: Primitives created: 1
15:31:39 | INFO: Extracting primitive: Hanging pom-pom cord.002
15:31:39 | INFO: Primitives created: 1
15:31:39 | INFO: Extracting primitive: High side wicker basket crossing wicker strands
15:31:39 | INFO: Primitives created: 1
15:31:39 | INFO: Extracting primitive: High side wicker basket woven horizontal courses
15:31:39 | INFO: Primitives created: 1
15:31:39 | INFO: Extracting primitive: Low side wicker basket crossing wicker strands
15:31:39 | INFO: Primitives created: 1
15:31:39 | INFO: Extracting primitive: Low side wicker basket woven horizontal courses
15:31:39 | INFO: Primitives created: 1
15:31:39 | INFO: Extracting primitive: Sisal rope winding
15:31:39 | INFO: Primitives created: 1
15:31:39 | INFO: Extracting primitive: Sisal rope winding.001
15:31:39 | INFO: Primitives created: 1
15:31:39 | INFO: Extracting primitive: Sisal rope winding.002
15:31:39 | INFO: Primitives created: 1
15:31:39 | INFO: Extracting primitive: Thick fleece hammock rim
15:31:39 | INFO: Primitives created: 1
15:31:39 | INFO: Extracting primitive: Top wicker basket crossing wicker strands
15:31:39 | INFO: Primitives created: 1
15:31:39 | INFO: Extracting primitive: Top wicker basket woven horizontal courses
15:31:39 | INFO: Primitives created: 1
15:31:39 | INFO: Extracting primitive: Sphere.009
15:31:39 | INFO: Primitives created: 1
15:31:39 | INFO: Extracting primitive: Cylinder.011
15:31:39 | INFO: Primitives created: 1
15:31:39 | INFO: Extracting primitive: Cylinder.012
15:31:39 | INFO: Primitives created: 1
15:31:39 | INFO: Extracting primitive: Cylinder.013
15:31:39 | INFO: Primitives created: 1
15:31:39 | INFO: Extracting primitive: Cylinder.014
15:31:39 | INFO: Primitives created: 1
15:31:39 | INFO: Extracting primitive: Cylinder.015
15:31:39 | INFO: Primitives created: 1
15:31:39 | INFO: Extracting primitive: Cylinder.016
15:31:39 | INFO: Primitives created: 1
15:31:39 | INFO: Extracting primitive: Cylinder.017
15:31:39 | INFO: Primitives created: 1
15:31:39 | INFO: Extracting primitive: Cylinder.018
15:31:39 | INFO: Primitives created: 1
15:31:39 | INFO: Extracting primitive: Cylinder.019
15:31:39 | INFO: Primitives created: 1
15:31:39 | INFO: Extracting primitive: Cylinder.020
15:31:39 | INFO: Primitives created: 1
15:31:39 | INFO: Extracting primitive: Cylinder.021
15:31:39 | INFO: Primitives created: 1
15:31:39 | INFO: Extracting primitive: Sphere
15:31:39 | INFO: Primitives created: 1
15:31:39 | INFO: Extracting primitive: Sphere.001
15:31:39 | INFO: Primitives created: 1
15:31:39 | INFO: Extracting primitive: Sphere.002
15:31:39 | INFO: Primitives created: 1
15:31:39 | INFO: Extracting primitive: Sphere.003
15:31:39 | INFO: Primitives created: 1
15:31:39 | INFO: Extracting primitive: Sphere.004
15:31:39 | INFO: Primitives created: 1
15:31:39 | INFO: Extracting primitive: Sphere.005
15:31:39 | INFO: Primitives created: 1
15:31:39 | INFO: Extracting primitive: Sphere.006
15:31:39 | INFO: Primitives created: 1
15:31:39 | INFO: Extracting primitive: Sphere.007
15:31:39 | INFO: Primitives created: 1
15:31:39 | INFO: Extracting primitive: Cube.100
15:31:39 | INFO: Primitives created: 1
15:31:39 | INFO: Extracting primitive: Mesh_1.001
15:31:39 | WARNING: More than one shader node tex image used for a texture. The resulting glTF sampler will behave like the first shader node tex image.
15:31:39 | INFO: Primitives created: 1
15:31:39 | INFO: Extracting primitive: Mesh_0.001
15:31:40 | WARNING: More than one shader node tex image used for a texture. The resulting glTF sampler will behave like the first shader node tex image.
15:31:40 | INFO: Primitives created: 1
15:31:40 | INFO: Finished glTF 2.0 export in 1.0891203880310059 s

15:31:40 | INFO: Starting glTF 2.0 export
15:31:40 | INFO: Extracting primitive: his-office plane mesh.002
15:31:40 | INFO: Primitives created: 1
15:31:40 | INFO: Extracting primitive: his-office plane mesh
15:31:40 | INFO: Primitives created: 1
15:31:40 | INFO: Extracting primitive: Cube.001
15:31:40 | INFO: Primitives created: 1
15:31:40 | INFO: Extracting primitive: Cube.011
15:31:40 | INFO: Primitives created: 1
15:31:40 | INFO: Extracting primitive: Cube.015
15:31:40 | INFO: Primitives created: 1
15:31:40 | INFO: Extracting primitive: Cube
15:31:40 | INFO: Primitives created: 1
15:31:40 | INFO: Extracting primitive: Cube.002
15:31:40 | INFO: Primitives created: 1
15:31:40 | INFO: Extracting primitive: Cube.007
15:31:40 | INFO: Primitives created: 1
15:31:40 | INFO: Extracting primitive: Cube.008
15:31:40 | INFO: Primitives created: 1
15:31:40 | INFO: Extracting primitive: Cube.009
15:31:40 | INFO: Primitives created: 1
15:31:40 | INFO: Extracting primitive: Cube.010
15:31:40 | INFO: Primitives created: 1
15:31:40 | INFO: Extracting primitive: Cube.012
15:31:40 | INFO: Primitives created: 1
15:31:40 | INFO: Extracting primitive: Cube.030
15:31:40 | INFO: Primitives created: 1
15:31:40 | INFO: Extracting primitive: Cube.031
15:31:40 | INFO: Primitives created: 1
15:31:40 | INFO: Extracting primitive: Cube.032
15:31:40 | INFO: Primitives created: 1
15:31:40 | INFO: Extracting primitive: Cube.033
15:31:40 | INFO: Primitives created: 1
15:31:40 | INFO: Extracting primitive: Cube.044
15:31:40 | INFO: Primitives created: 1
15:31:40 | INFO: Extracting primitive: Cube.045
15:31:40 | INFO: Primitives created: 1
15:31:40 | INFO: Extracting primitive: Cube.046
15:31:40 | INFO: Primitives created: 1
15:31:40 | INFO: Extracting primitive: Cube.047
15:31:40 | INFO: Primitives created: 1
15:31:40 | INFO: Extracting primitive: Cube.083
15:31:40 | INFO: Primitives created: 1
15:31:40 | INFO: Extracting primitive: Cube.084
15:31:40 | INFO: Primitives created: 1
15:31:40 | INFO: Extracting primitive: Cube.014
15:31:40 | INFO: Primitives created: 1
15:31:40 | INFO: Extracting primitive: Cube.016
15:31:40 | INFO: Primitives created: 1
15:31:40 | INFO: Extracting primitive: Cube.024
15:31:40 | INFO: Primitives created: 1
15:31:40 | INFO: Extracting primitive: Cube.025
15:31:40 | INFO: Primitives created: 1
15:31:40 | INFO: Extracting primitive: Cube.026
15:31:40 | INFO: Primitives created: 1
15:31:40 | INFO: Extracting primitive: Cube.027
15:31:40 | INFO: Primitives created: 1
15:31:40 | INFO: Extracting primitive: Cube.028
15:31:40 | INFO: Primitives created: 1
15:31:40 | INFO: Extracting primitive: Cube.029
15:31:40 | INFO: Primitives created: 1
15:31:40 | INFO: Extracting primitive: Cube.034
15:31:40 | INFO: Primitives created: 1
15:31:40 | INFO: Extracting primitive: Cube.035
15:31:40 | INFO: Primitives created: 1
15:31:40 | INFO: Extracting primitive: Cube.036
15:31:40 | INFO: Primitives created: 1
15:31:40 | INFO: Extracting primitive: Cube.037
15:31:40 | INFO: Primitives created: 1
15:31:40 | INFO: Extracting primitive: Cube.038
15:31:40 | INFO: Primitives created: 1
15:31:40 | INFO: Extracting primitive: Cube.039
15:31:40 | INFO: Primitives created: 1
15:31:40 | INFO: Extracting primitive: Cube.040
15:31:40 | INFO: Primitives created: 1
15:31:40 | INFO: Extracting primitive: Cube.042
15:31:40 | INFO: Primitives created: 1
15:31:40 | INFO: Extracting primitive: Cube.043
15:31:40 | INFO: Primitives created: 1
15:31:40 | INFO: Extracting primitive: Cube.048
15:31:40 | INFO: Primitives created: 1
15:31:40 | INFO: Extracting primitive: Cube.049
15:31:40 | INFO: Primitives created: 1
15:31:40 | INFO: Extracting primitive: Cube.050
15:31:40 | INFO: Primitives created: 1
15:31:40 | INFO: Extracting primitive: Cube.053
15:31:40 | INFO: Primitives created: 1
15:31:40 | INFO: Extracting primitive: Cube.054
15:31:40 | INFO: Primitives created: 1
15:31:40 | INFO: Extracting primitive: Cube.055
15:31:40 | INFO: Primitives created: 1
15:31:40 | INFO: Extracting primitive: Cube.063
15:31:40 | INFO: Primitives created: 1
15:31:40 | INFO: Extracting primitive: Cube.064
15:31:40 | INFO: Primitives created: 1
15:31:40 | INFO: Extracting primitive: Cube.065
15:31:40 | INFO: Primitives created: 1
15:31:40 | INFO: Extracting primitive: Cube.066
15:31:40 | INFO: Primitives created: 1
15:31:40 | INFO: Extracting primitive: Cube.067
15:31:40 | INFO: Primitives created: 1
15:31:40 | INFO: Extracting primitive: Cube.068
15:31:40 | INFO: Primitives created: 1
15:31:40 | INFO: Extracting primitive: Cube.069
15:31:40 | INFO: Primitives created: 1
15:31:40 | INFO: Extracting primitive: Cube.070
15:31:40 | INFO: Primitives created: 1
15:31:40 | INFO: Extracting primitive: Cube.071
15:31:40 | INFO: Primitives created: 1
15:31:40 | INFO: Extracting primitive: Cube.072
15:31:40 | INFO: Primitives created: 1
15:31:40 | INFO: Extracting primitive: Cube.073
15:31:40 | INFO: Primitives created: 1
15:31:40 | INFO: Extracting primitive: Cube.074
15:31:40 | INFO: Primitives created: 1
15:31:40 | INFO: Extracting primitive: Cube.075
15:31:40 | INFO: Primitives created: 1
15:31:40 | INFO: Extracting primitive: Cube.076
15:31:40 | INFO: Primitives created: 1
15:31:40 | INFO: Extracting primitive: Cube.077
15:31:40 | INFO: Primitives created: 1
15:31:40 | INFO: Extracting primitive: Cube.078
15:31:40 | INFO: Primitives created: 1
15:31:40 | INFO: Extracting primitive: Cube.079
15:31:40 | INFO: Primitives created: 1
15:31:40 | INFO: Extracting primitive: Cube.080
15:31:40 | INFO: Primitives created: 1
15:31:40 | INFO: Extracting primitive: Cube.081
15:31:40 | INFO: Primitives created: 1
15:31:40 | INFO: Extracting primitive: Cube.082
15:31:40 | INFO: Primitives created: 1
15:31:40 | INFO: Extracting primitive: Cylinder.003
15:31:40 | INFO: Primitives created: 1
15:31:40 | INFO: Extracting primitive: Observed recessed white arched fireplace infill
15:31:40 | INFO: Primitives created: 1
15:31:40 | INFO: Extracting primitive: Cube.085
15:31:40 | INFO: Primitives created: 1
15:31:40 | INFO: Extracting primitive: Cube.086
15:31:40 | INFO: Primitives created: 1
15:31:40 | INFO: Extracting primitive: Cylinder.023
15:31:40 | INFO: Primitives created: 1
15:31:40 | INFO: Extracting primitive: Cylinder.025
15:31:40 | INFO: Primitives created: 1
15:31:40 | INFO: Extracting primitive: Cube.101
15:31:40 | INFO: Primitives created: 1
15:31:40 | INFO: Extracting primitive: 00473546-ALEX002.001
15:31:40 | WARNING: More than one shader node tex image used for a texture. The resulting glTF sampler will behave like the first shader node tex image.
15:31:40 | INFO: Primitives created: 1
15:31:40 | INFO: Extracting primitive: Cylinder.022
15:31:40 | INFO: Primitives created: 1
15:31:40 | INFO: Extracting primitive: Cylinder.024
15:31:40 | INFO: Primitives created: 1
15:31:40 | INFO: Extracting primitive: ProcessedGeometry.004
15:31:40 | WARNING: More than one shader node tex image used for a texture. The resulting glTF sampler will behave like the first shader node tex image.
15:31:40 | INFO: Primitives created: 1
15:31:40 | INFO: Extracting primitive: ProcessedGeometry.005
15:31:40 | WARNING: More than one shader node tex image used for a texture. The resulting glTF sampler will behave like the first shader node tex image.
15:31:40 | INFO: Primitives created: 1
15:31:40 | INFO: Extracting primitive: ProcessedGeometry.006
15:31:40 | WARNING: More than one shader node tex image used for a texture. The resulting glTF sampler will behave like the first shader node tex image.
15:31:40 | INFO: Primitives created: 1
15:31:40 | INFO: Extracting primitive: ProcessedGeometry.007
15:31:40 | WARNING: More than one shader node tex image used for a texture. The resulting glTF sampler will behave like the first shader node tex image.
15:31:40 | INFO: Primitives created: 1
15:31:40 | INFO: Extracting primitive: Cylinder.034
15:31:40 | INFO: Primitives created: 1
15:31:40 | INFO: Extracting primitive: Cylinder.029
15:31:40 | INFO: Primitives created: 1
15:31:40 | INFO: Extracting primitive: Cylinder.033
15:31:40 | INFO: Primitives created: 1
15:31:40 | INFO: Extracting primitive: Cube.102
15:31:40 | INFO: Primitives created: 1
15:31:40 | INFO: Extracting primitive: Cylinder.028
15:31:40 | INFO: Primitives created: 1
15:31:40 | INFO: Extracting primitive: Cylinder.032
15:31:40 | INFO: Primitives created: 1
15:31:40 | INFO: Extracting primitive: Cylinder.026
15:31:40 | INFO: Primitives created: 1
15:31:40 | INFO: Extracting primitive: Cylinder.030
15:31:40 | INFO: Primitives created: 1
15:31:40 | INFO: Extracting primitive: Cube.103
15:31:40 | INFO: Primitives created: 1
15:31:40 | INFO: Extracting primitive: Cylinder.027
15:31:40 | INFO: Primitives created: 1
15:31:40 | INFO: Extracting primitive: Cylinder.031
15:31:40 | INFO: Primitives created: 1
15:31:40 | INFO: Extracting primitive: rug::official6x9 flatwoven textile
15:31:40 | INFO: Primitives created: 1
15:31:40 | INFO: Extracting primitive: Cube.105
15:31:40 | INFO: Primitives created: 1
15:31:40 | INFO: Extracting primitive: blue-bold-art::actual selected print
15:31:40 | INFO: Primitives created: 1
15:31:40 | INFO: Extracting primitive: Cube.106
15:31:40 | INFO: Primitives created: 1
15:31:40 | INFO: Extracting primitive: blue-geometric-art::actual selected print
15:31:40 | INFO: Primitives created: 1
15:31:40 | INFO: Extracting primitive: Cube.107
15:31:40 | INFO: Primitives created: 1
15:31:40 | INFO: Extracting primitive: Cube.110
15:31:40 | INFO: Primitives created: 1
15:31:40 | INFO: Extracting primitive: Cube.111
15:31:40 | INFO: Primitives created: 1
15:31:40 | INFO: Extracting primitive: Cube.109
15:31:40 | INFO: Primitives created: 1
15:31:40 | INFO: Extracting primitive: Cylinder.107
15:31:40 | INFO: Primitives created: 1
15:31:40 | INFO: Extracting primitive: Cube.108
15:31:40 | INFO: Primitives created: 1
15:31:40 | INFO: Extracting primitive: Cube.114
15:31:40 | INFO: Primitives created: 1
15:31:40 | INFO: Extracting primitive: Cube.115
15:31:40 | INFO: Primitives created: 1
15:31:40 | INFO: Extracting primitive: Cube.113
15:31:40 | INFO: Primitives created: 1
15:31:40 | INFO: Extracting primitive: Cylinder.108
15:31:40 | INFO: Primitives created: 1
15:31:40 | INFO: Extracting primitive: Cube.112
15:31:40 | INFO: Primitives created: 1
15:31:40 | INFO: Extracting primitive: Cube.041
15:31:40 | INFO: Primitives created: 1
15:31:40 | INFO: Extracting primitive: Cylinder
15:31:40 | INFO: Primitives created: 1
15:31:40 | INFO: Extracting primitive: Cube.051
15:31:40 | INFO: Primitives created: 1
15:31:40 | INFO: Extracting primitive: Cube.052
15:31:40 | INFO: Primitives created: 1
15:31:40 | INFO: Extracting primitive: Cube.056
15:31:40 | INFO: Primitives created: 1
15:31:40 | INFO: Extracting primitive: Cube.057
15:31:40 | INFO: Primitives created: 1
15:31:40 | INFO: Extracting primitive: Cube.058
15:31:40 | INFO: Primitives created: 1
15:31:40 | INFO: Extracting primitive: Cube.059
15:31:40 | INFO: Primitives created: 1
15:31:40 | INFO: Extracting primitive: Cube.060
15:31:40 | INFO: Primitives created: 1
15:31:40 | INFO: Extracting primitive: Cube.061
15:31:40 | INFO: Primitives created: 1
15:31:40 | INFO: Extracting primitive: Cube.062
15:31:40 | INFO: Primitives created: 1
15:31:40 | INFO: Extracting primitive: Cylinder.001
15:31:40 | INFO: Primitives created: 1
15:31:40 | INFO: Extracting primitive: Cylinder.002
15:31:40 | INFO: Primitives created: 1
15:31:40 | INFO: Extracting primitive: Cylinder.035
15:31:40 | INFO: Primitives created: 1
15:31:40 | INFO: Extracting primitive: Cylinder.036
15:31:40 | INFO: Primitives created: 1
15:31:40 | INFO: Extracting primitive: Cylinder.037
15:31:40 | INFO: Primitives created: 1
15:31:40 | INFO: Extracting primitive: Cylinder.038
15:31:40 | INFO: Primitives created: 1
15:31:40 | INFO: Extracting primitive: Cylinder.041
15:31:40 | INFO: Primitives created: 1
15:31:40 | INFO: Extracting primitive: Cylinder.042
15:31:40 | INFO: Primitives created: 1
15:31:40 | INFO: Extracting primitive: Cylinder.039
15:31:40 | INFO: Primitives created: 1
15:31:40 | INFO: Extracting primitive: Cylinder.040
15:31:40 | INFO: Primitives created: 1
15:31:40 | INFO: Extracting primitive: Cylinder.043
15:31:40 | INFO: Primitives created: 1
15:31:40 | INFO: Extracting primitive: Cylinder.044
15:31:40 | INFO: Primitives created: 1
15:31:40 | INFO: Extracting primitive: Cylinder.045
15:31:40 | INFO: Primitives created: 1
15:31:40 | INFO: Extracting primitive: Cylinder.046
15:31:40 | INFO: Primitives created: 1
15:31:40 | INFO: Extracting primitive: Cylinder.047
15:31:40 | INFO: Primitives created: 1
15:31:40 | INFO: Extracting primitive: Cylinder.048
15:31:40 | INFO: Primitives created: 1
15:31:40 | INFO: Extracting primitive: Cylinder.049
15:31:40 | INFO: Primitives created: 1
15:31:40 | INFO: Extracting primitive: Cylinder.050
15:31:40 | INFO: Primitives created: 1
15:31:40 | INFO: Extracting primitive: Cylinder.051
15:31:40 | INFO: Primitives created: 1
15:31:40 | INFO: Extracting primitive: Cylinder.052
15:31:40 | INFO: Primitives created: 1
15:31:40 | INFO: Extracting primitive: Cylinder.053
15:31:40 | INFO: Primitives created: 1
15:31:40 | INFO: Extracting primitive: Cylinder.054
15:31:40 | INFO: Primitives created: 1
15:31:40 | INFO: Extracting primitive: Cylinder.055
15:31:40 | INFO: Primitives created: 1
15:31:40 | INFO: Extracting primitive: Cylinder.056
15:31:40 | INFO: Primitives created: 1
15:31:40 | INFO: Extracting primitive: Cylinder.057
15:31:40 | INFO: Primitives created: 1
15:31:40 | INFO: Extracting primitive: Cylinder.058
15:31:40 | INFO: Primitives created: 1
15:31:40 | INFO: Extracting primitive: Cylinder.059
15:31:40 | INFO: Primitives created: 1
15:31:40 | INFO: Extracting primitive: Cylinder.060
15:31:40 | INFO: Primitives created: 1
15:31:40 | INFO: Extracting primitive: Cylinder.061
15:31:40 | INFO: Primitives created: 1
15:31:40 | INFO: Extracting primitive: Cylinder.062
15:31:40 | INFO: Primitives created: 1
15:31:40 | INFO: Extracting primitive: Cylinder.065
15:31:40 | INFO: Primitives created: 1
15:31:40 | INFO: Extracting primitive: Cylinder.066
15:31:40 | INFO: Primitives created: 1
15:31:40 | INFO: Extracting primitive: Cylinder.063
15:31:40 | INFO: Primitives created: 1
15:31:40 | INFO: Extracting primitive: Cylinder.064
15:31:40 | INFO: Primitives created: 1
15:31:40 | INFO: Extracting primitive: Cylinder.067
15:31:40 | INFO: Primitives created: 1
15:31:40 | INFO: Extracting primitive: Cylinder.068
15:31:40 | INFO: Primitives created: 1
15:31:40 | INFO: Extracting primitive: Cylinder.069
15:31:40 | INFO: Primitives created: 1
15:31:40 | INFO: Extracting primitive: Cylinder.070
15:31:40 | INFO: Primitives created: 1
15:31:40 | INFO: Extracting primitive: Cylinder.071
15:31:40 | INFO: Primitives created: 1
15:31:40 | INFO: Extracting primitive: Cylinder.072
15:31:40 | INFO: Primitives created: 1
15:31:40 | INFO: Extracting primitive: Cylinder.073
15:31:40 | INFO: Primitives created: 1
15:31:40 | INFO: Extracting primitive: Cylinder.074
15:31:40 | INFO: Primitives created: 1
15:31:40 | INFO: Extracting primitive: Cylinder.075
15:31:40 | INFO: Primitives created: 1
15:31:40 | INFO: Extracting primitive: Cylinder.076
15:31:40 | INFO: Primitives created: 1
15:31:40 | INFO: Extracting primitive: Cylinder.077
15:31:40 | INFO: Primitives created: 1
15:31:40 | INFO: Extracting primitive: Cylinder.078
15:31:40 | INFO: Primitives created: 1
15:31:40 | INFO: Extracting primitive: Cylinder.079
15:31:40 | INFO: Primitives created: 1
15:31:40 | INFO: Extracting primitive: Cylinder.080
15:31:40 | INFO: Primitives created: 1
15:31:40 | INFO: Extracting primitive: Cylinder.081
15:31:40 | INFO: Primitives created: 1
15:31:40 | INFO: Extracting primitive: Cylinder.082
15:31:40 | INFO: Primitives created: 1
15:31:40 | INFO: Extracting primitive: Cylinder.083
15:31:40 | INFO: Primitives created: 1
15:31:40 | INFO: Extracting primitive: Cylinder.084
15:31:40 | INFO: Primitives created: 1
15:31:40 | INFO: Extracting primitive: Cylinder.085
15:31:40 | INFO: Primitives created: 1
15:31:40 | INFO: Extracting primitive: Cylinder.086
15:31:40 | INFO: Primitives created: 1
15:31:40 | INFO: Extracting primitive: Cylinder.089
15:31:40 | INFO: Primitives created: 1
15:31:40 | INFO: Extracting primitive: Cylinder.090
15:31:40 | INFO: Primitives created: 1
15:31:40 | INFO: Extracting primitive: Cylinder.087
15:31:40 | INFO: Primitives created: 1
15:31:40 | INFO: Extracting primitive: Cylinder.088
15:31:40 | INFO: Primitives created: 1
15:31:40 | INFO: Extracting primitive: Cylinder.091
15:31:40 | INFO: Primitives created: 1
15:31:40 | INFO: Extracting primitive: Cylinder.092
15:31:40 | INFO: Primitives created: 1
15:31:40 | INFO: Extracting primitive: Cylinder.093
15:31:40 | INFO: Primitives created: 1
15:31:40 | INFO: Extracting primitive: Cylinder.094
15:31:40 | INFO: Primitives created: 1
15:31:40 | INFO: Extracting primitive: Cylinder.095
15:31:40 | INFO: Primitives created: 1
15:31:40 | INFO: Extracting primitive: Cylinder.096
15:31:40 | INFO: Primitives created: 1
15:31:40 | INFO: Extracting primitive: Cylinder.097
15:31:40 | INFO: Primitives created: 1
15:31:40 | INFO: Extracting primitive: Cylinder.098
15:31:40 | INFO: Primitives created: 1
15:31:40 | INFO: Extracting primitive: Cylinder.099
15:31:40 | INFO: Primitives created: 1
15:31:40 | INFO: Extracting primitive: Cylinder.100
15:31:40 | INFO: Primitives created: 1
15:31:40 | INFO: Extracting primitive: Cylinder.101
15:31:40 | INFO: Primitives created: 1
15:31:40 | INFO: Extracting primitive: Cylinder.102
15:31:40 | INFO: Primitives created: 1
15:31:40 | INFO: Extracting primitive: Cylinder.103
15:31:40 | INFO: Primitives created: 1
15:31:40 | INFO: Extracting primitive: Cylinder.104
15:31:40 | INFO: Primitives created: 1
15:31:40 | INFO: Extracting primitive: Cylinder.105
15:31:40 | INFO: Primitives created: 1
15:31:40 | INFO: Extracting primitive: Cylinder.106
15:31:40 | INFO: Primitives created: 1
15:31:41 | INFO: Extracting primitive: Cube.104
15:31:41 | INFO: Primitives created: 1
15:31:41 | INFO: Extracting primitive: Cube.003
15:31:41 | INFO: Primitives created: 1
15:31:41 | INFO: Extracting primitive: Cube.019
15:31:41 | INFO: Primitives created: 1
15:31:41 | INFO: Extracting primitive: Cube.004
15:31:41 | INFO: Primitives created: 1
15:31:41 | INFO: Extracting primitive: Cube.005
15:31:41 | INFO: Primitives created: 1
15:31:41 | INFO: Extracting primitive: Cube.020
15:31:41 | INFO: Primitives created: 1
15:31:41 | INFO: Extracting primitive: Cube.021
15:31:41 | INFO: Primitives created: 1
15:31:41 | INFO: Extracting primitive: Cube.090
15:31:41 | INFO: Primitives created: 1
15:31:41 | INFO: Extracting primitive: Cube.089
15:31:41 | INFO: Primitives created: 1
15:31:41 | INFO: Extracting primitive: solid wood barkline top
15:31:41 | INFO: Primitives created: 1
15:31:41 | INFO: Extracting primitive: Cylinder.006
15:31:41 | INFO: Primitives created: 1
15:31:41 | INFO: Extracting primitive: Cylinder.007
15:31:41 | INFO: Primitives created: 1
15:31:41 | INFO: Extracting primitive: Cube.018
15:31:41 | INFO: Primitives created: 1
15:31:41 | INFO: Extracting primitive: Cube.088
15:31:41 | INFO: Primitives created: 1
15:31:41 | INFO: Extracting primitive: Cube.006
15:31:41 | INFO: Primitives created: 1
15:31:41 | INFO: Extracting primitive: Cube.022
15:31:41 | INFO: Primitives created: 1
15:31:41 | INFO: Extracting primitive: Cube.013
15:31:41 | INFO: Primitives created: 1
15:31:41 | INFO: Extracting primitive: Cube.023
15:31:41 | INFO: Primitives created: 1
15:31:41 | INFO: Extracting primitive: Cylinder.004
15:31:41 | INFO: Primitives created: 1
15:31:41 | INFO: Extracting primitive: Cylinder.005
15:31:41 | INFO: Primitives created: 1
15:31:41 | INFO: Extracting primitive: Cube.017
15:31:41 | INFO: Primitives created: 1
15:31:41 | INFO: Extracting primitive: Cube.087
15:31:41 | INFO: Primitives created: 1
15:31:41 | INFO: Extracting primitive: Cube.097
15:31:41 | INFO: Primitives created: 1
15:31:41 | INFO: Extracting primitive: Cube.098
15:31:41 | INFO: Primitives created: 1
15:31:41 | INFO: Extracting primitive: Cube.095
15:31:41 | INFO: Primitives created: 1
15:31:41 | INFO: Extracting primitive: Cube.096
15:31:41 | INFO: Primitives created: 1
15:31:41 | INFO: Extracting primitive: Cylinder.008
15:31:41 | INFO: Primitives created: 1
15:31:41 | INFO: Extracting primitive: Cube.094
15:31:41 | INFO: Primitives created: 1
15:31:41 | INFO: Extracting primitive: Cube.091
15:31:41 | INFO: Primitives created: 1
15:31:41 | INFO: Extracting primitive: Cube.092
15:31:41 | INFO: Primitives created: 1
15:31:41 | INFO: Extracting primitive: Cube.093
15:31:41 | INFO: Primitives created: 1
15:31:41 | INFO: Extracting primitive: Cube.099
15:31:41 | INFO: Primitives created: 1
15:31:41 | INFO: Extracting primitive: Sphere.010
15:31:41 | INFO: Primitives created: 1
15:31:41 | INFO: Extracting primitive: Sphere.011
15:31:41 | INFO: Primitives created: 1
15:31:41 | INFO: Extracting primitive: Sphere.012
15:31:41 | INFO: Primitives created: 1
15:31:41 | INFO: Extracting primitive: Cylinder.010
15:31:41 | INFO: Primitives created: 1
15:31:41 | INFO: Extracting primitive: Cylinder.009
15:31:41 | INFO: Primitives created: 1
15:31:41 | INFO: Extracting primitive: Sphere.008
15:31:41 | INFO: Primitives created: 1
15:31:41 | INFO: Extracting primitive: arched hollow condo wall
15:31:41 | INFO: Primitives created: 2
15:31:41 | INFO: Extracting primitive: Brown fleece suspended bowl hammock
15:31:41 | INFO: Primitives created: 1
15:31:41 | INFO: Extracting primitive: Hanging pom-pom cord
15:31:41 | INFO: Primitives created: 1
15:31:41 | INFO: Extracting primitive: Hanging pom-pom cord.001
15:31:41 | INFO: Primitives created: 1
15:31:41 | INFO: Extracting primitive: Hanging pom-pom cord.002
15:31:41 | INFO: Primitives created: 1
15:31:41 | INFO: Extracting primitive: High side wicker basket crossing wicker strands
15:31:41 | INFO: Primitives created: 1
15:31:41 | INFO: Extracting primitive: High side wicker basket woven horizontal courses
15:31:41 | INFO: Primitives created: 1
15:31:41 | INFO: Extracting primitive: Low side wicker basket crossing wicker strands
15:31:41 | INFO: Primitives created: 1
15:31:41 | INFO: Extracting primitive: Low side wicker basket woven horizontal courses
15:31:41 | INFO: Primitives created: 1
15:31:41 | INFO: Extracting primitive: Sisal rope winding
15:31:41 | INFO: Primitives created: 1
15:31:41 | INFO: Extracting primitive: Sisal rope winding.001
15:31:41 | INFO: Primitives created: 1
15:31:41 | INFO: Extracting primitive: Sisal rope winding.002
15:31:41 | INFO: Primitives created: 1
15:31:41 | INFO: Extracting primitive: Thick fleece hammock rim
15:31:41 | INFO: Primitives created: 1
15:31:41 | INFO: Extracting primitive: Top wicker basket crossing wicker strands
15:31:41 | INFO: Primitives created: 1
15:31:41 | INFO: Extracting primitive: Top wicker basket woven horizontal courses
15:31:41 | INFO: Primitives created: 1
15:31:41 | INFO: Extracting primitive: Sphere.009
15:31:41 | INFO: Primitives created: 1
15:31:41 | INFO: Extracting primitive: Cylinder.011
15:31:41 | INFO: Primitives created: 1
15:31:41 | INFO: Extracting primitive: Cylinder.012
15:31:41 | INFO: Primitives created: 1
15:31:41 | INFO: Extracting primitive: Cylinder.013
15:31:41 | INFO: Primitives created: 1
15:31:41 | INFO: Extracting primitive: Cylinder.014
15:31:41 | INFO: Primitives created: 1
15:31:41 | INFO: Extracting primitive: Cylinder.015
15:31:41 | INFO: Primitives created: 1
15:31:41 | INFO: Extracting primitive: Cylinder.016
15:31:41 | INFO: Primitives created: 1
15:31:41 | INFO: Extracting primitive: Cylinder.017
15:31:41 | INFO: Primitives created: 1
15:31:41 | INFO: Extracting primitive: Cylinder.018
15:31:41 | INFO: Primitives created: 1
15:31:41 | INFO: Extracting primitive: Cylinder.019
15:31:41 | INFO: Primitives created: 1
15:31:41 | INFO: Extracting primitive: Cylinder.020
15:31:41 | INFO: Primitives created: 1
15:31:41 | INFO: Extracting primitive: Cylinder.021
15:31:41 | INFO: Primitives created: 1
15:31:41 | INFO: Extracting primitive: Sphere
15:31:41 | INFO: Primitives created: 1
15:31:41 | INFO: Extracting primitive: Sphere.001
15:31:41 | INFO: Primitives created: 1
15:31:41 | INFO: Extracting primitive: Sphere.002
15:31:41 | INFO: Primitives created: 1
15:31:41 | INFO: Extracting primitive: Sphere.003
15:31:41 | INFO: Primitives created: 1
15:31:41 | INFO: Extracting primitive: Sphere.004
15:31:41 | INFO: Primitives created: 1
15:31:41 | INFO: Extracting primitive: Sphere.005
15:31:41 | INFO: Primitives created: 1
15:31:41 | INFO: Extracting primitive: Sphere.006
15:31:41 | INFO: Primitives created: 1
15:31:41 | INFO: Extracting primitive: Sphere.007
15:31:41 | INFO: Primitives created: 1
15:31:41 | INFO: Extracting primitive: Cube.100
15:31:41 | INFO: Primitives created: 1
15:31:41 | INFO: Extracting primitive: Mesh_1.001
15:31:41 | WARNING: More than one shader node tex image used for a texture. The resulting glTF sampler will behave like the first shader node tex image.
15:31:41 | INFO: Primitives created: 1
15:31:41 | INFO: Extracting primitive: Mesh_0.001
15:31:41 | WARNING: More than one shader node tex image used for a texture. The resulting glTF sampler will behave like the first shader node tex image.
15:31:41 | INFO: Primitives created: 1
15:31:41 | INFO: Finished glTF 2.0 export in 1.145707607269287 s

Info: Saved "his-office-design.blend"
FRESH_HIS_OFFICE_DESIGN_READY
Blender 4.3.2
Read blend: "/workspace/his-office-redesign/model/his-office-shell.blend"

Blender quit
