ERROR Draco mesh compression is not available because library could not be found at /usr/bin/4.3/python/lib/python3.13/site-packages/libextern_draco.so
15:31:14 | INFO: Starting glTF 2.0 export
15:31:14 | INFO: Extracting primitive: his-office plane mesh.002
15:31:14 | INFO: Primitives created: 1
15:31:14 | INFO: Extracting primitive: his-office plane mesh
15:31:14 | INFO: Primitives created: 1
15:31:14 | INFO: Extracting primitive: Cube.001
15:31:14 | INFO: Primitives created: 1
15:31:14 | INFO: Extracting primitive: Cube.011
15:31:14 | INFO: Primitives created: 1
15:31:14 | INFO: Extracting primitive: Cube.015
15:31:14 | INFO: Primitives created: 1
15:31:14 | INFO: Extracting primitive: Cube
15:31:14 | INFO: Primitives created: 1
15:31:14 | INFO: Extracting primitive: Cube.002
15:31:14 | INFO: Primitives created: 1
15:31:14 | INFO: Extracting primitive: Cube.007
15:31:14 | INFO: Primitives created: 1
15:31:14 | INFO: Extracting primitive: Cube.008
15:31:14 | INFO: Primitives created: 1
15:31:14 | INFO: Extracting primitive: Cube.009
15:31:14 | INFO: Primitives created: 1
15:31:14 | INFO: Extracting primitive: Cube.010
15:31:14 | INFO: Primitives created: 1
15:31:14 | INFO: Extracting primitive: Cube.012
15:31:14 | INFO: Primitives created: 1
15:31:14 | INFO: Extracting primitive: Cube.030
15:31:14 | INFO: Primitives created: 1
15:31:14 | INFO: Extracting primitive: Cube.031
15:31:14 | INFO: Primitives created: 1
15:31:14 | INFO: Extracting primitive: Cube.032
15:31:14 | INFO: Primitives created: 1
15:31:14 | INFO: Extracting primitive: Cube.033
15:31:14 | INFO: Primitives created: 1
15:31:14 | INFO: Extracting primitive: Cube.044
15:31:14 | INFO: Primitives created: 1
15:31:14 | INFO: Extracting primitive: Cube.045
15:31:14 | INFO: Primitives created: 1
15:31:14 | INFO: Extracting primitive: Cube.046
15:31:14 | INFO: Primitives created: 1
15:31:14 | INFO: Extracting primitive: Cube.047
15:31:14 | INFO: Primitives created: 1
15:31:14 | INFO: Extracting primitive: Cube.083
15:31:14 | INFO: Primitives created: 1
15:31:14 | INFO: Extracting primitive: Cube.084
15:31:14 | INFO: Primitives created: 1
15:31:14 | INFO: Extracting primitive: Cube.014
15:31:14 | INFO: Primitives created: 1
15:31:14 | INFO: Extracting primitive: Cube.016
15:31:14 | INFO: Primitives created: 1
15:31:14 | INFO: Extracting primitive: Cube.024
15:31:14 | INFO: Primitives created: 1
15:31:14 | INFO: Extracting primitive: Cube.025
15:31:14 | INFO: Primitives created: 1
15:31:14 | INFO: Extracting primitive: Cube.026
15:31:14 | INFO: Primitives created: 1
15:31:14 | INFO: Extracting primitive: Cube.027
15:31:14 | INFO: Primitives created: 1
15:31:14 | INFO: Extracting primitive: Cube.028
15:31:14 | INFO: Primitives created: 1
15:31:14 | INFO: Extracting primitive: Cube.029
15:31:14 | INFO: Primitives created: 1
15:31:14 | INFO: Extracting primitive: Cube.034
15:31:14 | INFO: Primitives created: 1
15:31:14 | INFO: Extracting primitive: Cube.035
15:31:14 | INFO: Primitives created: 1
15:31:14 | INFO: Extracting primitive: Cube.036
15:31:14 | INFO: Primitives created: 1
15:31:14 | INFO: Extracting primitive: Cube.037
15:31:14 | INFO: Primitives created: 1
15:31:14 | INFO: Extracting primitive: Cube.038
15:31:14 | INFO: Primitives created: 1
15:31:14 | INFO: Extracting primitive: Cube.039
15:31:14 | INFO: Primitives created: 1
15:31:14 | INFO: Extracting primitive: Cube.040
15:31:14 | INFO: Primitives created: 1
15:31:14 | INFO: Extracting primitive: Cube.042
15:31:14 | INFO: Primitives created: 1
15:31:14 | INFO: Extracting primitive: Cube.043
15:31:14 | INFO: Primitives created: 1
15:31:14 | INFO: Extracting primitive: Cube.048
15:31:14 | INFO: Primitives created: 1
15:31:14 | INFO: Extracting primitive: Cube.049
15:31:14 | INFO: Primitives created: 1
15:31:14 | INFO: Extracting primitive: Cube.050
15:31:14 | INFO: Primitives created: 1
15:31:14 | INFO: Extracting primitive: Cube.053
15:31:14 | INFO: Primitives created: 1
15:31:14 | INFO: Extracting primitive: Cube.054
15:31:14 | INFO: Primitives created: 1
15:31:14 | INFO: Extracting primitive: Cube.055
15:31:14 | INFO: Primitives created: 1
15:31:14 | INFO: Extracting primitive: Cube.063
15:31:14 | INFO: Primitives created: 1
15:31:14 | INFO: Extracting primitive: Cube.064
15:31:14 | INFO: Primitives created: 1
15:31:14 | INFO: Extracting primitive: Cube.065
15:31:14 | INFO: Primitives created: 1
15:31:14 | INFO: Extracting primitive: Cube.066
15:31:14 | INFO: Primitives created: 1
15:31:14 | INFO: Extracting primitive: Cube.067
15:31:14 | INFO: Primitives created: 1
15:31:14 | INFO: Extracting primitive: Cube.068
15:31:14 | INFO: Primitives created: 1
15:31:14 | INFO: Extracting primitive: Cube.069
15:31:14 | INFO: Primitives created: 1
15:31:14 | INFO: Extracting primitive: Cube.070
15:31:14 | INFO: Primitives created: 1
15:31:14 | INFO: Extracting primitive: Cube.071
15:31:14 | INFO: Primitives created: 1
15:31:14 | INFO: Extracting primitive: Cube.072
15:31:14 | INFO: Primitives created: 1
15:31:14 | INFO: Extracting primitive: Cube.073
15:31:14 | INFO: Primitives created: 1
15:31:14 | INFO: Extracting primitive: Cube.074
15:31:14 | INFO: Primitives created: 1
15:31:14 | INFO: Extracting primitive: Cube.075
15:31:14 | INFO: Primitives created: 1
15:31:14 | INFO: Extracting primitive: Cube.076
15:31:14 | INFO: Primitives created: 1
15:31:14 | INFO: Extracting primitive: Cube.077
15:31:14 | INFO: Primitives created: 1
15:31:14 | INFO: Extracting primitive: Cube.078
15:31:14 | INFO: Primitives created: 1
15:31:14 | INFO: Extracting primitive: Cube.079
15:31:14 | INFO: Primitives created: 1
15:31:14 | INFO: Extracting primitive: Cube.080
15:31:14 | INFO: Primitives created: 1
15:31:14 | INFO: Extracting primitive: Cube.081
15:31:14 | INFO: Primitives created: 1
15:31:14 | INFO: Extracting primitive: Cube.082
15:31:14 | INFO: Primitives created: 1
15:31:14 | INFO: Extracting primitive: Cylinder.003
15:31:14 | INFO: Primitives created: 1
15:31:14 | INFO: Extracting primitive: Observed recessed white arched fireplace infill
15:31:14 | INFO: Primitives created: 1
15:31:14 | INFO: Extracting primitive: Cube.085
15:31:14 | INFO: Primitives created: 1
15:31:14 | INFO: Extracting primitive: Cube.086
15:31:14 | INFO: Primitives created: 1
15:31:14 | INFO: Finished glTF 2.0 export in 0.29306578636169434 s

15:31:14 | INFO: Starting glTF 2.0 export
15:31:14 | INFO: Extracting primitive: Cube.041
15:31:14 | INFO: Primitives created: 1
15:31:14 | INFO: Extracting primitive: Cylinder
15:31:14 | INFO: Primitives created: 1
15:31:14 | INFO: Extracting primitive: Cube.051
15:31:14 | INFO: Primitives created: 1
15:31:14 | INFO: Extracting primitive: Cube.052
15:31:14 | INFO: Primitives created: 1
15:31:14 | INFO: Extracting primitive: Cube.056
15:31:14 | INFO: Primitives created: 1
15:31:14 | INFO: Extracting primitive: Cube.057
15:31:14 | INFO: Primitives created: 1
15:31:14 | INFO: Extracting primitive: Cube.058
15:31:14 | INFO: Primitives created: 1
15:31:14 | INFO: Extracting primitive: Cube.059
15:31:14 | INFO: Primitives created: 1
15:31:14 | INFO: Extracting primitive: Cube.060
15:31:14 | INFO: Primitives created: 1
15:31:14 | INFO: Extracting primitive: Cube.061
15:31:14 | INFO: Primitives created: 1
15:31:14 | INFO: Extracting primitive: Cube.062
15:31:14 | INFO: Primitives created: 1
15:31:14 | INFO: Extracting primitive: Cylinder.001
15:31:14 | INFO: Primitives created: 1
15:31:14 | INFO: Extracting primitive: Cylinder.002
15:31:14 | INFO: Primitives created: 1
15:31:14 | INFO: Finished glTF 2.0 export in 0.04059028625488281 s

15:31:14 | INFO: Starting glTF 2.0 export
15:31:14 | INFO: Extracting primitive: his-office plane mesh.002
15:31:14 | INFO: Primitives created: 1
15:31:14 | INFO: Extracting primitive: his-office plane mesh
15:31:14 | INFO: Primitives created: 1
15:31:14 | INFO: Extracting primitive: Cube.001
15:31:14 | INFO: Primitives created: 1
15:31:14 | INFO: Extracting primitive: Cube.011
15:31:14 | INFO: Primitives created: 1
15:31:14 | INFO: Extracting primitive: Cube.015
15:31:14 | INFO: Primitives created: 1
15:31:14 | INFO: Extracting primitive: Cube
15:31:14 | INFO: Primitives created: 1
15:31:14 | INFO: Extracting primitive: Cube.002
15:31:14 | INFO: Primitives created: 1
15:31:14 | INFO: Extracting primitive: Cube.007
15:31:14 | INFO: Primitives created: 1
15:31:14 | INFO: Extracting primitive: Cube.008
15:31:14 | INFO: Primitives created: 1
15:31:14 | INFO: Extracting primitive: Cube.009
15:31:14 | INFO: Primitives created: 1
15:31:14 | INFO: Extracting primitive: Cube.010
15:31:14 | INFO: Primitives created: 1
15:31:14 | INFO: Extracting primitive: Cube.012
15:31:14 | INFO: Primitives created: 1
15:31:14 | INFO: Extracting primitive: Cube.030
15:31:14 | INFO: Primitives created: 1
15:31:14 | INFO: Extracting primitive: Cube.031
15:31:14 | INFO: Primitives created: 1
15:31:14 | INFO: Extracting primitive: Cube.032
15:31:14 | INFO: Primitives created: 1
15:31:14 | INFO: Extracting primitive: Cube.033
15:31:14 | INFO: Primitives created: 1
15:31:14 | INFO: Extracting primitive: Cube.044
15:31:14 | INFO: Primitives created: 1
15:31:14 | INFO: Extracting primitive: Cube.045
15:31:14 | INFO: Primitives created: 1
15:31:14 | INFO: Extracting primitive: Cube.046
15:31:14 | INFO: Primitives created: 1
15:31:14 | INFO: Extracting primitive: Cube.047
15:31:14 | INFO: Primitives created: 1
15:31:14 | INFO: Extracting primitive: Cube.083
15:31:14 | INFO: Primitives created: 1
15:31:14 | INFO: Extracting primitive: Cube.084
15:31:14 | INFO: Primitives created: 1
15:31:14 | INFO: Extracting primitive: Cube.014
15:31:14 | INFO: Primitives created: 1
15:31:14 | INFO: Extracting primitive: Cube.016
15:31:14 | INFO: Primitives created: 1
15:31:14 | INFO: Extracting primitive: Cube.024
15:31:14 | INFO: Primitives created: 1
15:31:14 | INFO: Extracting primitive: Cube.025
15:31:14 | INFO: Primitives created: 1
15:31:14 | INFO: Extracting primitive: Cube.026
15:31:14 | INFO: Primitives created: 1
15:31:14 | INFO: Extracting primitive: Cube.027
15:31:14 | INFO: Primitives created: 1
15:31:14 | INFO: Extracting primitive: Cube.028
15:31:14 | INFO: Primitives created: 1
15:31:14 | INFO: Extracting primitive: Cube.029
15:31:14 | INFO: Primitives created: 1
15:31:14 | INFO: Extracting primitive: Cube.034
15:31:14 | INFO: Primitives created: 1
15:31:14 | INFO: Extracting primitive: Cube.035
15:31:14 | INFO: Primitives created: 1
15:31:14 | INFO: Extracting primitive: Cube.036
15:31:14 | INFO: Primitives created: 1
15:31:14 | INFO: Extracting primitive: Cube.037
15:31:14 | INFO: Primitives created: 1
15:31:14 | INFO: Extracting primitive: Cube.038
15:31:14 | INFO: Primitives created: 1
15:31:14 | INFO: Extracting primitive: Cube.039
15:31:14 | INFO: Primitives created: 1
15:31:14 | INFO: Extracting primitive: Cube.040
15:31:14 | INFO: Primitives created: 1
15:31:14 | INFO: Extracting primitive: Cube.042
15:31:14 | INFO: Primitives created: 1
15:31:14 | INFO: Extracting primitive: Cube.043
15:31:14 | INFO: Primitives created: 1
15:31:14 | INFO: Extracting primitive: Cube.048
15:31:14 | INFO: Primitives created: 1
15:31:14 | INFO: Extracting primitive: Cube.049
15:31:14 | INFO: Primitives created: 1
15:31:14 | INFO: Extracting primitive: Cube.050
15:31:14 | INFO: Primitives created: 1
15:31:14 | INFO: Extracting primitive: Cube.053
15:31:14 | INFO: Primitives created: 1
15:31:14 | INFO: Extracting primitive: Cube.054
15:31:14 | INFO: Primitives created: 1
15:31:14 | INFO: Extracting primitive: Cube.055
15:31:14 | INFO: Primitives created: 1
15:31:14 | INFO: Extracting primitive: Cube.063
15:31:14 | INFO: Primitives created: 1
15:31:14 | INFO: Extracting primitive: Cube.064
15:31:14 | INFO: Primitives created: 1
15:31:14 | INFO: Extracting primitive: Cube.065
15:31:14 | INFO: Primitives created: 1
15:31:14 | INFO: Extracting primitive: Cube.066
15:31:14 | INFO: Primitives created: 1
15:31:14 | INFO: Extracting primitive: Cube.067
15:31:14 | INFO: Primitives created: 1
15:31:14 | INFO: Extracting primitive: Cube.068
15:31:14 | INFO: Primitives created: 1
15:31:14 | INFO: Extracting primitive: Cube.069
15:31:14 | INFO: Primitives created: 1
15:31:14 | INFO: Extracting primitive: Cube.070
15:31:14 | INFO: Primitives created: 1
15:31:14 | INFO: Extracting primitive: Cube.071
15:31:14 | INFO: Primitives created: 1
15:31:14 | INFO: Extracting primitive: Cube.072
15:31:14 | INFO: Primitives created: 1
15:31:14 | INFO: Extracting primitive: Cube.073
15:31:14 | INFO: Primitives created: 1
15:31:14 | INFO: Extracting primitive: Cube.074
15:31:14 | INFO: Primitives created: 1
15:31:14 | INFO: Extracting primitive: Cube.075
15:31:14 | INFO: Primitives created: 1
15:31:14 | INFO: Extracting primitive: Cube.076
15:31:14 | INFO: Primitives created: 1
15:31:14 | INFO: Extracting primitive: Cube.077
15:31:14 | INFO: Primitives created: 1
15:31:14 | INFO: Extracting primitive: Cube.078
15:31:14 | INFO: Primitives created: 1
15:31:14 | INFO: Extracting primitive: Cube.079
15:31:14 | INFO: Primitives created: 1
15:31:14 | INFO: Extracting primitive: Cube.080
15:31:14 | INFO: Primitives created: 1
15:31:14 | INFO: Extracting primitive: Cube.081
15:31:14 | INFO: Primitives created: 1
15:31:14 | INFO: Extracting primitive: Cube.082
15:31:14 | INFO: Primitives created: 1
15:31:14 | INFO: Extracting primitive: Cylinder.003
15:31:14 | INFO: Primitives created: 1
15:31:14 | INFO: Extracting primitive: Observed recessed white arched fireplace infill
15:31:14 | INFO: Primitives created: 1
15:31:14 | INFO: Extracting primitive: Cube.085
15:31:14 | INFO: Primitives created: 1
15:31:14 | INFO: Extracting primitive: Cube.086
15:31:14 | INFO: Primitives created: 1
15:31:14 | INFO: Extracting primitive: Cube.041
15:31:14 | INFO: Primitives created: 1
15:31:14 | INFO: Extracting primitive: Cylinder
15:31:14 | INFO: Primitives created: 1
15:31:14 | INFO: Extracting primitive: Cube.051
15:31:14 | INFO: Primitives created: 1
15:31:14 | INFO: Extracting primitive: Cube.052
15:31:14 | INFO: Primitives created: 1
15:31:14 | INFO: Extracting primitive: Cube.056
15:31:14 | INFO: Primitives created: 1
15:31:14 | INFO: Extracting primitive: Cube.057
15:31:14 | INFO: Primitives created: 1
15:31:14 | INFO: Extracting primitive: Cube.058
15:31:14 | INFO: Primitives created: 1
15:31:14 | INFO: Extracting primitive: Cube.059
15:31:14 | INFO: Primitives created: 1
15:31:14 | INFO: Extracting primitive: Cube.060
15:31:14 | INFO: Primitives created: 1
15:31:14 | INFO: Extracting primitive: Cube.061
15:31:14 | INFO: Primitives created: 1
15:31:14 | INFO: Extracting primitive: Cube.062
15:31:14 | INFO: Primitives created: 1
15:31:14 | INFO: Extracting primitive: Cylinder.001
15:31:14 | INFO: Primitives created: 1
15:31:14 | INFO: Extracting primitive: Cylinder.002
15:31:14 | INFO: Primitives created: 1
15:31:14 | INFO: Finished glTF 2.0 export in 0.24351882934570312 s

Info: Saved "his-office-shell.blend"
AUDITED_HIS_ONLY_SHELL_READY
Blender 4.3.2
Read blend: "/workspace/his-office-redesign/model/unfurnished-source-shell.blend"

Blender quit
