Blender 4.3.2
Read blend: "/workspace/his-office-redesign/model/keepers-and-taskchairs.blend"
Fra:1 Mem:28.81M (Peak 28.81M) | Time:00:00.00 | Mem:0.00M, Peak:0.00M | Scene, ViewLayer | Synchronizing object | U-base closed crossbar
Fra:1 Mem:28.81M (Peak 28.81M) | Time:00:00.00 | Mem:0.00M, Peak:0.00M | Scene, ViewLayer | Synchronizing object | U-base open prong.001
Fra:1 Mem:28.83M (Peak 28.83M) | Time:00:00.00 | Mem:0.00M, Peak:0.00M | Scene, ViewLayer | Synchronizing object | Narrow parallel LED light bar.001
Fra:1 Mem:28.85M (Peak 28.85M) | Time:00:00.00 | Mem:0.00M, Peak:0.00M | Scene, ViewLayer | Synchronizing object | Slim rectangular upright
Fra:1 Mem:28.88M (Peak 28.88M) | Time:00:00.00 | Mem:0.00M, Peak:0.00M | Scene, ViewLayer | Synchronizing object | Rectangular panel long rim
Fra:1 Mem:28.90M (Peak 28.90M) | Time:00:00.00 | Mem:0.00M, Peak:0.00M | Scene, ViewLayer | Synchronizing object | Rectangular panel long rim.001
Fra:1 Mem:28.90M (Peak 28.90M) | Time:00:00.00 | Mem:0.00M, Peak:0.00M | Scene, ViewLayer | Synchronizing object | Rectangular panel end rim
Fra:1 Mem:28.93M (Peak 28.93M) | Time:00:00.00 | Mem:0.00M, Peak:0.00M | Scene, ViewLayer | Synchronizing object | Rectangular panel end rim.001
Fra:1 Mem:28.96M (Peak 28.96M) | Time:00:00.00 | Mem:0.00M, Peak:0.00M | Scene, ViewLayer | Initializing
Fra:1 Mem:28.32M (Peak 28.96M) | Time:00:00.00 | Mem:0.00M, Peak:0.00M | Scene, ViewLayer | Waiting for render to start
Fra:1 Mem:28.32M (Peak 28.96M) | Time:00:00.00 | Mem:0.00M, Peak:0.00M | Scene, ViewLayer | Loading render kernels (may take a few minutes the first time)
Fra:1 Mem:28.32M (Peak 28.96M) | Time:00:00.00 | Mem:0.00M, Peak:0.00M | Scene, ViewLayer | Updating Scene
Fra:1 Mem:28.32M (Peak 28.96M) | Time:00:00.00 | Mem:0.00M, Peak:0.00M | Scene, ViewLayer | Updating Shaders
Fra:1 Mem:28.40M (Peak 28.96M) | Time:00:00.00 | Mem:0.00M, Peak:0.00M | Scene, ViewLayer | Updating Procedurals
Fra:1 Mem:28.40M (Peak 28.96M) | Time:00:00.00 | Mem:0.00M, Peak:0.00M | Scene, ViewLayer | Updating Background
Fra:1 Mem:28.40M (Peak 28.96M) | Time:00:00.00 | Mem:0.00M, Peak:0.00M | Scene, ViewLayer | Updating Camera
Fra:1 Mem:28.40M (Peak 28.96M) | Time:00:00.00 | Mem:0.00M, Peak:0.00M | Scene, ViewLayer | Updating Meshes Flags
Fra:1 Mem:28.40M (Peak 28.96M) | Time:00:00.00 | Mem:0.00M, Peak:0.00M | Scene, ViewLayer | Updating Objects
Fra:1 Mem:28.40M (Peak 28.96M) | Time:00:00.00 | Mem:0.00M, Peak:0.00M | Scene, ViewLayer | Updating Objects | Copying Transformations to device
Fra:1 Mem:28.41M (Peak 28.96M) | Time:00:00.00 | Mem:0.01M, Peak:0.01M | Scene, ViewLayer | Updating Objects | Applying Static Transformations
Fra:1 Mem:28.41M (Peak 28.96M) | Time:00:00.00 | Mem:0.01M, Peak:0.01M | Scene, ViewLayer | Updating Particle Systems
Fra:1 Mem:28.41M (Peak 28.96M) | Time:00:00.00 | Mem:0.01M, Peak:0.01M | Scene, ViewLayer | Updating Particle Systems | Copying Particles to device
Fra:1 Mem:28.41M (Peak 28.96M) | Time:00:00.00 | Mem:0.01M, Peak:0.01M | Scene, ViewLayer | Updating Meshes
Fra:1 Mem:28.44M (Peak 28.96M) | Time:00:00.00 | Mem:0.01M, Peak:0.01M | Scene, ViewLayer | Updating Mesh | Computing attributes
Fra:1 Mem:28.45M (Peak 28.96M) | Time:00:00.00 | Mem:0.01M, Peak:0.01M | Scene, ViewLayer | Updating Mesh | Copying Attributes to device
Fra:1 Mem:28.45M (Peak 28.96M) | Time:00:00.00 | Mem:0.02M, Peak:0.02M | Scene, ViewLayer | Updating Scene BVH | Building
Fra:1 Mem:28.45M (Peak 28.96M) | Time:00:00.00 | Mem:0.02M, Peak:0.02M | Scene, ViewLayer | Updating Scene BVH | Building BVH
Fra:1 Mem:28.45M (Peak 28.96M) | Time:00:00.00 | Mem:0.08M, Peak:0.08M | Scene, ViewLayer | Updating Scene BVH | Building BVH 0%
Fra:1 Mem:28.45M (Peak 28.96M) | Time:00:00.00 | Mem:0.16M, Peak:0.22M | Scene, ViewLayer | Updating Scene BVH | Copying BVH to device
Fra:1 Mem:28.45M (Peak 28.96M) | Time:00:00.00 | Mem:0.16M, Peak:0.22M | Scene, ViewLayer | Updating Mesh | Computing normals
Fra:1 Mem:28.52M (Peak 28.96M) | Time:00:00.00 | Mem:0.16M, Peak:0.22M | Scene, ViewLayer | Updating Mesh | Copying Mesh to device
Fra:1 Mem:28.52M (Peak 28.96M) | Time:00:00.00 | Mem:0.23M, Peak:0.23M | Scene, ViewLayer | Updating Objects Flags
Fra:1 Mem:28.52M (Peak 28.96M) | Time:00:00.00 | Mem:0.23M, Peak:0.23M | Scene, ViewLayer | Updating Primitive Offsets
Fra:1 Mem:28.52M (Peak 28.96M) | Time:00:00.00 | Mem:0.23M, Peak:0.23M | Scene, ViewLayer | Updating Images
Fra:1 Mem:28.52M (Peak 28.96M) | Time:00:00.00 | Mem:0.23M, Peak:0.23M | Scene, ViewLayer | Updating Camera Volume
Fra:1 Mem:28.52M (Peak 28.96M) | Time:00:00.00 | Mem:0.23M, Peak:0.23M | Scene, ViewLayer | Updating Lookup Tables
Fra:1 Mem:28.52M (Peak 28.96M) | Time:00:00.00 | Mem:0.31M, Peak:0.31M | Scene, ViewLayer | Updating Lights
Fra:1 Mem:28.52M (Peak 28.96M) | Time:00:00.00 | Mem:0.31M, Peak:0.31M | Scene, ViewLayer | Updating Lights | Computing tree
Fra:1 Mem:28.58M (Peak 28.96M) | Time:00:00.00 | Mem:0.38M, Peak:0.38M | Scene, ViewLayer | Updating Integrator
Fra:1 Mem:28.58M (Peak 28.96M) | Time:00:00.00 | Mem:0.38M, Peak:0.38M | Scene, ViewLayer | Updating Film
Fra:1 Mem:28.59M (Peak 28.96M) | Time:00:00.00 | Mem:0.30M, Peak:0.38M | Scene, ViewLayer | Updating Lookup Tables
Fra:1 Mem:28.59M (Peak 28.96M) | Time:00:00.00 | Mem:0.38M, Peak:0.38M | Scene, ViewLayer | Updating Baking
Fra:1 Mem:28.59M (Peak 28.96M) | Time:00:00.00 | Mem:0.38M, Peak:0.38M | Scene, ViewLayer | Updating Device | Writing constant memory
Fra:1 Mem:28.59M (Peak 28.96M) | Time:00:00.00 | Mem:0.38M, Peak:0.38M | Scene, ViewLayer | Sample 0/24
Fra:1 Mem:42.76M (Peak 42.76M) | Time:00:00.07 | Remaining:00:01.56 | Mem:14.54M, Peak:14.54M | Scene, ViewLayer | Sample 1/24
Fra:1 Mem:49.06M (Peak 61.65M) | Time:00:01.15 | Mem:14.54M, Peak:14.54M | Scene, ViewLayer | Sample 24/24
Fra:1 Mem:49.06M (Peak 61.65M) | Time:00:01.15 | Mem:14.54M, Peak:14.54M | Scene, ViewLayer | Finished
Saved: '/workspace/his-office-redesign/model/honeywell-open-head-proof.jpg'
Time: 00:01.36 (Saving: 00:00.20)


Blender quit
