Blender 4.3.2
Read blend: "/workspace/his-office-redesign/model/keeper-append-proof.blend"
Fra:1 Mem:36.86M (Peak 36.86M) | Time:00:00.00 | Mem:0.00M, Peak:0.00M | Scene, ViewLayer | Synchronizing object | kept-uplift-desk::solid wood barkline top
Fra:1 Mem:36.86M (Peak 36.86M) | Time:00:00.00 | Mem:0.00M, Peak:0.00M | Scene, ViewLayer | Synchronizing object | Foot glide
Fra:1 Mem:36.92M (Peak 36.92M) | Time:00:00.00 | Mem:0.00M, Peak:0.00M | Scene, ViewLayer | Synchronizing object | Foot glide.001
Fra:1 Mem:36.94M (Peak 36.94M) | Time:00:00.00 | Mem:0.00M, Peak:0.00M | Scene, ViewLayer | Synchronizing object | V2 lower slim stage
Fra:1 Mem:36.95M (Peak 36.95M) | Time:00:00.00 | Mem:0.00M, Peak:0.00M | Scene, ViewLayer | Synchronizing object | V2 middle stage
Fra:1 Mem:36.97M (Peak 36.97M) | Time:00:00.00 | Mem:0.00M, Peak:0.00M | Scene, ViewLayer | Synchronizing object | V2 upper stage
Fra:1 Mem:36.98M (Peak 36.98M) | Time:00:00.00 | Mem:0.00M, Peak:0.00M | Scene, ViewLayer | Synchronizing object | Underside side bracket
Fra:1 Mem:36.99M (Peak 36.99M) | Time:00:00.00 | Mem:0.00M, Peak:0.00M | Scene, ViewLayer | Synchronizing object | V2 triangular stability brace
Fra:1 Mem:37.01M (Peak 37.01M) | Time:00:00.00 | Mem:0.00M, Peak:0.00M | Scene, ViewLayer | Synchronizing object | C-frame steel foot.001
Fra:1 Mem:37.03M (Peak 37.03M) | Time:00:00.00 | Mem:0.00M, Peak:0.00M | Scene, ViewLayer | Synchronizing object | Foot glide.003
Fra:1 Mem:37.04M (Peak 37.04M) | Time:00:00.00 | Mem:0.00M, Peak:0.00M | Scene, ViewLayer | Synchronizing object | V2 lower slim stage.001
Fra:1 Mem:37.07M (Peak 37.07M) | Time:00:00.00 | Mem:0.00M, Peak:0.00M | Scene, ViewLayer | Synchronizing object | V2 middle stage.001
Fra:1 Mem:37.08M (Peak 37.08M) | Time:00:00.00 | Mem:0.00M, Peak:0.00M | Scene, ViewLayer | Synchronizing object | V2 upper stage.001
Fra:1 Mem:37.08M (Peak 37.08M) | Time:00:00.00 | Mem:0.00M, Peak:0.00M | Scene, ViewLayer | Synchronizing object | Underside side bracket.001
Fra:1 Mem:37.12M (Peak 37.12M) | Time:00:00.00 | Mem:0.00M, Peak:0.00M | Scene, ViewLayer | Synchronizing object | V2 triangular stability brace.001
Fra:1 Mem:37.14M (Peak 37.14M) | Time:00:00.00 | Mem:0.00M, Peak:0.00M | Scene, ViewLayer | Synchronizing object | Hidden upper crossbar
Fra:1 Mem:37.14M (Peak 37.14M) | Time:00:00.00 | Mem:0.00M, Peak:0.00M | Scene, ViewLayer | Synchronizing object | Two brushed nickel grommet covers
Fra:1 Mem:37.16M (Peak 37.16M) | Time:00:00.00 | Mem:0.00M, Peak:0.00M | Scene, ViewLayer | Synchronizing object | Two brushed nickel grommet covers.001
Fra:1 Mem:37.16M (Peak 37.16M) | Time:00:00.00 | Mem:0.00M, Peak:0.00M | Scene, ViewLayer | Synchronizing object | Height keypad
Fra:1 Mem:37.19M (Peak 37.19M) | Time:00:00.00 | Mem:0.00M, Peak:0.00M | Scene, ViewLayer | Synchronizing object | U-base closed crossbar
Fra:1 Mem:37.20M (Peak 37.20M) | Time:00:00.00 | Mem:0.00M, Peak:0.00M | Scene, ViewLayer | Synchronizing object | U-base open prong
Fra:1 Mem:37.21M (Peak 37.21M) | Time:00:00.00 | Mem:0.00M, Peak:0.00M | Scene, ViewLayer | Synchronizing object | U-base open prong.001
Fra:1 Mem:37.22M (Peak 37.22M) | Time:00:00.00 | Mem:0.00M, Peak:0.00M | Scene, ViewLayer | Synchronizing object | Slim rectangular upright
Fra:1 Mem:37.24M (Peak 37.24M) | Time:00:00.00 | Mem:0.00M, Peak:0.00M | Scene, ViewLayer | Synchronizing object | Rotary dimming knob
Fra:1 Mem:37.25M (Peak 37.25M) | Time:00:00.00 | Mem:0.00M, Peak:0.00M | Scene, ViewLayer | Synchronizing object | Rectangular panel long rim
Fra:1 Mem:37.25M (Peak 37.25M) | Time:00:00.00 | Mem:0.00M, Peak:0.00M | Scene, ViewLayer | Synchronizing object | Rectangular panel long rim.001
Fra:1 Mem:37.28M (Peak 37.28M) | Time:00:00.00 | Mem:0.00M, Peak:0.00M | Scene, ViewLayer | Synchronizing object | Temporary preview floor
Fra:1 Mem:37.29M (Peak 37.29M) | Time:00:00.00 | Mem:0.00M, Peak:0.00M | Scene, ViewLayer | Synchronizing object | Rectangular panel end rim.001
Fra:1 Mem:37.29M (Peak 37.29M) | Time:00:00.00 | Mem:0.00M, Peak:0.00M | Scene, ViewLayer | Synchronizing object | Upper and lower light panel
Fra:1 Mem:37.30M (Peak 37.30M) | Time:00:00.00 | Mem:0.00M, Peak:0.00M | Scene, ViewLayer | Synchronizing object | branch-pro-task-chair-1::Back | Plane001
Fra:1 Mem:37.32M (Peak 37.32M) | Time:00:00.00 | Mem:0.00M, Peak:0.00M | Scene, ViewLayer | Synchronizing object | Triple thickness brown fleece base
Fra:1 Mem:37.33M (Peak 37.33M) | Time:00:00.00 | Mem:0.00M, Peak:0.00M | Scene, ViewLayer | Synchronizing object | kept-muttros-cat-tree::arched hollow condo wall
Fra:1 Mem:38.42M (Peak 38.42M) | Time:00:00.00 | Mem:0.00M, Peak:0.00M | Scene, ViewLayer | Synchronizing object | Condo top plush cushion
Fra:1 Mem:38.48M (Peak 38.48M) | Time:00:00.00 | Mem:0.00M, Peak:0.00M | Scene, ViewLayer | Synchronizing object | Condo dark floor
Fra:1 Mem:38.65M (Peak 38.65M) | Time:00:00.00 | Mem:0.00M, Peak:0.00M | Scene, ViewLayer | Synchronizing object | Natural wood branch0-0
Fra:1 Mem:38.70M (Peak 38.70M) | Time:00:00.00 | Mem:0.00M, Peak:0.00M | Scene, ViewLayer | Synchronizing object | Natural wood branch0-1
Fra:1 Mem:38.70M (Peak 38.70M) | Time:00:00.00 | Mem:0.00M, Peak:0.00M | Scene, ViewLayer | Synchronizing object | Natural wood branch0-2
Fra:1 Mem:38.71M (Peak 38.71M) | Time:00:00.00 | Mem:0.00M, Peak:0.00M | Scene, ViewLayer | Synchronizing object | Natural wood branch0-3
Fra:1 Mem:38.73M (Peak 38.73M) | Time:00:00.00 | Mem:0.00M, Peak:0.00M | Scene, ViewLayer | Synchronizing object | Organic branch junction
Fra:1 Mem:38.73M (Peak 38.73M) | Time:00:00.00 | Mem:0.00M, Peak:0.00M | Scene, ViewLayer | Synchronizing object | Organic branch junction.001
Fra:1 Mem:39.86M (Peak 39.86M) | Time:00:00.00 | Mem:0.00M, Peak:0.00M | Scene, ViewLayer | Synchronizing object | Organic branch junction.002
Fra:1 Mem:39.99M (Peak 39.99M) | Time:00:00.00 | Mem:0.00M, Peak:0.00M | Scene, ViewLayer | Synchronizing object | Natural wood branch1-0
Fra:1 Mem:40.00M (Peak 40.00M) | Time:00:00.00 | Mem:0.00M, Peak:0.00M | Scene, ViewLayer | Synchronizing object | Natural wood branch1-1
Fra:1 Mem:40.05M (Peak 40.05M) | Time:00:00.00 | Mem:0.00M, Peak:0.00M | Scene, ViewLayer | Synchronizing object | Natural wood branch1-2
Fra:1 Mem:40.14M (Peak 40.14M) | Time:00:00.01 | Mem:0.00M, Peak:0.00M | Scene, ViewLayer | Synchronizing object | Organic branch junction.003
Fra:1 Mem:40.25M (Peak 40.25M) | Time:00:00.01 | Mem:0.00M, Peak:0.00M | Scene, ViewLayer | Synchronizing object | Organic branch junction.004
Fra:1 Mem:40.31M (Peak 40.31M) | Time:00:00.01 | Mem:0.00M, Peak:0.00M | Scene, ViewLayer | Synchronizing object | Natural wood branch2-0
Fra:1 Mem:40.36M (Peak 40.36M) | Time:00:00.01 | Mem:0.00M, Peak:0.00M | Scene, ViewLayer | Synchronizing object | Natural wood branch2-1
Fra:1 Mem:40.40M (Peak 40.40M) | Time:00:00.01 | Mem:0.00M, Peak:0.00M | Scene, ViewLayer | Synchronizing object | Organic branch junction.005
Fra:1 Mem:40.53M (Peak 40.53M) | Time:00:00.01 | Mem:0.00M, Peak:0.00M | Scene, ViewLayer | Synchronizing object | Natural wood branch3-0
Fra:1 Mem:40.53M (Peak 40.53M) | Time:00:00.01 | Mem:0.00M, Peak:0.00M | Scene, ViewLayer | Synchronizing object | Natural wood branch3-1
Fra:1 Mem:40.55M (Peak 40.55M) | Time:00:00.01 | Mem:0.00M, Peak:0.00M | Scene, ViewLayer | Synchronizing object | Organic branch junction.006
Fra:1 Mem:40.56M (Peak 40.56M) | Time:00:00.01 | Mem:0.00M, Peak:0.00M | Scene, ViewLayer | Synchronizing object | kept-muttros-cat-tree::Top wicker basket crossing wicker strand
Fra:1 Mem:41.67M (Peak 41.67M) | Time:00:00.01 | Mem:0.00M, Peak:0.00M | Scene, ViewLayer | Synchronizing object | Top wicker basket brown fleece cushion
Fra:1 Mem:42.28M (Peak 42.28M) | Time:00:00.01 | Mem:0.00M, Peak:0.00M | Scene, ViewLayer | Synchronizing object | kept-muttros-cat-tree::High side wicker basket woven horizontal
Fra:1 Mem:42.47M (Peak 42.47M) | Time:00:00.01 | Mem:0.00M, Peak:0.00M | Scene, ViewLayer | Synchronizing object | branch-pro-task-chair-1::Mesh_0
Fra:1 Mem:43.88M (Peak 43.88M) | Time:00:00.01 | Mem:0.00M, Peak:0.00M | Scene, ViewLayer | Synchronizing object | kept-muttros-cat-tree::High side wicker basket crossing wicker 
Fra:1 Mem:45.61M (Peak 45.61M) | Time:00:00.01 | Mem:0.00M, Peak:0.00M | Scene, ViewLayer | Synchronizing object | High side wicker basket brown fleece cushion
Fra:1 Mem:46.79M (Peak 46.79M) | Time:00:00.01 | Mem:0.00M, Peak:0.00M | Scene, ViewLayer | Synchronizing object | kept-muttros-cat-tree::Low side wicker basket woven horizontal 
Fra:1 Mem:48.06M (Peak 48.06M) | Time:00:00.01 | Mem:0.00M, Peak:0.00M | Scene, ViewLayer | Synchronizing object | kept-muttros-cat-tree::Low side wicker basket crossing wicker s
Fra:1 Mem:48.50M (Peak 48.50M) | Time:00:00.01 | Mem:0.00M, Peak:0.00M | Scene, ViewLayer | Synchronizing object | Low side wicker basket brown fleece cushion
Fra:1 Mem:48.66M (Peak 48.66M) | Time:00:00.01 | Mem:0.00M, Peak:0.00M | Scene, ViewLayer | Synchronizing object | kept-muttros-cat-tree::Brown fleece suspended bowl hammock
Fra:1 Mem:49.52M (Peak 49.52M) | Time:00:00.01 | Mem:0.00M, Peak:0.00M | Scene, ViewLayer | Synchronizing object | kept-muttros-cat-tree::Thick fleece hammock rim
Fra:1 Mem:49.76M (Peak 49.76M) | Time:00:00.01 | Mem:0.00M, Peak:0.00M | Scene, ViewLayer | Synchronizing object | kept-muttros-cat-tree::Sisal rope winding
Fra:1 Mem:49.69M (Peak 49.76M) | Time:00:00.01 | Mem:0.00M, Peak:0.00M | Scene, ViewLayer | Synchronizing object | kept-muttros-cat-tree::Sisal rope winding.001
Fra:1 Mem:50.80M (Peak 50.80M) | Time:00:00.01 | Mem:0.00M, Peak:0.00M | Scene, ViewLayer | Synchronizing object | kept-muttros-cat-tree::Sisal rope winding.002
Fra:1 Mem:50.96M (Peak 50.96M) | Time:00:00.01 | Mem:0.00M, Peak:0.00M | Scene, ViewLayer | Synchronizing object | kept-muttros-cat-tree::Hanging pom-pom cord
Fra:1 Mem:51.05M (Peak 51.05M) | Time:00:00.01 | Mem:0.00M, Peak:0.00M | Scene, ViewLayer | Synchronizing object | Brown play ball
Fra:1 Mem:51.18M (Peak 51.18M) | Time:00:00.01 | Mem:0.00M, Peak:0.00M | Scene, ViewLayer | Synchronizing object | kept-muttros-cat-tree::Hanging pom-pom cord.001
Fra:1 Mem:51.28M (Peak 51.28M) | Time:00:00.01 | Mem:0.00M, Peak:0.00M | Scene, ViewLayer | Synchronizing object | Brown play ball.001
Fra:1 Mem:51.35M (Peak 51.35M) | Time:00:00.01 | Mem:0.00M, Peak:0.00M | Scene, ViewLayer | Synchronizing object | kept-muttros-cat-tree::Hanging pom-pom cord.002
Fra:1 Mem:51.35M (Peak 51.35M) | Time:00:00.01 | Mem:0.00M, Peak:0.00M | Scene, ViewLayer | Synchronizing object | Brown play ball.002
Fra:1 Mem:60.54M (Peak 62.78M) | Time:00:00.04 | Mem:0.00M, Peak:0.00M | Scene, ViewLayer | Initializing
Fra:1 Mem:60.23M (Peak 62.78M) | Time:00:00.04 | Mem:0.00M, Peak:0.00M | Scene, ViewLayer | Updating Images | Loading Branch Ergonomic Pro official Shore source — Image_1
Fra:1 Mem:60.23M (Peak 62.78M) | Time:00:00.04 | Mem:0.00M, Peak:0.00M | Scene, ViewLayer | Updating Images | Loading Branch Ergonomic Pro official Shore source — Image_2
Fra:1 Mem:64.23M (Peak 64.23M) | Time:00:00.04 | Mem:0.00M, Peak:0.00M | Scene, ViewLayer | Updating Images | Loading Branch Ergonomic Pro official Shore source — Image_4
Fra:1 Mem:97.22M (Peak 99.16M) | Time:00:00.04 | Mem:0.97M, Peak:0.97M | Scene, ViewLayer | Updating Images | Loading Branch Ergonomic Pro official Shore source — Image_3
Fra:1 Mem:113.22M (Peak 121.23M) | Time:00:00.05 | Mem:4.97M, Peak:4.97M | Scene, ViewLayer | Updating Images | Loading Branch Ergonomic Pro official Shore source — Image_0
Fra:1 Mem:149.23M (Peak 181.24M) | Time:00:00.07 | Mem:20.97M, Peak:20.97M | Scene, ViewLayer | Updating Images | Loading Branch Ergonomic Pro official Shore source — Image_5
Fra:1 Mem:130.19M (Peak 181.24M) | Time:00:00.13 | Mem:72.97M, Peak:72.97M | Scene, ViewLayer | Waiting for render to start
Fra:1 Mem:130.19M (Peak 181.24M) | Time:00:00.13 | Mem:72.97M, Peak:72.97M | Scene, ViewLayer | Loading render kernels (may take a few minutes the first time)
Fra:1 Mem:130.19M (Peak 181.24M) | Time:00:00.13 | Mem:72.97M, Peak:72.97M | Scene, ViewLayer | Updating Scene
Fra:1 Mem:130.19M (Peak 181.24M) | Time:00:00.13 | Mem:72.97M, Peak:72.97M | Scene, ViewLayer | Updating Shaders
Fra:1 Mem:130.28M (Peak 181.24M) | Time:00:00.14 | Mem:72.98M, Peak:72.98M | Scene, ViewLayer | Updating Procedurals
Fra:1 Mem:130.28M (Peak 181.24M) | Time:00:00.14 | Mem:72.98M, Peak:72.98M | Scene, ViewLayer | Updating Background
Fra:1 Mem:130.28M (Peak 181.24M) | Time:00:00.14 | Mem:72.98M, Peak:72.98M | Scene, ViewLayer | Updating Camera
Fra:1 Mem:130.28M (Peak 181.24M) | Time:00:00.14 | Mem:72.98M, Peak:72.98M | Scene, ViewLayer | Updating Meshes Flags
Fra:1 Mem:130.28M (Peak 181.24M) | Time:00:00.14 | Mem:72.98M, Peak:72.98M | Scene, ViewLayer | Updating Objects
Fra:1 Mem:130.28M (Peak 181.24M) | Time:00:00.14 | Mem:72.98M, Peak:72.98M | Scene, ViewLayer | Updating Objects | Copying Transformations to device
Fra:1 Mem:130.30M (Peak 181.24M) | Time:00:00.14 | Mem:73.00M, Peak:73.00M | Scene, ViewLayer | Updating Objects | Applying Static Transformations
Fra:1 Mem:130.30M (Peak 181.24M) | Time:00:00.14 | Mem:73.00M, Peak:73.00M | Scene, ViewLayer | Updating Particle Systems
Fra:1 Mem:130.30M (Peak 181.24M) | Time:00:00.14 | Mem:73.00M, Peak:73.00M | Scene, ViewLayer | Updating Particle Systems | Copying Particles to device
Fra:1 Mem:130.30M (Peak 181.24M) | Time:00:00.14 | Mem:73.00M, Peak:73.00M | Scene, ViewLayer | Updating Meshes
Fra:1 Mem:132.72M (Peak 181.24M) | Time:00:00.14 | Mem:73.00M, Peak:73.00M | Scene, ViewLayer | Updating Mesh | Computing attributes
Fra:1 Mem:137.64M (Peak 181.24M) | Time:00:00.14 | Mem:73.01M, Peak:73.01M | Scene, ViewLayer | Updating Mesh | Copying Attributes to device
Fra:1 Mem:137.63M (Peak 181.24M) | Time:00:00.14 | Mem:77.91M, Peak:77.91M | Scene, ViewLayer | Updating Geometry BVH Mesh_1.001 2/2 | Building BVH
Fra:1 Mem:137.63M (Peak 181.24M) | Time:00:00.14 | Mem:77.94M, Peak:77.94M | Scene, ViewLayer | Updating Geometry BVH Mesh_0.001 1/2 | Building BVH
Fra:1 Mem:137.63M (Peak 181.24M) | Time:00:00.14 | Mem:79.43M, Peak:79.43M | Scene, ViewLayer | Updating Geometry BVH Mesh_0.001 1/2 | Building BVH 0%
Fra:1 Mem:137.63M (Peak 181.24M) | Time:00:00.15 | Mem:81.26M, Peak:82.75M | Scene, ViewLayer | Updating Scene BVH | Building
Fra:1 Mem:137.63M (Peak 181.24M) | Time:00:00.15 | Mem:81.26M, Peak:82.75M | Scene, ViewLayer | Updating Scene BVH | Building BVH
Fra:1 Mem:137.63M (Peak 181.24M) | Time:00:00.17 | Mem:87.84M, Peak:91.15M | Scene, ViewLayer | Updating Scene BVH | Copying BVH to device
Fra:1 Mem:137.63M (Peak 181.24M) | Time:00:00.17 | Mem:87.84M, Peak:91.15M | Scene, ViewLayer | Updating Mesh | Computing normals
Fra:1 Mem:144.54M (Peak 181.24M) | Time:00:00.17 | Mem:87.84M, Peak:91.15M | Scene, ViewLayer | Updating Mesh | Copying Mesh to device
Fra:1 Mem:144.54M (Peak 181.24M) | Time:00:00.17 | Mem:94.75M, Peak:94.75M | Scene, ViewLayer | Updating Objects Flags
Fra:1 Mem:144.54M (Peak 181.24M) | Time:00:00.17 | Mem:94.75M, Peak:94.75M | Scene, ViewLayer | Updating Primitive Offsets
Fra:1 Mem:144.54M (Peak 181.24M) | Time:00:00.17 | Mem:94.75M, Peak:94.75M | Scene, ViewLayer | Updating Images
Fra:1 Mem:144.54M (Peak 181.24M) | Time:00:00.17 | Mem:94.75M, Peak:94.75M | Scene, ViewLayer | Updating Camera Volume
Fra:1 Mem:144.54M (Peak 181.24M) | Time:00:00.17 | Mem:94.75M, Peak:94.75M | Scene, ViewLayer | Updating Lookup Tables
Fra:1 Mem:144.54M (Peak 181.24M) | Time:00:00.17 | Mem:94.83M, Peak:94.83M | Scene, ViewLayer | Updating Lights
Fra:1 Mem:144.54M (Peak 181.24M) | Time:00:00.17 | Mem:94.83M, Peak:94.83M | Scene, ViewLayer | Updating Lights | Computing tree
Fra:1 Mem:144.57M (Peak 181.24M) | Time:00:00.17 | Mem:94.86M, Peak:94.86M | Scene, ViewLayer | Updating Integrator
Fra:1 Mem:144.57M (Peak 181.24M) | Time:00:00.17 | Mem:94.86M, Peak:94.86M | Scene, ViewLayer | Updating Film
Fra:1 Mem:144.57M (Peak 181.24M) | Time:00:00.17 | Mem:94.78M, Peak:94.86M | Scene, ViewLayer | Updating Lookup Tables
Fra:1 Mem:144.57M (Peak 181.24M) | Time:00:00.17 | Mem:94.86M, Peak:94.86M | Scene, ViewLayer | Updating Baking
Fra:1 Mem:144.57M (Peak 181.24M) | Time:00:00.17 | Mem:94.86M, Peak:94.86M | Scene, ViewLayer | Updating Device | Writing constant memory
Fra:1 Mem:144.58M (Peak 181.24M) | Time:00:00.17 | Mem:94.86M, Peak:94.86M | Scene, ViewLayer | Sample 0/16
Fra:1 Mem:174.80M (Peak 181.24M) | Time:00:00.77 | Remaining:00:08.92 | Mem:125.09M, Peak:125.09M | Scene, ViewLayer | Sample 1/16
Fra:1 Mem:188.23M (Peak 215.09M) | Time:00:08.74 | Mem:125.09M, Peak:125.09M | Scene, ViewLayer | Sample 16/16
Fra:1 Mem:188.23M (Peak 215.09M) | Time:00:08.74 | Mem:125.09M, Peak:125.09M | Scene, ViewLayer | Finished
Saved: '/workspace/his-office-redesign/model/keeper-append-cycles-proof.jpg'
Time: 00:09.01 (Saving: 00:00.27)


Blender quit
