Blender 4.3.2
Read blend: "/workspace/his-office-redesign/model/keepers-and-taskchairs.blend"
Fra:1 Mem:31.45M (Peak 31.45M) | Time:00:00.01 | Mem:0.00M, Peak:0.00M | Scene, ViewLayer | Synchronizing object | kept-uplift-desk::solid wood barkline top
Fra:1 Mem:31.45M (Peak 31.45M) | Time:00:00.01 | Mem:0.00M, Peak:0.00M | Scene, ViewLayer | Synchronizing object | C-frame steel foot
Fra:1 Mem:31.45M (Peak 31.45M) | Time:00:00.01 | Mem:0.00M, Peak:0.00M | Scene, ViewLayer | Synchronizing object | Foot glide.001
Fra:1 Mem:31.51M (Peak 31.51M) | Time:00:00.01 | Mem:0.00M, Peak:0.00M | Scene, ViewLayer | Synchronizing object | V2 lower slim stage
Fra:1 Mem:31.54M (Peak 31.54M) | Time:00:00.01 | Mem:0.00M, Peak:0.00M | Scene, ViewLayer | Synchronizing object | V2 upper stage
Fra:1 Mem:31.54M (Peak 31.54M) | Time:00:00.01 | Mem:0.00M, Peak:0.00M | Scene, ViewLayer | Synchronizing object | Underside side bracket
Fra:1 Mem:31.58M (Peak 31.58M) | Time:00:00.01 | Mem:0.00M, Peak:0.00M | Scene, ViewLayer | Synchronizing object | V2 triangular stability brace
Fra:1 Mem:31.59M (Peak 31.59M) | Time:00:00.01 | Mem:0.00M, Peak:0.00M | Scene, ViewLayer | Synchronizing object | Foot glide.002
Fra:1 Mem:31.59M (Peak 31.59M) | Time:00:00.01 | Mem:0.00M, Peak:0.00M | Scene, ViewLayer | Synchronizing object | C-frame steel foot.001
Fra:1 Mem:31.60M (Peak 31.60M) | Time:00:00.01 | Mem:0.00M, Peak:0.00M | Scene, ViewLayer | Synchronizing object | Foot glide.003
Fra:1 Mem:31.63M (Peak 31.63M) | Time:00:00.01 | Mem:0.00M, Peak:0.00M | Scene, ViewLayer | Synchronizing object | V2 lower slim stage.001
Fra:1 Mem:31.63M (Peak 31.63M) | Time:00:00.01 | Mem:0.00M, Peak:0.00M | Scene, ViewLayer | Synchronizing object | V2 middle stage.001
Fra:1 Mem:31.65M (Peak 31.65M) | Time:00:00.01 | Mem:0.00M, Peak:0.00M | Scene, ViewLayer | Synchronizing object | V2 upper stage.001
Fra:1 Mem:31.67M (Peak 31.67M) | Time:00:00.01 | Mem:0.00M, Peak:0.00M | Scene, ViewLayer | Synchronizing object | Underside side bracket.001
Fra:1 Mem:31.69M (Peak 31.69M) | Time:00:00.01 | Mem:0.00M, Peak:0.00M | Scene, ViewLayer | Synchronizing object | V2 triangular stability brace.001
Fra:1 Mem:31.69M (Peak 31.69M) | Time:00:00.01 | Mem:0.00M, Peak:0.00M | Scene, ViewLayer | Synchronizing object | Hidden upper crossbar
Fra:1 Mem:31.73M (Peak 31.73M) | Time:00:00.01 | Mem:0.00M, Peak:0.00M | Scene, ViewLayer | Synchronizing object | Two brushed nickel grommet covers
Fra:1 Mem:31.73M (Peak 31.73M) | Time:00:00.01 | Mem:0.00M, Peak:0.00M | Scene, ViewLayer | Synchronizing object | Two brushed nickel grommet covers.001
Fra:1 Mem:31.76M (Peak 31.76M) | Time:00:00.01 | Mem:0.00M, Peak:0.00M | Scene, ViewLayer | Synchronizing object | Height keypad
Fra:1 Mem:31.76M (Peak 31.76M) | Time:00:00.01 | Mem:0.00M, Peak:0.00M | Scene, ViewLayer | Synchronizing object | U-base closed crossbar
Fra:1 Mem:31.77M (Peak 31.77M) | Time:00:00.01 | Mem:0.00M, Peak:0.00M | Scene, ViewLayer | Synchronizing object | U-base open prong
Fra:1 Mem:31.78M (Peak 31.78M) | Time:00:00.01 | Mem:0.00M, Peak:0.00M | Scene, ViewLayer | Synchronizing object | U-base open prong.001
Fra:1 Mem:31.80M (Peak 31.80M) | Time:00:00.01 | Mem:0.00M, Peak:0.00M | Scene, ViewLayer | Synchronizing object | Slim rectangular upright
Fra:1 Mem:31.82M (Peak 31.82M) | Time:00:00.01 | Mem:0.00M, Peak:0.00M | Scene, ViewLayer | Synchronizing object | Rectangular panel long rim
Fra:1 Mem:31.83M (Peak 31.83M) | Time:00:00.01 | Mem:0.00M, Peak:0.00M | Scene, ViewLayer | Synchronizing object | Rectangular panel long rim.001
Fra:1 Mem:31.85M (Peak 31.85M) | Time:00:00.01 | Mem:0.00M, Peak:0.00M | Scene, ViewLayer | Synchronizing object | Rectangular panel end rim
Fra:1 Mem:31.86M (Peak 31.86M) | Time:00:00.01 | Mem:0.00M, Peak:0.00M | Scene, ViewLayer | Synchronizing object | Rectangular panel end rim.001
Fra:1 Mem:31.86M (Peak 31.86M) | Time:00:00.01 | Mem:0.00M, Peak:0.00M | Scene, ViewLayer | Synchronizing object | Upper and lower light panel
Fra:1 Mem:31.89M (Peak 31.89M) | Time:00:00.01 | Mem:0.00M, Peak:0.00M | Scene, ViewLayer | Synchronizing object | Triple thickness brown fleece base
Fra:1 Mem:31.91M (Peak 31.91M) | Time:00:00.01 | Mem:0.00M, Peak:0.00M | Scene, ViewLayer | Synchronizing object | kept-muttros-cat-tree::arched hollow condo wall
Fra:1 Mem:31.99M (Peak 31.99M) | Time:00:00.01 | Mem:0.00M, Peak:0.00M | Scene, ViewLayer | Synchronizing object | Condo top plush cushion
Fra:1 Mem:32.01M (Peak 32.01M) | Time:00:00.01 | Mem:0.00M, Peak:0.00M | Scene, ViewLayer | Synchronizing object | Condo dark floor
Fra:1 Mem:32.23M (Peak 32.23M) | Time:00:00.01 | Mem:0.00M, Peak:0.00M | Scene, ViewLayer | Synchronizing object | Natural wood branch0-0
Fra:1 Mem:32.27M (Peak 32.27M) | Time:00:00.01 | Mem:0.00M, Peak:0.00M | Scene, ViewLayer | Synchronizing object | Natural wood branch0-1
Fra:1 Mem:32.28M (Peak 32.28M) | Time:00:00.01 | Mem:0.00M, Peak:0.00M | Scene, ViewLayer | Synchronizing object | Natural wood branch0-2
Fra:1 Mem:32.30M (Peak 32.30M) | Time:00:00.01 | Mem:0.00M, Peak:0.00M | Scene, ViewLayer | Synchronizing object | Organic branch junction
Fra:1 Mem:32.31M (Peak 32.31M) | Time:00:00.01 | Mem:0.00M, Peak:0.00M | Scene, ViewLayer | Synchronizing object | Organic branch junction.001
Fra:1 Mem:32.38M (Peak 32.38M) | Time:00:00.01 | Mem:0.00M, Peak:0.00M | Scene, ViewLayer | Synchronizing object | Organic branch junction.002
Fra:1 Mem:32.62M (Peak 32.62M) | Time:00:00.01 | Mem:0.00M, Peak:0.00M | Scene, ViewLayer | Synchronizing object | Natural wood branch1-0
Fra:1 Mem:32.62M (Peak 32.62M) | Time:00:00.01 | Mem:0.00M, Peak:0.00M | Scene, ViewLayer | Synchronizing object | Natural wood branch1-1
Fra:1 Mem:32.63M (Peak 32.63M) | Time:00:00.01 | Mem:0.00M, Peak:0.00M | Scene, ViewLayer | Synchronizing object | Natural wood branch1-2
Fra:1 Mem:32.64M (Peak 32.64M) | Time:00:00.01 | Mem:0.00M, Peak:0.00M | Scene, ViewLayer | Synchronizing object | Organic branch junction.003
Fra:1 Mem:32.69M (Peak 32.69M) | Time:00:00.01 | Mem:0.00M, Peak:0.00M | Scene, ViewLayer | Synchronizing object | Organic branch junction.004
Fra:1 Mem:32.91M (Peak 32.91M) | Time:00:00.01 | Mem:0.00M, Peak:0.00M | Scene, ViewLayer | Synchronizing object | Natural wood branch2-0
Fra:1 Mem:32.92M (Peak 32.92M) | Time:00:00.01 | Mem:0.00M, Peak:0.00M | Scene, ViewLayer | Synchronizing object | Natural wood branch2-1
Fra:1 Mem:32.92M (Peak 32.92M) | Time:00:00.01 | Mem:0.00M, Peak:0.00M | Scene, ViewLayer | Synchronizing object | Temporary preview floor
Fra:1 Mem:32.93M (Peak 32.93M) | Time:00:00.01 | Mem:0.00M, Peak:0.00M | Scene, ViewLayer | Synchronizing object | Organic branch junction.005
Fra:1 Mem:32.95M (Peak 32.95M) | Time:00:00.01 | Mem:0.00M, Peak:0.00M | Scene, ViewLayer | Synchronizing object | branch-pro-task-chair-1::Back | Plane001
Fra:1 Mem:35.01M (Peak 35.01M) | Time:00:00.01 | Mem:0.00M, Peak:0.00M | Scene, ViewLayer | Synchronizing object | Natural wood branch3-0
Fra:1 Mem:35.03M (Peak 35.03M) | Time:00:00.01 | Mem:0.00M, Peak:0.00M | Scene, ViewLayer | Synchronizing object | Natural wood branch3-1
Fra:1 Mem:35.04M (Peak 35.04M) | Time:00:00.01 | Mem:0.00M, Peak:0.00M | Scene, ViewLayer | Synchronizing object | Organic branch junction.006
Fra:1 Mem:35.04M (Peak 35.04M) | Time:00:00.01 | Mem:0.00M, Peak:0.00M | Scene, ViewLayer | Synchronizing object | kept-muttros-cat-tree::Top wicker basket woven horizontal cours
Fra:1 Mem:35.03M (Peak 35.04M) | Time:00:00.01 | Mem:0.00M, Peak:0.00M | Scene, ViewLayer | Synchronizing object | kept-muttros-cat-tree::Top wicker basket crossing wicker strand
Fra:1 Mem:35.17M (Peak 35.17M) | Time:00:00.01 | Mem:0.00M, Peak:0.00M | Scene, ViewLayer | Synchronizing object | Top wicker basket brown fleece cushion
Fra:1 Mem:35.52M (Peak 35.52M) | Time:00:00.01 | Mem:0.00M, Peak:0.00M | Scene, ViewLayer | Synchronizing object | kept-muttros-cat-tree::High side wicker basket woven horizontal
Fra:1 Mem:35.53M (Peak 35.53M) | Time:00:00.01 | Mem:0.00M, Peak:0.00M | Scene, ViewLayer | Synchronizing object | kept-muttros-cat-tree::High side wicker basket crossing wicker 
Fra:1 Mem:36.77M (Peak 36.77M) | Time:00:00.01 | Mem:0.00M, Peak:0.00M | Scene, ViewLayer | Synchronizing object | High side wicker basket brown fleece cushion
Fra:1 Mem:37.00M (Peak 37.00M) | Time:00:00.01 | Mem:0.00M, Peak:0.00M | Scene, ViewLayer | Synchronizing object | kept-muttros-cat-tree::Low side wicker basket woven horizontal 
Fra:1 Mem:39.54M (Peak 39.54M) | Time:00:00.01 | Mem:0.00M, Peak:0.00M | Scene, ViewLayer | Synchronizing object | kept-muttros-cat-tree::Low side wicker basket crossing wicker s
Fra:1 Mem:39.62M (Peak 39.62M) | Time:00:00.01 | Mem:0.00M, Peak:0.00M | Scene, ViewLayer | Synchronizing object | Low side wicker basket brown fleece cushion
Fra:1 Mem:40.14M (Peak 40.14M) | Time:00:00.01 | Mem:0.00M, Peak:0.00M | Scene, ViewLayer | Synchronizing object | branch-pro-task-chair-1::Mesh_0
Fra:1 Mem:43.70M (Peak 43.70M) | Time:00:00.01 | Mem:0.00M, Peak:0.00M | Scene, ViewLayer | Synchronizing object | kept-muttros-cat-tree::Brown fleece suspended bowl hammock
Fra:1 Mem:44.04M (Peak 44.04M) | Time:00:00.01 | Mem:0.00M, Peak:0.00M | Scene, ViewLayer | Synchronizing object | kept-muttros-cat-tree::Thick fleece hammock rim
Fra:1 Mem:44.18M (Peak 44.18M) | Time:00:00.01 | Mem:0.00M, Peak:0.00M | Scene, ViewLayer | Synchronizing object | kept-muttros-cat-tree::Sisal rope winding
Fra:1 Mem:44.30M (Peak 44.30M) | Time:00:00.01 | Mem:0.00M, Peak:0.00M | Scene, ViewLayer | Synchronizing object | kept-muttros-cat-tree::Sisal rope winding.001
Fra:1 Mem:44.42M (Peak 44.42M) | Time:00:00.01 | Mem:0.00M, Peak:0.00M | Scene, ViewLayer | Synchronizing object | kept-muttros-cat-tree::Sisal rope winding.002
Fra:1 Mem:44.78M (Peak 44.78M) | Time:00:00.01 | Mem:0.00M, Peak:0.00M | Scene, ViewLayer | Synchronizing object | kept-muttros-cat-tree::Hanging pom-pom cord
Fra:1 Mem:44.79M (Peak 44.79M) | Time:00:00.01 | Mem:0.00M, Peak:0.00M | Scene, ViewLayer | Synchronizing object | Brown play ball
Fra:1 Mem:44.96M (Peak 44.96M) | Time:00:00.01 | Mem:0.00M, Peak:0.00M | Scene, ViewLayer | Synchronizing object | kept-muttros-cat-tree::Hanging pom-pom cord.001
Fra:1 Mem:44.97M (Peak 44.97M) | Time:00:00.01 | Mem:0.00M, Peak:0.00M | Scene, ViewLayer | Synchronizing object | kept-muttros-cat-tree::Hanging pom-pom cord.002
Fra:1 Mem:44.97M (Peak 44.97M) | Time:00:00.01 | Mem:0.00M, Peak:0.00M | Scene, ViewLayer | Synchronizing object | Brown play ball.002
Fra:1 Mem:55.13M (Peak 57.37M) | Time:00:00.05 | Mem:0.00M, Peak:0.00M | Scene, ViewLayer | Initializing
Fra:1 Mem:54.82M (Peak 57.37M) | Time:00:00.05 | Mem:0.00M, Peak:0.00M | Scene, ViewLayer | Updating Images | Loading Image_1
Fra:1 Mem:54.82M (Peak 57.37M) | Time:00:00.05 | Mem:0.00M, Peak:0.00M | Scene, ViewLayer | Updating Images | Loading uplift-live-edge-pheasantwood-front.jpg
Fra:1 Mem:54.82M (Peak 57.37M) | Time:00:00.05 | Mem:0.00M, Peak:0.00M | Scene, ViewLayer | Updating Images | Loading Image_2
Fra:1 Mem:54.82M (Peak 57.37M) | Time:00:00.05 | Mem:0.00M, Peak:0.00M | Scene, ViewLayer | Updating Images | Loading Image_4
Fra:1 Mem:54.82M (Peak 57.37M) | Time:00:00.05 | Mem:0.00M, Peak:0.00M | Scene, ViewLayer | Updating Images | Loading Image_3
Fra:1 Mem:107.81M (Peak 109.76M) | Time:00:00.06 | Mem:0.97M, Peak:0.97M | Scene, ViewLayer | Updating Images | Loading Image_5
Fra:1 Mem:107.81M (Peak 115.82M) | Time:00:00.07 | Mem:4.97M, Peak:4.97M | Scene, ViewLayer | Updating Images | Loading Image_0
Fra:1 Mem:124.83M (Peak 191.83M) | Time:00:00.14 | Mem:72.97M, Peak:72.97M | Scene, ViewLayer | Waiting for render to start
Fra:1 Mem:124.83M (Peak 191.83M) | Time:00:00.14 | Mem:72.97M, Peak:72.97M | Scene, ViewLayer | Loading render kernels (may take a few minutes the first time)
Fra:1 Mem:124.83M (Peak 191.83M) | Time:00:00.14 | Mem:72.97M, Peak:72.97M | Scene, ViewLayer | Updating Scene
Fra:1 Mem:124.83M (Peak 191.83M) | Time:00:00.14 | Mem:72.97M, Peak:72.97M | Scene, ViewLayer | Updating Shaders
Fra:1 Mem:124.92M (Peak 191.83M) | Time:00:00.14 | Mem:72.98M, Peak:72.98M | Scene, ViewLayer | Updating Procedurals
Fra:1 Mem:124.92M (Peak 191.83M) | Time:00:00.14 | Mem:72.98M, Peak:72.98M | Scene, ViewLayer | Updating Background
Fra:1 Mem:124.92M (Peak 191.83M) | Time:00:00.14 | Mem:72.98M, Peak:72.98M | Scene, ViewLayer | Updating Camera
Fra:1 Mem:124.92M (Peak 191.83M) | Time:00:00.14 | Mem:72.98M, Peak:72.98M | Scene, ViewLayer | Updating Meshes Flags
Fra:1 Mem:124.92M (Peak 191.83M) | Time:00:00.14 | Mem:72.98M, Peak:72.98M | Scene, ViewLayer | Updating Objects
Fra:1 Mem:124.92M (Peak 191.83M) | Time:00:00.14 | Mem:72.98M, Peak:72.98M | Scene, ViewLayer | Updating Objects | Copying Transformations to device
Fra:1 Mem:124.94M (Peak 191.83M) | Time:00:00.14 | Mem:73.00M, Peak:73.00M | Scene, ViewLayer | Updating Objects | Applying Static Transformations
Fra:1 Mem:124.94M (Peak 191.83M) | Time:00:00.14 | Mem:73.00M, Peak:73.00M | Scene, ViewLayer | Updating Particle Systems
Fra:1 Mem:124.94M (Peak 191.83M) | Time:00:00.14 | Mem:73.00M, Peak:73.00M | Scene, ViewLayer | Updating Particle Systems | Copying Particles to device
Fra:1 Mem:124.94M (Peak 191.83M) | Time:00:00.14 | Mem:73.00M, Peak:73.00M | Scene, ViewLayer | Updating Meshes
Fra:1 Mem:127.36M (Peak 191.83M) | Time:00:00.15 | Mem:73.00M, Peak:73.00M | Scene, ViewLayer | Updating Mesh | Computing attributes
Fra:1 Mem:132.28M (Peak 191.83M) | Time:00:00.15 | Mem:73.01M, Peak:73.01M | Scene, ViewLayer | Updating Mesh | Copying Attributes to device
Fra:1 Mem:132.27M (Peak 191.83M) | Time:00:00.15 | Mem:77.91M, Peak:77.91M | Scene, ViewLayer | Updating Geometry BVH Mesh_1.001 2/2 | Building BVH
Fra:1 Mem:132.27M (Peak 191.83M) | Time:00:00.15 | Mem:77.91M, Peak:77.91M | Scene, ViewLayer | Updating Geometry BVH Mesh_0.001 1/2 | Building BVH
Fra:1 Mem:132.27M (Peak 191.83M) | Time:00:00.15 | Mem:77.94M, Peak:77.94M | Scene, ViewLayer | Updating Geometry BVH Mesh_0.001 1/2 | Building BVH 0%
Fra:1 Mem:132.27M (Peak 191.83M) | Time:00:00.16 | Mem:81.26M, Peak:82.75M | Scene, ViewLayer | Updating Scene BVH | Building
Fra:1 Mem:132.27M (Peak 191.83M) | Time:00:00.16 | Mem:81.26M, Peak:82.75M | Scene, ViewLayer | Updating Scene BVH | Building BVH
Fra:1 Mem:132.27M (Peak 191.83M) | Time:00:00.17 | Mem:87.84M, Peak:91.15M | Scene, ViewLayer | Updating Scene BVH | Copying BVH to device
Fra:1 Mem:132.27M (Peak 191.83M) | Time:00:00.17 | Mem:87.84M, Peak:91.15M | Scene, ViewLayer | Updating Mesh | Computing normals
Fra:1 Mem:139.18M (Peak 191.83M) | Time:00:00.17 | Mem:87.84M, Peak:91.15M | Scene, ViewLayer | Updating Mesh | Copying Mesh to device
Fra:1 Mem:139.18M (Peak 191.83M) | Time:00:00.17 | Mem:94.75M, Peak:94.75M | Scene, ViewLayer | Updating Objects Flags
Fra:1 Mem:139.18M (Peak 191.83M) | Time:00:00.17 | Mem:94.75M, Peak:94.75M | Scene, ViewLayer | Updating Primitive Offsets
Fra:1 Mem:139.18M (Peak 191.83M) | Time:00:00.17 | Mem:94.75M, Peak:94.75M | Scene, ViewLayer | Updating Images
Fra:1 Mem:139.18M (Peak 191.83M) | Time:00:00.17 | Mem:94.75M, Peak:94.75M | Scene, ViewLayer | Updating Camera Volume
Fra:1 Mem:139.18M (Peak 191.83M) | Time:00:00.17 | Mem:94.75M, Peak:94.75M | Scene, ViewLayer | Updating Lookup Tables
Fra:1 Mem:139.18M (Peak 191.83M) | Time:00:00.17 | Mem:94.83M, Peak:94.83M | Scene, ViewLayer | Updating Lights
Fra:1 Mem:139.18M (Peak 191.83M) | Time:00:00.17 | Mem:94.83M, Peak:94.83M | Scene, ViewLayer | Updating Lights | Computing tree
Fra:1 Mem:139.21M (Peak 191.83M) | Time:00:00.18 | Mem:94.86M, Peak:94.86M | Scene, ViewLayer | Updating Integrator
Fra:1 Mem:139.21M (Peak 191.83M) | Time:00:00.18 | Mem:94.86M, Peak:94.86M | Scene, ViewLayer | Updating Film
Fra:1 Mem:139.21M (Peak 191.83M) | Time:00:00.18 | Mem:94.78M, Peak:94.86M | Scene, ViewLayer | Updating Lookup Tables
Fra:1 Mem:139.21M (Peak 191.83M) | Time:00:00.18 | Mem:94.86M, Peak:94.86M | Scene, ViewLayer | Updating Baking
Fra:1 Mem:139.21M (Peak 191.83M) | Time:00:00.18 | Mem:94.86M, Peak:94.86M | Scene, ViewLayer | Updating Device | Writing constant memory
Fra:1 Mem:139.21M (Peak 191.83M) | Time:00:00.18 | Mem:94.86M, Peak:94.86M | Scene, ViewLayer | Sample 0/16
Fra:1 Mem:169.45M (Peak 191.83M) | Time:00:00.79 | Remaining:00:09.15 | Mem:125.09M, Peak:125.09M | Scene, ViewLayer | Sample 1/16
Fra:1 Mem:182.88M (Peak 209.74M) | Time:00:10.01 | Mem:125.09M, Peak:125.09M | Scene, ViewLayer | Sample 16/16
Fra:1 Mem:182.88M (Peak 209.74M) | Time:00:10.02 | Mem:125.09M, Peak:125.09M | Scene, ViewLayer | Finished
Saved: '/workspace/his-office-redesign/model/keepers-preview-a.jpg'
Time: 00:10.23 (Saving: 00:00.20)

Fra:1 Mem:42.73M (Peak 42.73M) | Time:00:00.00 | Mem:0.00M, Peak:0.00M | Scene, ViewLayer | Synchronizing object | kept-uplift-desk::solid wood barkline top
Fra:1 Mem:42.74M (Peak 42.74M) | Time:00:00.00 | Mem:0.00M, Peak:0.00M | Scene, ViewLayer | Synchronizing object | Foot glide.001
Fra:1 Mem:42.76M (Peak 42.76M) | Time:00:00.00 | Mem:0.00M, Peak:0.00M | Scene, ViewLayer | Synchronizing object | V2 lower slim stage
Fra:1 Mem:42.77M (Peak 42.77M) | Time:00:00.00 | Mem:0.00M, Peak:0.00M | Scene, ViewLayer | Synchronizing object | V2 middle stage
Fra:1 Mem:42.79M (Peak 42.79M) | Time:00:00.00 | Mem:0.00M, Peak:0.00M | Scene, ViewLayer | Synchronizing object | V2 triangular stability brace
Fra:1 Mem:42.79M (Peak 42.79M) | Time:00:00.00 | Mem:0.00M, Peak:0.00M | Scene, ViewLayer | Synchronizing object | C-frame steel foot.001
Fra:1 Mem:42.80M (Peak 42.80M) | Time:00:00.00 | Mem:0.00M, Peak:0.00M | Scene, ViewLayer | Synchronizing object | Foot glide.002
Fra:1 Mem:42.82M (Peak 42.82M) | Time:00:00.00 | Mem:0.00M, Peak:0.00M | Scene, ViewLayer | Synchronizing object | Foot glide.003
Fra:1 Mem:42.83M (Peak 42.83M) | Time:00:00.00 | Mem:0.00M, Peak:0.00M | Scene, ViewLayer | Synchronizing object | V2 lower slim stage.001
Fra:1 Mem:42.83M (Peak 42.83M) | Time:00:00.00 | Mem:0.00M, Peak:0.00M | Scene, ViewLayer | Synchronizing object | V2 middle stage.001
Fra:1 Mem:42.85M (Peak 42.85M) | Time:00:00.00 | Mem:0.00M, Peak:0.00M | Scene, ViewLayer | Synchronizing object | V2 upper stage.001
Fra:1 Mem:42.85M (Peak 42.85M) | Time:00:00.00 | Mem:0.00M, Peak:0.00M | Scene, ViewLayer | Synchronizing object | Underside side bracket.001
Fra:1 Mem:42.86M (Peak 42.86M) | Time:00:00.00 | Mem:0.00M, Peak:0.00M | Scene, ViewLayer | Synchronizing object | V2 triangular stability brace.001
Fra:1 Mem:42.86M (Peak 42.86M) | Time:00:00.00 | Mem:0.00M, Peak:0.00M | Scene, ViewLayer | Synchronizing object | Hidden upper crossbar
Fra:1 Mem:42.87M (Peak 42.87M) | Time:00:00.00 | Mem:0.00M, Peak:0.00M | Scene, ViewLayer | Synchronizing object | Two brushed nickel grommet covers
Fra:1 Mem:42.87M (Peak 42.87M) | Time:00:00.00 | Mem:0.00M, Peak:0.00M | Scene, ViewLayer | Synchronizing object | Two brushed nickel grommet covers.001
Fra:1 Mem:42.89M (Peak 42.89M) | Time:00:00.00 | Mem:0.00M, Peak:0.00M | Scene, ViewLayer | Synchronizing object | Height keypad
Fra:1 Mem:42.90M (Peak 42.90M) | Time:00:00.00 | Mem:0.00M, Peak:0.00M | Scene, ViewLayer | Synchronizing object | U-base closed crossbar
Fra:1 Mem:42.90M (Peak 42.90M) | Time:00:00.00 | Mem:0.00M, Peak:0.00M | Scene, ViewLayer | Synchronizing object | U-base open prong
Fra:1 Mem:42.91M (Peak 42.91M) | Time:00:00.00 | Mem:0.00M, Peak:0.00M | Scene, ViewLayer | Synchronizing object | U-base open prong.001
Fra:1 Mem:42.92M (Peak 42.92M) | Time:00:00.00 | Mem:0.00M, Peak:0.00M | Scene, ViewLayer | Synchronizing object | Slim rectangular upright
Fra:1 Mem:42.93M (Peak 42.93M) | Time:00:00.00 | Mem:0.00M, Peak:0.00M | Scene, ViewLayer | Synchronizing object | Rotary dimming knob
Fra:1 Mem:42.93M (Peak 42.93M) | Time:00:00.00 | Mem:0.00M, Peak:0.00M | Scene, ViewLayer | Synchronizing object | Rectangular panel long rim.001
Fra:1 Mem:42.95M (Peak 42.95M) | Time:00:00.00 | Mem:0.00M, Peak:0.00M | Scene, ViewLayer | Synchronizing object | Rectangular panel end rim
Fra:1 Mem:42.95M (Peak 42.95M) | Time:00:00.00 | Mem:0.00M, Peak:0.00M | Scene, ViewLayer | Synchronizing object | Rectangular panel end rim.001
Fra:1 Mem:42.96M (Peak 42.96M) | Time:00:00.00 | Mem:0.00M, Peak:0.00M | Scene, ViewLayer | Synchronizing object | Upper and lower light panel
Fra:1 Mem:42.96M (Peak 42.96M) | Time:00:00.00 | Mem:0.00M, Peak:0.00M | Scene, ViewLayer | Synchronizing object | Triple thickness brown fleece base
Fra:1 Mem:42.98M (Peak 42.98M) | Time:00:00.00 | Mem:0.00M, Peak:0.00M | Scene, ViewLayer | Synchronizing object | kept-muttros-cat-tree::arched hollow condo wall
Fra:1 Mem:42.98M (Peak 42.98M) | Time:00:00.00 | Mem:0.00M, Peak:0.00M | Scene, ViewLayer | Synchronizing object | Condo top plush cushion
Fra:1 Mem:43.15M (Peak 43.15M) | Time:00:00.00 | Mem:0.00M, Peak:0.00M | Scene, ViewLayer | Synchronizing object | Condo dark floor
Fra:1 Mem:43.21M (Peak 43.21M) | Time:00:00.00 | Mem:0.00M, Peak:0.00M | Scene, ViewLayer | Synchronizing object | Natural wood branch0-0
Fra:1 Mem:43.22M (Peak 43.22M) | Time:00:00.00 | Mem:0.00M, Peak:0.00M | Scene, ViewLayer | Synchronizing object | Natural wood branch0-1
Fra:1 Mem:43.22M (Peak 43.22M) | Time:00:00.00 | Mem:0.00M, Peak:0.00M | Scene, ViewLayer | Synchronizing object | Natural wood branch0-2
Fra:1 Mem:43.28M (Peak 43.28M) | Time:00:00.00 | Mem:0.00M, Peak:0.00M | Scene, ViewLayer | Synchronizing object | Organic branch junction
Fra:1 Mem:43.28M (Peak 43.28M) | Time:00:00.00 | Mem:0.00M, Peak:0.00M | Scene, ViewLayer | Synchronizing object | Organic branch junction.001
Fra:1 Mem:43.32M (Peak 43.32M) | Time:00:00.00 | Mem:0.00M, Peak:0.00M | Scene, ViewLayer | Synchronizing object | Organic branch junction.002
Fra:1 Mem:43.35M (Peak 43.35M) | Time:00:00.00 | Mem:0.00M, Peak:0.00M | Scene, ViewLayer | Synchronizing object | Natural wood branch1-0
Fra:1 Mem:43.36M (Peak 43.36M) | Time:00:00.00 | Mem:0.00M, Peak:0.00M | Scene, ViewLayer | Synchronizing object | Natural wood branch1-1
Fra:1 Mem:43.37M (Peak 43.37M) | Time:00:00.00 | Mem:0.00M, Peak:0.00M | Scene, ViewLayer | Synchronizing object | Organic branch junction.003
Fra:1 Mem:43.50M (Peak 43.50M) | Time:00:00.00 | Mem:0.00M, Peak:0.00M | Scene, ViewLayer | Synchronizing object | Organic branch junction.004
Fra:1 Mem:43.54M (Peak 43.54M) | Time:00:00.00 | Mem:0.00M, Peak:0.00M | Scene, ViewLayer | Synchronizing object | Natural wood branch1-2
Fra:1 Mem:43.54M (Peak 43.54M) | Time:00:00.00 | Mem:0.00M, Peak:0.00M | Scene, ViewLayer | Synchronizing object | Natural wood branch2-0
Fra:1 Mem:43.48M (Peak 43.54M) | Time:00:00.00 | Mem:0.00M, Peak:0.00M | Scene, ViewLayer | Synchronizing object | Natural wood branch3-0
Fra:1 Mem:43.53M (Peak 43.54M) | Time:00:00.00 | Mem:0.00M, Peak:0.00M | Scene, ViewLayer | Synchronizing object | Natural wood branch3-1
Fra:1 Mem:43.53M (Peak 43.54M) | Time:00:00.00 | Mem:0.00M, Peak:0.00M | Scene, ViewLayer | Synchronizing object | Organic branch junction.006
Fra:1 Mem:43.55M (Peak 43.55M) | Time:00:00.00 | Mem:0.00M, Peak:0.00M | Scene, ViewLayer | Synchronizing object | kept-muttros-cat-tree::Top wicker basket woven horizontal cours
Fra:1 Mem:43.86M (Peak 43.86M) | Time:00:00.00 | Mem:0.00M, Peak:0.00M | Scene, ViewLayer | Synchronizing object | kept-muttros-cat-tree::Top wicker basket crossing wicker strand
Fra:1 Mem:44.15M (Peak 44.15M) | Time:00:00.00 | Mem:0.00M, Peak:0.00M | Scene, ViewLayer | Synchronizing object | Top wicker basket brown fleece cushion
Fra:1 Mem:44.24M (Peak 44.24M) | Time:00:00.00 | Mem:0.00M, Peak:0.00M | Scene, ViewLayer | Synchronizing object | kept-muttros-cat-tree::High side wicker basket woven horizontal
Fra:1 Mem:44.77M (Peak 44.77M) | Time:00:00.00 | Mem:0.00M, Peak:0.00M | Scene, ViewLayer | Synchronizing object | kept-muttros-cat-tree::High side wicker basket crossing wicker 
Fra:1 Mem:44.78M (Peak 44.78M) | Time:00:00.00 | Mem:0.00M, Peak:0.00M | Scene, ViewLayer | Synchronizing object | Temporary preview floor
Fra:1 Mem:45.23M (Peak 45.23M) | Time:00:00.00 | Mem:0.00M, Peak:0.00M | Scene, ViewLayer | Synchronizing object | branch-pro-task-chair-1::Back | Plane001
Fra:1 Mem:45.77M (Peak 45.77M) | Time:00:00.00 | Mem:0.00M, Peak:0.00M | Scene, ViewLayer | Synchronizing object | High side wicker basket brown fleece cushion
Fra:1 Mem:45.90M (Peak 45.90M) | Time:00:00.00 | Mem:0.00M, Peak:0.00M | Scene, ViewLayer | Synchronizing object | kept-muttros-cat-tree::Low side wicker basket woven horizontal 
Fra:1 Mem:46.21M (Peak 46.21M) | Time:00:00.00 | Mem:0.00M, Peak:0.00M | Scene, ViewLayer | Synchronizing object | kept-muttros-cat-tree::Low side wicker basket crossing wicker s
Fra:1 Mem:46.48M (Peak 46.48M) | Time:00:00.00 | Mem:0.00M, Peak:0.00M | Scene, ViewLayer | Synchronizing object | Low side wicker basket brown fleece cushion
Fra:1 Mem:46.71M (Peak 46.71M) | Time:00:00.00 | Mem:0.00M, Peak:0.00M | Scene, ViewLayer | Synchronizing object | kept-muttros-cat-tree::Brown fleece suspended bowl hammock
Fra:1 Mem:46.80M (Peak 46.80M) | Time:00:00.00 | Mem:0.00M, Peak:0.00M | Scene, ViewLayer | Synchronizing object | kept-muttros-cat-tree::Thick fleece hammock rim
Fra:1 Mem:46.95M (Peak 46.95M) | Time:00:00.01 | Mem:0.00M, Peak:0.00M | Scene, ViewLayer | Synchronizing object | kept-muttros-cat-tree::Sisal rope winding
Fra:1 Mem:46.96M (Peak 46.96M) | Time:00:00.01 | Mem:0.00M, Peak:0.00M | Scene, ViewLayer | Synchronizing object | kept-muttros-cat-tree::Sisal rope winding.001
Fra:1 Mem:47.06M (Peak 47.06M) | Time:00:00.01 | Mem:0.00M, Peak:0.00M | Scene, ViewLayer | Synchronizing object | kept-muttros-cat-tree::Sisal rope winding.002
Fra:1 Mem:47.15M (Peak 47.15M) | Time:00:00.01 | Mem:0.00M, Peak:0.00M | Scene, ViewLayer | Synchronizing object | kept-muttros-cat-tree::Hanging pom-pom cord
Fra:1 Mem:47.21M (Peak 47.21M) | Time:00:00.01 | Mem:0.00M, Peak:0.00M | Scene, ViewLayer | Synchronizing object | Brown play ball
Fra:1 Mem:47.27M (Peak 47.27M) | Time:00:00.01 | Mem:0.00M, Peak:0.00M | Scene, ViewLayer | Synchronizing object | kept-muttros-cat-tree::Hanging pom-pom cord.001
Fra:1 Mem:47.29M (Peak 47.29M) | Time:00:00.01 | Mem:0.00M, Peak:0.00M | Scene, ViewLayer | Synchronizing object | Brown play ball.001
Fra:1 Mem:47.21M (Peak 47.29M) | Time:00:00.01 | Mem:0.00M, Peak:0.00M | Scene, ViewLayer | Synchronizing object | kept-muttros-cat-tree::Hanging pom-pom cord.002
Fra:1 Mem:47.22M (Peak 47.29M) | Time:00:00.01 | Mem:0.00M, Peak:0.00M | Scene, ViewLayer | Synchronizing object | Brown play ball.002
Fra:1 Mem:47.22M (Peak 47.29M) | Time:00:00.01 | Mem:0.00M, Peak:0.00M | Scene, ViewLayer | Synchronizing object | branch-pro-task-chair-1::Mesh_0
Fra:1 Mem:55.16M (Peak 57.40M) | Time:00:00.03 | Mem:0.00M, Peak:0.00M | Scene, ViewLayer | Initializing
Fra:1 Mem:54.85M (Peak 57.40M) | Time:00:00.03 | Mem:0.00M, Peak:0.00M | Scene, ViewLayer | Updating Images | Loading uplift-live-edge-pheasantwood-front.jpg
Fra:1 Mem:54.85M (Peak 57.40M) | Time:00:00.03 | Mem:0.00M, Peak:0.00M | Scene, ViewLayer | Updating Images | Loading Image_2
Fra:1 Mem:54.85M (Peak 57.40M) | Time:00:00.03 | Mem:0.00M, Peak:0.00M | Scene, ViewLayer | Updating Images | Loading Image_4
Fra:1 Mem:54.86M (Peak 57.40M) | Time:00:00.03 | Mem:0.00M, Peak:0.00M | Scene, ViewLayer | Updating Images | Loading Image_3
Fra:1 Mem:107.85M (Peak 109.79M) | Time:00:00.03 | Mem:0.97M, Peak:0.97M | Scene, ViewLayer | Updating Images | Loading Image_5
Fra:1 Mem:123.85M (Peak 131.86M) | Time:00:00.05 | Mem:4.97M, Peak:4.97M | Scene, ViewLayer | Updating Images | Loading Image_0
Fra:1 Mem:124.85M (Peak 191.86M) | Time:00:00.10 | Mem:72.97M, Peak:72.97M | Scene, ViewLayer | Waiting for render to start
Fra:1 Mem:124.85M (Peak 191.86M) | Time:00:00.10 | Mem:72.97M, Peak:72.97M | Scene, ViewLayer | Loading render kernels (may take a few minutes the first time)
Fra:1 Mem:124.85M (Peak 191.86M) | Time:00:00.10 | Mem:72.97M, Peak:72.97M | Scene, ViewLayer | Updating Scene
Fra:1 Mem:124.85M (Peak 191.86M) | Time:00:00.10 | Mem:72.97M, Peak:72.97M | Scene, ViewLayer | Updating Shaders
Fra:1 Mem:124.94M (Peak 191.86M) | Time:00:00.10 | Mem:72.98M, Peak:72.98M | Scene, ViewLayer | Updating Procedurals
Fra:1 Mem:124.94M (Peak 191.86M) | Time:00:00.10 | Mem:72.98M, Peak:72.98M | Scene, ViewLayer | Updating Background
Fra:1 Mem:124.94M (Peak 191.86M) | Time:00:00.10 | Mem:72.98M, Peak:72.98M | Scene, ViewLayer | Updating Camera
Fra:1 Mem:124.94M (Peak 191.86M) | Time:00:00.10 | Mem:72.98M, Peak:72.98M | Scene, ViewLayer | Updating Meshes Flags
Fra:1 Mem:124.94M (Peak 191.86M) | Time:00:00.10 | Mem:72.98M, Peak:72.98M | Scene, ViewLayer | Updating Objects
Fra:1 Mem:124.94M (Peak 191.86M) | Time:00:00.10 | Mem:72.98M, Peak:72.98M | Scene, ViewLayer | Updating Objects | Copying Transformations to device
Fra:1 Mem:124.96M (Peak 191.86M) | Time:00:00.10 | Mem:73.00M, Peak:73.00M | Scene, ViewLayer | Updating Objects | Applying Static Transformations
Fra:1 Mem:124.96M (Peak 191.86M) | Time:00:00.10 | Mem:73.00M, Peak:73.00M | Scene, ViewLayer | Updating Particle Systems
Fra:1 Mem:124.96M (Peak 191.86M) | Time:00:00.10 | Mem:73.00M, Peak:73.00M | Scene, ViewLayer | Updating Particle Systems | Copying Particles to device
Fra:1 Mem:124.96M (Peak 191.86M) | Time:00:00.10 | Mem:73.00M, Peak:73.00M | Scene, ViewLayer | Updating Meshes
Fra:1 Mem:127.38M (Peak 191.86M) | Time:00:00.10 | Mem:73.00M, Peak:73.00M | Scene, ViewLayer | Updating Mesh | Computing attributes
Fra:1 Mem:132.29M (Peak 191.86M) | Time:00:00.10 | Mem:73.01M, Peak:73.01M | Scene, ViewLayer | Updating Mesh | Copying Attributes to device
Fra:1 Mem:132.28M (Peak 191.86M) | Time:00:00.10 | Mem:77.91M, Peak:77.91M | Scene, ViewLayer | Updating Geometry BVH Mesh_1.001 2/2 | Building BVH
Fra:1 Mem:132.28M (Peak 191.86M) | Time:00:00.10 | Mem:77.94M, Peak:77.94M | Scene, ViewLayer | Updating Geometry BVH Mesh_1.001 2/2 | Building BVH 0%
Fra:1 Mem:132.28M (Peak 191.86M) | Time:00:00.10 | Mem:77.96M, Peak:77.96M | Scene, ViewLayer | Updating Geometry BVH Mesh_0.001 1/2 | Building BVH
Fra:1 Mem:132.28M (Peak 191.86M) | Time:00:00.11 | Mem:81.26M, Peak:82.75M | Scene, ViewLayer | Updating Scene BVH | Building
Fra:1 Mem:132.28M (Peak 191.86M) | Time:00:00.11 | Mem:81.26M, Peak:82.75M | Scene, ViewLayer | Updating Scene BVH | Building BVH
Fra:1 Mem:132.28M (Peak 191.86M) | Time:00:00.12 | Mem:87.84M, Peak:91.15M | Scene, ViewLayer | Updating Scene BVH | Copying BVH to device
Fra:1 Mem:132.28M (Peak 191.86M) | Time:00:00.12 | Mem:87.84M, Peak:91.15M | Scene, ViewLayer | Updating Mesh | Computing normals
Fra:1 Mem:139.19M (Peak 191.86M) | Time:00:00.12 | Mem:87.84M, Peak:91.15M | Scene, ViewLayer | Updating Mesh | Copying Mesh to device
Fra:1 Mem:139.19M (Peak 191.86M) | Time:00:00.12 | Mem:94.75M, Peak:94.75M | Scene, ViewLayer | Updating Objects Flags
Fra:1 Mem:139.19M (Peak 191.86M) | Time:00:00.12 | Mem:94.75M, Peak:94.75M | Scene, ViewLayer | Updating Primitive Offsets
Fra:1 Mem:139.19M (Peak 191.86M) | Time:00:00.12 | Mem:94.75M, Peak:94.75M | Scene, ViewLayer | Updating Images
Fra:1 Mem:139.19M (Peak 191.86M) | Time:00:00.12 | Mem:94.75M, Peak:94.75M | Scene, ViewLayer | Updating Camera Volume
Fra:1 Mem:139.19M (Peak 191.86M) | Time:00:00.12 | Mem:94.75M, Peak:94.75M | Scene, ViewLayer | Updating Lookup Tables
Fra:1 Mem:139.19M (Peak 191.86M) | Time:00:00.12 | Mem:94.83M, Peak:94.83M | Scene, ViewLayer | Updating Lights
Fra:1 Mem:139.19M (Peak 191.86M) | Time:00:00.12 | Mem:94.83M, Peak:94.83M | Scene, ViewLayer | Updating Lights | Computing tree
Fra:1 Mem:139.23M (Peak 191.86M) | Time:00:00.12 | Mem:94.86M, Peak:94.86M | Scene, ViewLayer | Updating Integrator
Fra:1 Mem:139.23M (Peak 191.86M) | Time:00:00.12 | Mem:94.86M, Peak:94.86M | Scene, ViewLayer | Updating Film
Fra:1 Mem:139.23M (Peak 191.86M) | Time:00:00.12 | Mem:94.78M, Peak:94.86M | Scene, ViewLayer | Updating Lookup Tables
Fra:1 Mem:139.23M (Peak 191.86M) | Time:00:00.12 | Mem:94.86M, Peak:94.86M | Scene, ViewLayer | Updating Baking
Fra:1 Mem:139.23M (Peak 191.86M) | Time:00:00.12 | Mem:94.86M, Peak:94.86M | Scene, ViewLayer | Updating Device | Writing constant memory
Fra:1 Mem:139.23M (Peak 191.86M) | Time:00:00.12 | Mem:94.86M, Peak:94.86M | Scene, ViewLayer | Sample 0/16
Fra:1 Mem:169.47M (Peak 191.86M) | Time:00:00.71 | Remaining:00:08.86 | Mem:125.09M, Peak:125.09M | Scene, ViewLayer | Sample 1/16
Fra:1 Mem:182.90M (Peak 209.76M) | Time:00:09.27 | Mem:125.09M, Peak:125.09M | Scene, ViewLayer | Sample 16/16
Fra:1 Mem:182.90M (Peak 209.76M) | Time:00:09.27 | Mem:125.09M, Peak:125.09M | Scene, ViewLayer | Finished
Saved: '/workspace/his-office-redesign/model/keepers-preview-b.jpg'
Time: 00:09.33 (Saving: 00:00.05)


Blender quit
