ERROR Draco mesh compression is not available because library could not be found at /usr/bin/4.3/python/lib/python3.13/site-packages/libextern_draco.so
22:58:03 | INFO: Starting glTF 2.0 export
22:58:03 | INFO: Extracting primitive: Mesh_0
22:58:03 | INFO: Primitives created: 1
22:58:03 | INFO: Extracting primitive: Mesh_1
22:58:03 | INFO: Primitives created: 1
22:58:03 | INFO: Extracting primitive: Mesh_10
22:58:03 | INFO: Primitives created: 1
22:58:03 | INFO: Extracting primitive: Mesh_11
22:58:03 | INFO: Primitives created: 1
22:58:03 | INFO: Extracting primitive: Mesh_12
22:58:03 | INFO: Primitives created: 1
22:58:03 | INFO: Extracting primitive: Mesh_13
22:58:03 | INFO: Primitives created: 1
22:58:03 | INFO: Extracting primitive: Mesh_14
22:58:03 | INFO: Primitives created: 1
22:58:03 | INFO: Extracting primitive: Mesh_15
22:58:03 | INFO: Primitives created: 1
22:58:03 | INFO: Extracting primitive: Mesh_16
22:58:03 | INFO: Primitives created: 1
22:58:03 | INFO: Extracting primitive: Mesh_17
22:58:03 | INFO: Primitives created: 1
22:58:03 | INFO: Extracting primitive: Mesh_18
22:58:03 | INFO: Primitives created: 1
22:58:03 | INFO: Extracting primitive: Mesh_19
22:58:04 | INFO: Primitives created: 1
22:58:04 | INFO: Extracting primitive: Mesh_2
22:58:04 | INFO: Primitives created: 1
22:58:04 | INFO: Extracting primitive: Mesh_20
22:58:04 | INFO: Primitives created: 1
22:58:04 | INFO: Extracting primitive: Mesh_21
22:58:04 | INFO: Primitives created: 1
22:58:04 | INFO: Extracting primitive: Mesh_3
22:58:04 | INFO: Primitives created: 1
22:58:04 | INFO: Extracting primitive: Mesh_4
22:58:04 | INFO: Primitives created: 1
22:58:04 | INFO: Extracting primitive: Mesh_5
22:58:04 | INFO: Primitives created: 1
22:58:04 | INFO: Extracting primitive: Mesh_6
22:58:04 | INFO: Primitives created: 1
22:58:04 | INFO: Extracting primitive: Mesh_7
22:58:04 | INFO: Primitives created: 1
22:58:04 | INFO: Extracting primitive: Mesh_8
22:58:04 | INFO: Primitives created: 1
22:58:04 | INFO: Extracting primitive: Mesh_9
22:58:04 | INFO: Primitives created: 1
22:58:04 | INFO: Finished glTF 2.0 export in 1.1392407417297363 s

22:58:04 | INFO: Starting glTF 2.0 export
22:58:04 | INFO: Extracting primitive: scan-floor-upper plane mesh
22:58:04 | INFO: Primitives created: 1
22:58:04 | INFO: Extracting primitive: scan-floor-lower plane mesh
22:58:04 | INFO: Primitives created: 1
22:58:04 | INFO: Extracting primitive: his-office plane mesh.001
22:58:04 | INFO: Primitives created: 1
22:58:04 | INFO: Extracting primitive: her-office plane mesh.001
22:58:04 | INFO: Primitives created: 1
22:58:04 | INFO: Extracting primitive: living plane mesh.001
22:58:04 | INFO: Primitives created: 1
22:58:04 | INFO: Extracting primitive: upper-kitchen plane mesh.001
22:58:04 | INFO: Primitives created: 1
22:58:04 | INFO: Extracting primitive: bathroom-upper plane mesh.001
22:58:04 | INFO: Primitives created: 1
22:58:04 | INFO: Extracting primitive: music-gym plane mesh.001
22:58:04 | INFO: Primitives created: 1
22:58:04 | INFO: Extracting primitive: basement-open plane mesh.001
22:58:04 | INFO: Primitives created: 1
22:58:04 | INFO: Extracting primitive: Cube.002
22:58:04 | INFO: Primitives created: 1
22:58:04 | INFO: Extracting primitive: Cube.007
22:58:04 | INFO: Primitives created: 1
22:58:04 | INFO: Extracting primitive: Cube.008
22:58:04 | INFO: Primitives created: 1
22:58:04 | INFO: Extracting primitive: Cube.009
22:58:04 | INFO: Primitives created: 1
22:58:04 | INFO: Extracting primitive: Cube.010
22:58:04 | INFO: Primitives created: 1
22:58:04 | INFO: Extracting primitive: Cube.012
22:58:04 | INFO: Primitives created: 1
22:58:04 | INFO: Extracting primitive: Cube.014
22:58:04 | INFO: Primitives created: 1
22:58:04 | INFO: Extracting primitive: Cube.016
22:58:04 | INFO: Primitives created: 1
22:58:04 | INFO: Extracting primitive: Cube.024
22:58:04 | INFO: Primitives created: 1
22:58:04 | INFO: Extracting primitive: Cube.025
22:58:04 | INFO: Primitives created: 1
22:58:04 | INFO: Extracting primitive: Cube.026
22:58:04 | INFO: Primitives created: 1
22:58:04 | INFO: Extracting primitive: Cube.027
22:58:04 | INFO: Primitives created: 1
22:58:04 | INFO: Extracting primitive: Cube.028
22:58:04 | INFO: Primitives created: 1
22:58:04 | INFO: Extracting primitive: Cube.029
22:58:04 | INFO: Primitives created: 1
22:58:04 | INFO: Extracting primitive: Cube.030
22:58:04 | INFO: Primitives created: 1
22:58:04 | INFO: Extracting primitive: Cube.032
22:58:04 | INFO: Primitives created: 1
22:58:04 | INFO: Extracting primitive: Cube.040
22:58:04 | INFO: Primitives created: 1
22:58:04 | INFO: Extracting primitive: Cube.041
22:58:04 | INFO: Primitives created: 1
22:58:04 | INFO: Extracting primitive: Cube.042
22:58:04 | INFO: Primitives created: 1
22:58:04 | INFO: Extracting primitive: Cube.043
22:58:04 | INFO: Primitives created: 1
22:58:04 | INFO: Extracting primitive: Cube.044
22:58:04 | INFO: Primitives created: 1
22:58:04 | INFO: Extracting primitive: Cube.045
22:58:04 | INFO: Primitives created: 1
22:58:04 | INFO: Extracting primitive: Cube.046
22:58:04 | INFO: Primitives created: 1
22:58:04 | INFO: Extracting primitive: Cube.048
22:58:04 | INFO: Primitives created: 1
22:58:04 | INFO: Extracting primitive: Cube.050
22:58:04 | INFO: Primitives created: 1
22:58:04 | INFO: Extracting primitive: Cube.052
22:58:04 | INFO: Primitives created: 1
22:58:04 | INFO: Extracting primitive: Cube.057
22:58:04 | INFO: Primitives created: 1
22:58:04 | INFO: Extracting primitive: Cube.058
22:58:04 | INFO: Primitives created: 1
22:58:04 | INFO: Extracting primitive: Cube.059
22:58:04 | INFO: Primitives created: 1
22:58:04 | INFO: Extracting primitive: Cube.060
22:58:04 | INFO: Primitives created: 1
22:58:04 | INFO: Extracting primitive: Cube.062
22:58:04 | INFO: Primitives created: 1
22:58:04 | INFO: Extracting primitive: Cube.064
22:58:04 | INFO: Primitives created: 1
22:58:04 | INFO: Extracting primitive: Cube.066
22:58:04 | INFO: Primitives created: 1
22:58:04 | INFO: Extracting primitive: Cube.071
22:58:04 | INFO: Primitives created: 1
22:58:04 | INFO: Extracting primitive: Cube.072
22:58:04 | INFO: Primitives created: 1
22:58:04 | INFO: Extracting primitive: Cube.073
22:58:04 | INFO: Primitives created: 1
22:58:04 | INFO: Extracting primitive: Cube.074
22:58:04 | INFO: Primitives created: 1
22:58:04 | INFO: Extracting primitive: Cube.076
22:58:04 | INFO: Primitives created: 1
22:58:04 | INFO: Extracting primitive: Cube.081
22:58:04 | INFO: Primitives created: 1
22:58:04 | INFO: Extracting primitive: Cube.082
22:58:04 | INFO: Primitives created: 1
22:58:04 | INFO: Extracting primitive: Cube.083
22:58:04 | INFO: Primitives created: 1
22:58:04 | INFO: Extracting primitive: Cube.084
22:58:04 | INFO: Primitives created: 1
22:58:04 | INFO: Extracting primitive: Cube.086
22:58:04 | INFO: Primitives created: 1
22:58:04 | INFO: Extracting primitive: Cube.088
22:58:04 | INFO: Primitives created: 1
22:58:04 | INFO: Extracting primitive: Cube.090
22:58:04 | INFO: Primitives created: 1
22:58:04 | INFO: Extracting primitive: Cube.092
22:58:04 | INFO: Primitives created: 1
22:58:04 | INFO: Extracting primitive: Cube.094
22:58:04 | INFO: Primitives created: 1
22:58:04 | INFO: Extracting primitive: Cube.096
22:58:04 | INFO: Primitives created: 1
22:58:04 | INFO: Extracting primitive: Cube.098
22:58:04 | INFO: Primitives created: 1
22:58:04 | INFO: Extracting primitive: Cube.100
22:58:04 | INFO: Primitives created: 1
22:58:04 | INFO: Extracting primitive: Cube.102
22:58:04 | INFO: Primitives created: 1
22:58:04 | INFO: Extracting primitive: Cube.104
22:58:04 | INFO: Primitives created: 1
22:58:04 | INFO: Extracting primitive: Cube.106
22:58:04 | INFO: Primitives created: 1
22:58:04 | INFO: Extracting primitive: Cube.111
22:58:04 | INFO: Primitives created: 1
22:58:04 | INFO: Extracting primitive: Cube.112
22:58:04 | INFO: Primitives created: 1
22:58:04 | INFO: Extracting primitive: Cube.113
22:58:04 | INFO: Primitives created: 1
22:58:04 | INFO: Extracting primitive: Cube.114
22:58:04 | INFO: Primitives created: 1
22:58:04 | INFO: Extracting primitive: Cube.116
22:58:04 | INFO: Primitives created: 1
22:58:04 | INFO: Extracting primitive: Cube.121
22:58:04 | INFO: Primitives created: 1
22:58:04 | INFO: Extracting primitive: Cube.122
22:58:04 | INFO: Primitives created: 1
22:58:04 | INFO: Extracting primitive: Cube.123
22:58:04 | INFO: Primitives created: 1
22:58:04 | INFO: Extracting primitive: Cube.124
22:58:04 | INFO: Primitives created: 1
22:58:04 | INFO: Extracting primitive: Cube.126
22:58:04 | INFO: Primitives created: 1
22:58:04 | INFO: Extracting primitive: Cube.128
22:58:04 | INFO: Primitives created: 1
22:58:04 | INFO: Extracting primitive: Cube.130
22:58:04 | INFO: Primitives created: 1
22:58:04 | INFO: Extracting primitive: Cube.132
22:58:04 | INFO: Primitives created: 1
22:58:04 | INFO: Extracting primitive: Cube.134
22:58:04 | INFO: Primitives created: 1
22:58:04 | INFO: Extracting primitive: Cube.136
22:58:04 | INFO: Primitives created: 1
22:58:04 | INFO: Extracting primitive: Cube.138
22:58:04 | INFO: Primitives created: 1
22:58:04 | INFO: Extracting primitive: Cube.147
22:58:04 | INFO: Primitives created: 1
22:58:04 | INFO: Extracting primitive: Cube.148
22:58:04 | INFO: Primitives created: 1
22:58:04 | INFO: Extracting primitive: Cube.149
22:58:04 | INFO: Primitives created: 1
22:58:04 | INFO: Extracting primitive: Cube.150
22:58:04 | INFO: Primitives created: 1
22:58:04 | INFO: Extracting primitive: Cube.151
22:58:04 | INFO: Primitives created: 1
22:58:04 | INFO: Extracting primitive: Cube.152
22:58:04 | INFO: Primitives created: 1
22:58:04 | INFO: Extracting primitive: Cube.153
22:58:04 | INFO: Primitives created: 1
22:58:04 | INFO: Extracting primitive: Cube.154
22:58:04 | INFO: Primitives created: 1
22:58:04 | INFO: Extracting primitive: Cube.173
22:58:04 | INFO: Primitives created: 1
22:58:04 | INFO: Extracting primitive: Cube.174
22:58:04 | INFO: Primitives created: 1
22:58:04 | INFO: Extracting primitive: Cube.175
22:58:04 | INFO: Primitives created: 1
22:58:04 | INFO: Extracting primitive: Cube.176
22:58:04 | INFO: Primitives created: 1
22:58:04 | INFO: Extracting primitive: Cube.177
22:58:04 | INFO: Primitives created: 1
22:58:04 | INFO: Extracting primitive: Cube.178
22:58:04 | INFO: Primitives created: 1
22:58:04 | INFO: Extracting primitive: Cube.179
22:58:04 | INFO: Primitives created: 1
22:58:04 | INFO: Extracting primitive: Cube.180
22:58:04 | INFO: Primitives created: 1
22:58:04 | INFO: Extracting primitive: Cube.181
22:58:04 | INFO: Primitives created: 1
22:58:04 | INFO: Extracting primitive: Cube.182
22:58:04 | INFO: Primitives created: 1
22:58:04 | INFO: Extracting primitive: Cube.183
22:58:04 | INFO: Primitives created: 1
22:58:04 | INFO: Extracting primitive: Cube.184
22:58:04 | INFO: Primitives created: 1
22:58:04 | INFO: Extracting primitive: Cube.185
22:58:04 | INFO: Primitives created: 1
22:58:04 | INFO: Extracting primitive: Cube.186
22:58:04 | INFO: Primitives created: 1
22:58:04 | INFO: Extracting primitive: Cube.187
22:58:04 | INFO: Primitives created: 1
22:58:04 | INFO: Extracting primitive: Cube.188
22:58:04 | INFO: Primitives created: 1
22:58:04 | INFO: Extracting primitive: Cube.189
22:58:04 | INFO: Primitives created: 1
22:58:04 | INFO: Extracting primitive: Cube.190
22:58:04 | INFO: Primitives created: 1
22:58:04 | INFO: Finished glTF 2.0 export in 0.20641732215881348 s

22:58:04 | INFO: Starting glTF 2.0 export
22:58:04 | INFO: Extracting primitive: his-office plane mesh
22:58:04 | INFO: Primitives created: 1
22:58:04 | INFO: Extracting primitive: his-office plane mesh.002
22:58:04 | INFO: Primitives created: 1
22:58:04 | INFO: Extracting primitive: her-office plane mesh
22:58:04 | INFO: Primitives created: 1
22:58:04 | INFO: Extracting primitive: her-office plane mesh.002
22:58:04 | INFO: Primitives created: 1
22:58:04 | INFO: Extracting primitive: living plane mesh
22:58:04 | INFO: Primitives created: 1
22:58:04 | INFO: Extracting primitive: living plane mesh.002
22:58:04 | INFO: Primitives created: 1
22:58:04 | INFO: Extracting primitive: upper-kitchen plane mesh
22:58:04 | INFO: Primitives created: 1
22:58:04 | INFO: Extracting primitive: upper-kitchen plane mesh.002
22:58:04 | INFO: Primitives created: 1
22:58:04 | INFO: Extracting primitive: bathroom-upper plane mesh
22:58:04 | INFO: Primitives created: 1
22:58:04 | INFO: Extracting primitive: bathroom-upper plane mesh.002
22:58:04 | INFO: Primitives created: 1
22:58:04 | INFO: Extracting primitive: music-gym plane mesh
22:58:04 | INFO: Primitives created: 1
22:58:04 | INFO: Extracting primitive: music-gym plane mesh.002
22:58:04 | INFO: Primitives created: 1
22:58:04 | INFO: Extracting primitive: basement-open plane mesh
22:58:04 | INFO: Primitives created: 1
22:58:04 | INFO: Extracting primitive: basement-open plane mesh.002
22:58:04 | INFO: Primitives created: 1
22:58:04 | INFO: Extracting primitive: Cube.001
22:58:04 | INFO: Primitives created: 1
22:58:04 | INFO: Extracting primitive: Cube.003
22:58:04 | INFO: Primitives created: 1
22:58:04 | INFO: Extracting primitive: Cube.004
22:58:04 | INFO: Primitives created: 1
22:58:04 | INFO: Extracting primitive: Cube.005
22:58:04 | INFO: Primitives created: 1
22:58:04 | INFO: Extracting primitive: Cube.006
22:58:04 | INFO: Primitives created: 1
22:58:04 | INFO: Extracting primitive: Cube.011
22:58:04 | INFO: Primitives created: 1
22:58:04 | INFO: Extracting primitive: Cube.013
22:58:04 | INFO: Primitives created: 1
22:58:04 | INFO: Extracting primitive: Cube.015
22:58:04 | INFO: Primitives created: 1
22:58:04 | INFO: Extracting primitive: Cube.017
22:58:04 | INFO: Primitives created: 1
22:58:04 | INFO: Extracting primitive: Cube.018
22:58:04 | INFO: Primitives created: 1
22:58:04 | INFO: Extracting primitive: Cube.019
22:58:04 | INFO: Primitives created: 1
22:58:04 | INFO: Extracting primitive: Cube.020
22:58:04 | INFO: Primitives created: 1
22:58:04 | INFO: Extracting primitive: Cube.021
22:58:04 | INFO: Primitives created: 1
22:58:04 | INFO: Extracting primitive: Cube.022
22:58:04 | INFO: Primitives created: 1
22:58:04 | INFO: Extracting primitive: Cube.023
22:58:04 | INFO: Primitives created: 1
22:58:04 | INFO: Extracting primitive: Cube.031
22:58:04 | INFO: Primitives created: 1
22:58:04 | INFO: Extracting primitive: Cube.033
22:58:04 | INFO: Primitives created: 1
22:58:04 | INFO: Extracting primitive: Cube.034
22:58:04 | INFO: Primitives created: 1
22:58:04 | INFO: Extracting primitive: Cube.035
22:58:04 | INFO: Primitives created: 1
22:58:04 | INFO: Extracting primitive: Cube.036
22:58:04 | INFO: Primitives created: 1
22:58:04 | INFO: Extracting primitive: Cube.037
22:58:04 | INFO: Primitives created: 1
22:58:04 | INFO: Extracting primitive: Cube.038
22:58:04 | INFO: Primitives created: 1
22:58:04 | INFO: Extracting primitive: Cube.039
22:58:04 | INFO: Primitives created: 1
22:58:04 | INFO: Extracting primitive: Cube.047
22:58:04 | INFO: Primitives created: 1
22:58:04 | INFO: Extracting primitive: Cube.049
22:58:04 | INFO: Primitives created: 1
22:58:04 | INFO: Extracting primitive: Cube.051
22:58:04 | INFO: Primitives created: 1
22:58:04 | INFO: Extracting primitive: Cube.053
22:58:04 | INFO: Primitives created: 1
22:58:04 | INFO: Extracting primitive: Cube.054
22:58:04 | INFO: Primitives created: 1
22:58:04 | INFO: Extracting primitive: Cube.055
22:58:04 | INFO: Primitives created: 1
22:58:04 | INFO: Extracting primitive: Cube.056
22:58:04 | INFO: Primitives created: 1
22:58:04 | INFO: Extracting primitive: Cube.061
22:58:04 | INFO: Primitives created: 1
22:58:04 | INFO: Extracting primitive: Cube.063
22:58:04 | INFO: Primitives created: 1
22:58:04 | INFO: Extracting primitive: Cube.065
22:58:04 | INFO: Primitives created: 1
22:58:04 | INFO: Extracting primitive: Cube.067
22:58:04 | INFO: Primitives created: 1
22:58:04 | INFO: Extracting primitive: Cube.068
22:58:04 | INFO: Primitives created: 1
22:58:04 | INFO: Extracting primitive: Cube.069
22:58:04 | INFO: Primitives created: 1
22:58:04 | INFO: Extracting primitive: Cube.070
22:58:04 | INFO: Primitives created: 1
22:58:04 | INFO: Extracting primitive: Cube.075
22:58:04 | INFO: Primitives created: 1
22:58:04 | INFO: Extracting primitive: Cube.077
22:58:04 | INFO: Primitives created: 1
22:58:04 | INFO: Extracting primitive: Cube.078
22:58:04 | INFO: Primitives created: 1
22:58:04 | INFO: Extracting primitive: Cube.079
22:58:04 | INFO: Primitives created: 1
22:58:04 | INFO: Extracting primitive: Cube.080
22:58:04 | INFO: Primitives created: 1
22:58:04 | INFO: Extracting primitive: Cube.085
22:58:04 | INFO: Primitives created: 1
22:58:04 | INFO: Extracting primitive: Cube.087
22:58:04 | INFO: Primitives created: 1
22:58:04 | INFO: Extracting primitive: Cube.089
22:58:04 | INFO: Primitives created: 1
22:58:04 | INFO: Extracting primitive: Cube.091
22:58:04 | INFO: Primitives created: 1
22:58:04 | INFO: Extracting primitive: Cube.093
22:58:04 | INFO: Primitives created: 1
22:58:04 | INFO: Extracting primitive: Cube.095
22:58:04 | INFO: Primitives created: 1
22:58:04 | INFO: Extracting primitive: Cube.097
22:58:04 | INFO: Primitives created: 1
22:58:04 | INFO: Extracting primitive: Cube.099
22:58:04 | INFO: Primitives created: 1
22:58:04 | INFO: Extracting primitive: Cube.101
22:58:04 | INFO: Primitives created: 1
22:58:04 | INFO: Extracting primitive: Cube.103
22:58:04 | INFO: Primitives created: 1
22:58:04 | INFO: Extracting primitive: Cube.105
22:58:04 | INFO: Primitives created: 1
22:58:04 | INFO: Extracting primitive: Cube.107
22:58:04 | INFO: Primitives created: 1
22:58:04 | INFO: Extracting primitive: Cube.108
22:58:04 | INFO: Primitives created: 1
22:58:04 | INFO: Extracting primitive: Cube.109
22:58:04 | INFO: Primitives created: 1
22:58:04 | INFO: Extracting primitive: Cube.110
22:58:04 | INFO: Primitives created: 1
22:58:04 | INFO: Extracting primitive: Cube.115
22:58:04 | INFO: Primitives created: 1
22:58:04 | INFO: Extracting primitive: Cube.117
22:58:04 | INFO: Primitives created: 1
22:58:04 | INFO: Extracting primitive: Cube.118
22:58:04 | INFO: Primitives created: 1
22:58:04 | INFO: Extracting primitive: Cube.119
22:58:04 | INFO: Primitives created: 1
22:58:04 | INFO: Extracting primitive: Cube.120
22:58:04 | INFO: Primitives created: 1
22:58:04 | INFO: Extracting primitive: Cube.125
22:58:04 | INFO: Primitives created: 1
22:58:04 | INFO: Extracting primitive: Cube.127
22:58:04 | INFO: Primitives created: 1
22:58:04 | INFO: Extracting primitive: Cube.129
22:58:04 | INFO: Primitives created: 1
22:58:04 | INFO: Extracting primitive: Cube.131
22:58:04 | INFO: Primitives created: 1
22:58:04 | INFO: Extracting primitive: Cube.133
22:58:04 | INFO: Primitives created: 1
22:58:04 | INFO: Extracting primitive: Cube.135
22:58:04 | INFO: Primitives created: 1
22:58:04 | INFO: Extracting primitive: Cube.137
22:58:04 | INFO: Primitives created: 1
22:58:04 | INFO: Extracting primitive: Cube.139
22:58:04 | INFO: Primitives created: 1
22:58:04 | INFO: Extracting primitive: Cube.140
22:58:04 | INFO: Primitives created: 1
22:58:04 | INFO: Extracting primitive: Cube.141
22:58:04 | INFO: Primitives created: 1
22:58:04 | INFO: Extracting primitive: Cube.142
22:58:04 | INFO: Primitives created: 1
22:58:04 | INFO: Extracting primitive: Cube.143
22:58:04 | INFO: Primitives created: 1
22:58:04 | INFO: Extracting primitive: Cube.144
22:58:04 | INFO: Primitives created: 1
22:58:04 | INFO: Extracting primitive: Cube.145
22:58:04 | INFO: Primitives created: 1
22:58:04 | INFO: Extracting primitive: Cube.146
22:58:04 | INFO: Primitives created: 1
22:58:04 | INFO: Extracting primitive: Cube.155
22:58:04 | INFO: Primitives created: 1
22:58:04 | INFO: Extracting primitive: Cube.156
22:58:04 | INFO: Primitives created: 1
22:58:04 | INFO: Extracting primitive: Cube.157
22:58:04 | INFO: Primitives created: 1
22:58:04 | INFO: Extracting primitive: Cube.158
22:58:04 | INFO: Primitives created: 1
22:58:04 | INFO: Extracting primitive: Cube.159
22:58:04 | INFO: Primitives created: 1
22:58:04 | INFO: Extracting primitive: Cube.160
22:58:04 | INFO: Primitives created: 1
22:58:04 | INFO: Extracting primitive: Cube.161
22:58:04 | INFO: Primitives created: 1
22:58:04 | INFO: Extracting primitive: Cube.162
22:58:04 | INFO: Primitives created: 1
22:58:04 | INFO: Extracting primitive: Cube.163
22:58:04 | INFO: Primitives created: 1
22:58:04 | INFO: Extracting primitive: Cube.164
22:58:04 | INFO: Primitives created: 1
22:58:04 | INFO: Extracting primitive: Cube.165
22:58:04 | INFO: Primitives created: 1
22:58:04 | INFO: Extracting primitive: Cube.166
22:58:04 | INFO: Primitives created: 1
22:58:04 | INFO: Extracting primitive: Cube.167
22:58:04 | INFO: Primitives created: 1
22:58:04 | INFO: Extracting primitive: Cube.168
22:58:04 | INFO: Primitives created: 1
22:58:04 | INFO: Extracting primitive: Cube.169
22:58:04 | INFO: Primitives created: 1
22:58:04 | INFO: Extracting primitive: Cube.170
22:58:04 | INFO: Primitives created: 1
22:58:04 | INFO: Extracting primitive: Cube.171
22:58:04 | INFO: Primitives created: 1
22:58:04 | INFO: Extracting primitive: Cube.172
22:58:04 | INFO: Primitives created: 1
22:58:04 | INFO: Finished glTF 2.0 export in 0.19725561141967773 s

22:58:04 | INFO: Starting glTF 2.0 export
22:58:04 | INFO: Extracting primitive: Mesh_0
22:58:04 | INFO: Primitives created: 1
22:58:04 | INFO: Extracting primitive: Mesh_1
22:58:04 | INFO: Primitives created: 1
22:58:04 | INFO: Extracting primitive: Mesh_10
22:58:04 | INFO: Primitives created: 1
22:58:04 | INFO: Extracting primitive: Mesh_11
22:58:04 | INFO: Primitives created: 1
22:58:04 | INFO: Extracting primitive: Mesh_12
22:58:04 | INFO: Primitives created: 1
22:58:04 | INFO: Extracting primitive: Mesh_13
22:58:04 | INFO: Primitives created: 1
22:58:04 | INFO: Extracting primitive: Mesh_14
22:58:04 | INFO: Primitives created: 1
22:58:04 | INFO: Extracting primitive: Mesh_15
22:58:04 | INFO: Primitives created: 1
22:58:04 | INFO: Extracting primitive: Mesh_16
22:58:04 | INFO: Primitives created: 1
22:58:04 | INFO: Extracting primitive: Mesh_17
22:58:04 | INFO: Primitives created: 1
22:58:05 | INFO: Extracting primitive: Mesh_18
22:58:05 | INFO: Primitives created: 1
22:58:05 | INFO: Extracting primitive: Mesh_19
22:58:05 | INFO: Primitives created: 1
22:58:05 | INFO: Extracting primitive: Mesh_2
22:58:05 | INFO: Primitives created: 1
22:58:05 | INFO: Extracting primitive: Mesh_20
22:58:05 | INFO: Primitives created: 1
22:58:05 | INFO: Extracting primitive: Mesh_21
22:58:05 | INFO: Primitives created: 1
22:58:05 | INFO: Extracting primitive: Mesh_3
22:58:05 | INFO: Primitives created: 1
22:58:05 | INFO: Extracting primitive: Mesh_4
22:58:05 | INFO: Primitives created: 1
22:58:05 | INFO: Extracting primitive: Mesh_5
22:58:05 | INFO: Primitives created: 1
22:58:05 | INFO: Extracting primitive: Mesh_6
22:58:05 | INFO: Primitives created: 1
22:58:05 | INFO: Extracting primitive: Mesh_7
22:58:05 | INFO: Primitives created: 1
22:58:05 | INFO: Extracting primitive: Mesh_8
22:58:05 | INFO: Primitives created: 1
22:58:05 | INFO: Extracting primitive: Mesh_9
22:58:05 | INFO: Primitives created: 1
22:58:05 | INFO: Extracting primitive: scan-floor-upper plane mesh
22:58:05 | INFO: Primitives created: 1
22:58:05 | INFO: Extracting primitive: scan-floor-lower plane mesh
22:58:05 | INFO: Primitives created: 1
22:58:05 | INFO: Extracting primitive: his-office plane mesh.001
22:58:05 | INFO: Primitives created: 1
22:58:05 | INFO: Extracting primitive: her-office plane mesh.001
22:58:05 | INFO: Primitives created: 1
22:58:05 | INFO: Extracting primitive: living plane mesh.001
22:58:05 | INFO: Primitives created: 1
22:58:05 | INFO: Extracting primitive: upper-kitchen plane mesh.001
22:58:05 | INFO: Primitives created: 1
22:58:05 | INFO: Extracting primitive: bathroom-upper plane mesh.001
22:58:05 | INFO: Primitives created: 1
22:58:05 | INFO: Extracting primitive: music-gym plane mesh.001
22:58:05 | INFO: Primitives created: 1
22:58:05 | INFO: Extracting primitive: basement-open plane mesh.001
22:58:05 | INFO: Primitives created: 1
22:58:05 | INFO: Extracting primitive: Cube.002
22:58:05 | INFO: Primitives created: 1
22:58:05 | INFO: Extracting primitive: Cube.007
22:58:05 | INFO: Primitives created: 1
22:58:05 | INFO: Extracting primitive: Cube.008
22:58:05 | INFO: Primitives created: 1
22:58:05 | INFO: Extracting primitive: Cube.009
22:58:05 | INFO: Primitives created: 1
22:58:05 | INFO: Extracting primitive: Cube.010
22:58:05 | INFO: Primitives created: 1
22:58:05 | INFO: Extracting primitive: Cube.012
22:58:05 | INFO: Primitives created: 1
22:58:05 | INFO: Extracting primitive: Cube.014
22:58:05 | INFO: Primitives created: 1
22:58:05 | INFO: Extracting primitive: Cube.016
22:58:05 | INFO: Primitives created: 1
22:58:05 | INFO: Extracting primitive: Cube.024
22:58:05 | INFO: Primitives created: 1
22:58:05 | INFO: Extracting primitive: Cube.025
22:58:05 | INFO: Primitives created: 1
22:58:05 | INFO: Extracting primitive: Cube.026
22:58:05 | INFO: Primitives created: 1
22:58:05 | INFO: Extracting primitive: Cube.027
22:58:05 | INFO: Primitives created: 1
22:58:05 | INFO: Extracting primitive: Cube.028
22:58:05 | INFO: Primitives created: 1
22:58:05 | INFO: Extracting primitive: Cube.029
22:58:05 | INFO: Primitives created: 1
22:58:05 | INFO: Extracting primitive: Cube.030
22:58:05 | INFO: Primitives created: 1
22:58:05 | INFO: Extracting primitive: Cube.032
22:58:05 | INFO: Primitives created: 1
22:58:05 | INFO: Extracting primitive: Cube.040
22:58:05 | INFO: Primitives created: 1
22:58:05 | INFO: Extracting primitive: Cube.041
22:58:05 | INFO: Primitives created: 1
22:58:05 | INFO: Extracting primitive: Cube.042
22:58:05 | INFO: Primitives created: 1
22:58:05 | INFO: Extracting primitive: Cube.043
22:58:05 | INFO: Primitives created: 1
22:58:05 | INFO: Extracting primitive: Cube.044
22:58:05 | INFO: Primitives created: 1
22:58:05 | INFO: Extracting primitive: Cube.045
22:58:05 | INFO: Primitives created: 1
22:58:05 | INFO: Extracting primitive: Cube.046
22:58:05 | INFO: Primitives created: 1
22:58:05 | INFO: Extracting primitive: Cube.048
22:58:05 | INFO: Primitives created: 1
22:58:05 | INFO: Extracting primitive: Cube.050
22:58:05 | INFO: Primitives created: 1
22:58:05 | INFO: Extracting primitive: Cube.052
22:58:05 | INFO: Primitives created: 1
22:58:05 | INFO: Extracting primitive: Cube.057
22:58:05 | INFO: Primitives created: 1
22:58:05 | INFO: Extracting primitive: Cube.058
22:58:05 | INFO: Primitives created: 1
22:58:05 | INFO: Extracting primitive: Cube.059
22:58:05 | INFO: Primitives created: 1
22:58:05 | INFO: Extracting primitive: Cube.060
22:58:05 | INFO: Primitives created: 1
22:58:05 | INFO: Extracting primitive: Cube.062
22:58:05 | INFO: Primitives created: 1
22:58:05 | INFO: Extracting primitive: Cube.064
22:58:05 | INFO: Primitives created: 1
22:58:05 | INFO: Extracting primitive: Cube.066
22:58:05 | INFO: Primitives created: 1
22:58:05 | INFO: Extracting primitive: Cube.071
22:58:05 | INFO: Primitives created: 1
22:58:05 | INFO: Extracting primitive: Cube.072
22:58:05 | INFO: Primitives created: 1
22:58:05 | INFO: Extracting primitive: Cube.073
22:58:05 | INFO: Primitives created: 1
22:58:05 | INFO: Extracting primitive: Cube.074
22:58:05 | INFO: Primitives created: 1
22:58:05 | INFO: Extracting primitive: Cube.076
22:58:05 | INFO: Primitives created: 1
22:58:05 | INFO: Extracting primitive: Cube.081
22:58:05 | INFO: Primitives created: 1
22:58:05 | INFO: Extracting primitive: Cube.082
22:58:05 | INFO: Primitives created: 1
22:58:05 | INFO: Extracting primitive: Cube.083
22:58:05 | INFO: Primitives created: 1
22:58:05 | INFO: Extracting primitive: Cube.084
22:58:05 | INFO: Primitives created: 1
22:58:05 | INFO: Extracting primitive: Cube.086
22:58:05 | INFO: Primitives created: 1
22:58:05 | INFO: Extracting primitive: Cube.088
22:58:05 | INFO: Primitives created: 1
22:58:05 | INFO: Extracting primitive: Cube.090
22:58:05 | INFO: Primitives created: 1
22:58:05 | INFO: Extracting primitive: Cube.092
22:58:05 | INFO: Primitives created: 1
22:58:05 | INFO: Extracting primitive: Cube.094
22:58:05 | INFO: Primitives created: 1
22:58:05 | INFO: Extracting primitive: Cube.096
22:58:05 | INFO: Primitives created: 1
22:58:05 | INFO: Extracting primitive: Cube.098
22:58:05 | INFO: Primitives created: 1
22:58:05 | INFO: Extracting primitive: Cube.100
22:58:05 | INFO: Primitives created: 1
22:58:05 | INFO: Extracting primitive: Cube.102
22:58:05 | INFO: Primitives created: 1
22:58:05 | INFO: Extracting primitive: Cube.104
22:58:05 | INFO: Primitives created: 1
22:58:05 | INFO: Extracting primitive: Cube.106
22:58:05 | INFO: Primitives created: 1
22:58:05 | INFO: Extracting primitive: Cube.111
22:58:05 | INFO: Primitives created: 1
22:58:05 | INFO: Extracting primitive: Cube.112
22:58:05 | INFO: Primitives created: 1
22:58:05 | INFO: Extracting primitive: Cube.113
22:58:05 | INFO: Primitives created: 1
22:58:05 | INFO: Extracting primitive: Cube.114
22:58:05 | INFO: Primitives created: 1
22:58:05 | INFO: Extracting primitive: Cube.116
22:58:05 | INFO: Primitives created: 1
22:58:05 | INFO: Extracting primitive: Cube.121
22:58:05 | INFO: Primitives created: 1
22:58:05 | INFO: Extracting primitive: Cube.122
22:58:05 | INFO: Primitives created: 1
22:58:05 | INFO: Extracting primitive: Cube.123
22:58:05 | INFO: Primitives created: 1
22:58:05 | INFO: Extracting primitive: Cube.124
22:58:05 | INFO: Primitives created: 1
22:58:05 | INFO: Extracting primitive: Cube.126
22:58:05 | INFO: Primitives created: 1
22:58:05 | INFO: Extracting primitive: Cube.128
22:58:05 | INFO: Primitives created: 1
22:58:05 | INFO: Extracting primitive: Cube.130
22:58:05 | INFO: Primitives created: 1
22:58:05 | INFO: Extracting primitive: Cube.132
22:58:05 | INFO: Primitives created: 1
22:58:05 | INFO: Extracting primitive: Cube.134
22:58:05 | INFO: Primitives created: 1
22:58:05 | INFO: Extracting primitive: Cube.136
22:58:05 | INFO: Primitives created: 1
22:58:05 | INFO: Extracting primitive: Cube.138
22:58:05 | INFO: Primitives created: 1
22:58:05 | INFO: Extracting primitive: Cube.147
22:58:05 | INFO: Primitives created: 1
22:58:05 | INFO: Extracting primitive: Cube.148
22:58:05 | INFO: Primitives created: 1
22:58:05 | INFO: Extracting primitive: Cube.149
22:58:05 | INFO: Primitives created: 1
22:58:05 | INFO: Extracting primitive: Cube.150
22:58:05 | INFO: Primitives created: 1
22:58:05 | INFO: Extracting primitive: Cube.151
22:58:05 | INFO: Primitives created: 1
22:58:05 | INFO: Extracting primitive: Cube.152
22:58:05 | INFO: Primitives created: 1
22:58:05 | INFO: Extracting primitive: Cube.153
22:58:05 | INFO: Primitives created: 1
22:58:05 | INFO: Extracting primitive: Cube.154
22:58:05 | INFO: Primitives created: 1
22:58:05 | INFO: Extracting primitive: Cube.173
22:58:05 | INFO: Primitives created: 1
22:58:05 | INFO: Extracting primitive: Cube.174
22:58:05 | INFO: Primitives created: 1
22:58:05 | INFO: Extracting primitive: Cube.175
22:58:05 | INFO: Primitives created: 1
22:58:05 | INFO: Extracting primitive: Cube.176
22:58:05 | INFO: Primitives created: 1
22:58:05 | INFO: Extracting primitive: Cube.177
22:58:05 | INFO: Primitives created: 1
22:58:05 | INFO: Extracting primitive: Cube.178
22:58:05 | INFO: Primitives created: 1
22:58:05 | INFO: Extracting primitive: Cube.179
22:58:05 | INFO: Primitives created: 1
22:58:05 | INFO: Extracting primitive: Cube.180
22:58:05 | INFO: Primitives created: 1
22:58:05 | INFO: Extracting primitive: Cube.181
22:58:05 | INFO: Primitives created: 1
22:58:05 | INFO: Extracting primitive: Cube.182
22:58:05 | INFO: Primitives created: 1
22:58:05 | INFO: Extracting primitive: Cube.183
22:58:05 | INFO: Primitives created: 1
22:58:05 | INFO: Extracting primitive: Cube.184
22:58:05 | INFO: Primitives created: 1
22:58:05 | INFO: Extracting primitive: Cube.185
22:58:05 | INFO: Primitives created: 1
22:58:05 | INFO: Extracting primitive: Cube.186
22:58:05 | INFO: Primitives created: 1
22:58:05 | INFO: Extracting primitive: Cube.187
22:58:05 | INFO: Primitives created: 1
22:58:05 | INFO: Extracting primitive: Cube.188
22:58:05 | INFO: Primitives created: 1
22:58:05 | INFO: Extracting primitive: Cube.189
22:58:05 | INFO: Primitives created: 1
22:58:05 | INFO: Extracting primitive: Cube.190
22:58:05 | INFO: Primitives created: 1
22:58:05 | INFO: Finished glTF 2.0 export in 0.7238337993621826 s

Info: Saved "repaired-apartment.blend"
COMPLETE_MODEL /workspace/apartment-model/repaired-apartment.blend
Blender 4.3.2
Read blend: "/workspace/apartment/scan.blend"
ERROR: Image "" not available. Keeping packed image
ERROR: Image "" not available. Keeping packed image
ERROR: Image "" not available. Keeping packed image
ERROR: Image "" not available. Keeping packed image
ERROR: Image "" not available. Keeping packed image
ERROR: Image "" not available. Keeping packed image
ERROR: Image "" not available. Keeping packed image
ERROR: Image "" not available. Keeping packed image
ERROR: Image "" not available. Keeping packed image
ERROR: Image "" not available. Keeping packed image
ERROR: Image "" not available. Keeping packed image

Blender quit
