ERROR Draco mesh compression is not available because library could not be found at /usr/bin/4.3/python/lib/python3.13/site-packages/libextern_draco.so
22:59:18 | INFO: Starting glTF 2.0 export
22:59:18 | INFO: Extracting primitive: Cube
22:59:18 | INFO: Primitives created: 1
22:59:18 | INFO: Extracting primitive: Cube.191
22:59:18 | INFO: Primitives created: 1
22:59:18 | INFO: Extracting primitive: Cube.192
22:59:18 | INFO: Primitives created: 1
22:59:18 | INFO: Extracting primitive: Cube.193
22:59:18 | INFO: Primitives created: 1
22:59:18 | INFO: Extracting primitive: Cube.194
22:59:18 | INFO: Primitives created: 1
22:59:18 | INFO: Extracting primitive: Cube.195
22:59:18 | INFO: Primitives created: 1
22:59:18 | INFO: Extracting primitive: Cube.196
22:59:18 | INFO: Primitives created: 1
22:59:18 | INFO: Extracting primitive: Cube.197
22:59:18 | INFO: Primitives created: 1
22:59:18 | INFO: Extracting primitive: Cube.198
22:59:18 | INFO: Primitives created: 1
22:59:18 | INFO: Extracting primitive: Cube.199
22:59:18 | INFO: Primitives created: 1
22:59:18 | INFO: Extracting primitive: Cube.200
22:59:18 | INFO: Primitives created: 1
22:59:18 | INFO: Extracting primitive: Cube.201
22:59:18 | INFO: Primitives created: 1
22:59:18 | INFO: Extracting primitive: Cube.202
22:59:18 | INFO: Primitives created: 1
22:59:18 | INFO: Extracting primitive: Cube.203
22:59:18 | INFO: Primitives created: 1
22:59:18 | INFO: Extracting primitive: Cube.204
22:59:18 | INFO: Primitives created: 1
22:59:18 | INFO: Extracting primitive: Sphere
22:59:18 | INFO: Primitives created: 1
22:59:18 | INFO: Extracting primitive: Sphere.001
22:59:18 | INFO: Primitives created: 1
22:59:18 | INFO: Extracting primitive: Sphere.002
22:59:18 | INFO: Primitives created: 1
22:59:18 | INFO: Extracting primitive: Sphere.003
22:59:18 | INFO: Primitives created: 1
22:59:18 | INFO: Extracting primitive: Cube.205
22:59:18 | INFO: Primitives created: 1
22:59:18 | INFO: Extracting primitive: Cube.206
22:59:18 | INFO: Primitives created: 1
22:59:18 | INFO: Extracting primitive: Cube.207
22:59:18 | INFO: Primitives created: 1
22:59:18 | INFO: Extracting primitive: Cube.208
22:59:18 | INFO: Primitives created: 1
22:59:18 | INFO: Extracting primitive: Cube.209
22:59:18 | INFO: Primitives created: 1
22:59:18 | INFO: Extracting primitive: Cube.210
22:59:18 | INFO: Primitives created: 1
22:59:18 | INFO: Extracting primitive: Cube.211
22:59:18 | INFO: Primitives created: 1
22:59:18 | INFO: Extracting primitive: Cube.212
22:59:18 | INFO: Primitives created: 1
22:59:18 | INFO: Extracting primitive: Cube.213
22:59:18 | INFO: Primitives created: 1
22:59:18 | INFO: Extracting primitive: Cube.214
22:59:18 | INFO: Primitives created: 1
22:59:18 | INFO: Extracting primitive: Cube.215
22:59:18 | INFO: Primitives created: 1
22:59:18 | INFO: Extracting primitive: Cube.216
22:59:18 | INFO: Primitives created: 1
22:59:18 | INFO: Extracting primitive: Cube.217
22:59:18 | INFO: Primitives created: 1
22:59:18 | INFO: Extracting primitive: Cube.218
22:59:18 | INFO: Primitives created: 1
22:59:18 | INFO: Extracting primitive: Cube.219
22:59:18 | INFO: Primitives created: 1
22:59:18 | INFO: Extracting primitive: Cube.220
22:59:18 | INFO: Primitives created: 1
22:59:18 | INFO: Extracting primitive: Cube.221
22:59:18 | INFO: Primitives created: 1
22:59:18 | INFO: Extracting primitive: Cube.222
22:59:18 | INFO: Primitives created: 1
22:59:18 | INFO: Extracting primitive: Cube.223
22:59:18 | INFO: Primitives created: 1
22:59:18 | INFO: Extracting primitive: Cube.224
22:59:18 | INFO: Primitives created: 1
22:59:18 | INFO: Extracting primitive: Cube.225
22:59:18 | INFO: Primitives created: 1
22:59:18 | INFO: Extracting primitive: Cube.226
22:59:18 | INFO: Primitives created: 1
22:59:18 | INFO: Extracting primitive: Cube.227
22:59:18 | INFO: Primitives created: 1
22:59:18 | INFO: Extracting primitive: Sphere.004
22:59:18 | INFO: Primitives created: 1
22:59:18 | INFO: Extracting primitive: Cube.228
22:59:18 | INFO: Primitives created: 1
22:59:18 | INFO: Extracting primitive: Cube.229
22:59:18 | INFO: Primitives created: 1
22:59:18 | INFO: Extracting primitive: Sphere.005
22:59:18 | INFO: Primitives created: 1
22:59:18 | INFO: Extracting primitive: Cube.230
22:59:18 | INFO: Primitives created: 1
22:59:18 | INFO: Extracting primitive: Cube.231
22:59:18 | INFO: Primitives created: 1
22:59:18 | INFO: Extracting primitive: Cube.232
22:59:18 | INFO: Primitives created: 1
22:59:18 | INFO: Extracting primitive: Cube.233
22:59:18 | INFO: Primitives created: 1
22:59:18 | INFO: Extracting primitive: Cube.234
22:59:18 | INFO: Primitives created: 1
22:59:18 | INFO: Extracting primitive: Cube.235
22:59:18 | INFO: Primitives created: 1
22:59:18 | INFO: Extracting primitive: Cube.236
22:59:18 | INFO: Primitives created: 1
22:59:18 | INFO: Extracting primitive: Cube.237
22:59:18 | INFO: Primitives created: 1
22:59:18 | INFO: Extracting primitive: Cube.238
22:59:18 | INFO: Primitives created: 1
22:59:18 | INFO: Extracting primitive: Cube.239
22:59:18 | INFO: Primitives created: 1
22:59:18 | INFO: Extracting primitive: Cube.240
22:59:18 | INFO: Primitives created: 1
22:59:18 | INFO: Extracting primitive: Cube.241
22:59:18 | INFO: Primitives created: 1
22:59:18 | INFO: Extracting primitive: Cube.242
22:59:18 | INFO: Primitives created: 1
22:59:18 | INFO: Extracting primitive: Cube.243
22:59:18 | INFO: Primitives created: 1
22:59:18 | INFO: Extracting primitive: Cube.244
22:59:18 | INFO: Primitives created: 1
22:59:18 | INFO: Extracting primitive: Cube.245
22:59:18 | INFO: Primitives created: 1
22:59:18 | INFO: Extracting primitive: Cube.246
22:59:18 | INFO: Primitives created: 1
22:59:18 | INFO: Extracting primitive: Cube.247
22:59:18 | INFO: Primitives created: 1
22:59:18 | INFO: Extracting primitive: Cube.248
22:59:18 | INFO: Primitives created: 1
22:59:18 | INFO: Extracting primitive: Cube.249
22:59:18 | INFO: Primitives created: 1
22:59:18 | INFO: Extracting primitive: Cube.250
22:59:18 | INFO: Primitives created: 1
22:59:18 | INFO: Extracting primitive: Cube.251
22:59:18 | INFO: Primitives created: 1
22:59:18 | INFO: Extracting primitive: Cube.252
22:59:18 | INFO: Primitives created: 1
22:59:18 | INFO: Extracting primitive: Cube.253
22:59:18 | INFO: Primitives created: 1
22:59:18 | INFO: Extracting primitive: Cube.254
22:59:18 | INFO: Primitives created: 1
22:59:18 | INFO: Finished glTF 2.0 export in 0.21997928619384766 s

22:59:18 | INFO: Starting glTF 2.0 export
22:59:18 | INFO: Extracting primitive: Cube.255
22:59:18 | INFO: Primitives created: 1
22:59:18 | INFO: Extracting primitive: Cube.256
22:59:18 | INFO: Primitives created: 1
22:59:18 | INFO: Extracting primitive: Cube.257
22:59:18 | INFO: Primitives created: 1
22:59:18 | INFO: Extracting primitive: Cube.258
22:59:18 | INFO: Primitives created: 1
22:59:18 | INFO: Extracting primitive: Cube.259
22:59:18 | INFO: Primitives created: 1
22:59:18 | INFO: Extracting primitive: Cube.260
22:59:18 | INFO: Primitives created: 1
22:59:18 | INFO: Extracting primitive: Cube.261
22:59:18 | INFO: Primitives created: 1
22:59:18 | INFO: Extracting primitive: Cube.262
22:59:18 | INFO: Primitives created: 1
22:59:18 | INFO: Extracting primitive: Cube.263
22:59:18 | INFO: Primitives created: 1
22:59:18 | INFO: Extracting primitive: Cube.264
22:59:18 | INFO: Primitives created: 1
22:59:18 | INFO: Extracting primitive: Cube.265
22:59:18 | INFO: Primitives created: 1
22:59:18 | INFO: Extracting primitive: Sphere.006
22:59:18 | INFO: Primitives created: 1
22:59:18 | INFO: Extracting primitive: Cube.266
22:59:18 | INFO: Primitives created: 1
22:59:18 | INFO: Extracting primitive: Cube.267
22:59:18 | INFO: Primitives created: 1
22:59:18 | INFO: Extracting primitive: Cube.268
22:59:18 | INFO: Primitives created: 1
22:59:18 | INFO: Finished glTF 2.0 export in 0.048727989196777344 s

Info: Saved "scene-base.blend"
FIXTURES_COMPLETE
Blender 4.3.2
Read blend: "/workspace/apartment-model/repaired-apartment.blend"

Blender quit
