EGL Error (0x3009): EGL_BAD_MATCH: Arguments are inconsistent (for example, a valid context requires buffers not supplied by a valid surface).
EGL Error (0x3009): EGL_BAD_MATCH: Arguments are inconsistent (for example, a valid context requires buffers not supplied by a valid surface).
Blender 4.3.2
Read blend: "/workspace/apartment-model/integrated.blend"
Fra:1 Mem:287.34M (Peak 296.13M) | Time:00:40.20 | Rendering 1 / 16 samples
Fra:1 Mem:287.34M (Peak 296.13M) | Time:01:33.05 | Rendering 16 / 16 samples
Saved: '/workspace/apartment-model/renders/basement-open-a.jpg'
Time: 01:33.51 (Saving: 00:00.43)

RENDER_DONE basement-open-a
Fra:1 Mem:287.34M (Peak 296.29M) | Time:00:26.11 | Rendering 1 / 16 samples
Fra:1 Mem:287.34M (Peak 296.29M) | Time:01:28.86 | Rendering 16 / 16 samples
Saved: '/workspace/apartment-model/renders/basement-open-b.jpg'
Time: 01:29.33 (Saving: 00:00.45)

RENDER_DONE basement-open-b
Fra:1 Mem:287.34M (Peak 296.29M) | Time:00:13.66 | Rendering 1 / 16 samples
Fra:1 Mem:287.34M (Peak 296.29M) | Time:01:09.27 | Rendering 16 / 16 samples
Saved: '/workspace/apartment-model/renders/music-gym-a.jpg'
Time: 01:09.89 (Saving: 00:00.58)

RENDER_DONE music-gym-a
Fra:1 Mem:287.34M (Peak 296.29M) | Time:00:22.23 | Rendering 1 / 16 samples
Fra:1 Mem:287.34M (Peak 296.29M) | Time:01:16.24 | Rendering 16 / 16 samples
Saved: '/workspace/apartment-model/renders/music-gym-b.jpg'
Time: 01:16.48 (Saving: 00:00.20)

RENDER_DONE music-gym-b
Fra:1 Mem:287.34M (Peak 296.29M) | Time:00:12.23 | Rendering 1 / 16 samples
Fra:1 Mem:287.34M (Peak 296.29M) | Time:01:13.83 | Rendering 16 / 16 samples
Saved: '/workspace/apartment-model/renders/kitchen-a.jpg'
Time: 01:14.25 (Saving: 00:00.39)

RENDER_DONE kitchen-a
Fra:1 Mem:287.34M (Peak 296.29M) | Time:00:16.32 | Rendering 1 / 16 samples
Fra:1 Mem:287.34M (Peak 296.29M) | Time:00:55.02 | Rendering 16 / 16 samples
Saved: '/workspace/apartment-model/renders/kitchen-b.jpg'
Time: 00:55.18 (Saving: 00:00.14)

RENDER_DONE kitchen-b
Fra:1 Mem:287.34M (Peak 296.29M) | Time:00:05.27 | Rendering 1 / 16 samples
Fra:1 Mem:287.34M (Peak 296.29M) | Time:00:31.39 | Rendering 16 / 16 samples
Saved: '/workspace/apartment-model/renders/bathroom-a.jpg'
Time: 00:31.57 (Saving: 00:00.14)

RENDER_DONE bathroom-a
Fra:1 Mem:287.34M (Peak 296.29M) | Time:00:06.58 | Rendering 1 / 16 samples
