EGL Error (0x3009): EGL_BAD_MATCH: Arguments are inconsistent (for example, a valid context requires buffers not supplied by a valid surface).
EGL Error (0x3009): EGL_BAD_MATCH: Arguments are inconsistent (for example, a valid context requires buffers not supplied by a valid surface).
Blender 4.3.2
Read blend: "/workspace/apartment-model/integrated.blend"
Fra:1 Mem:287.34M (Peak 296.13M) | Time:00:38.57 | Rendering 1 / 16 samples
Fra:1 Mem:287.34M (Peak 296.13M) | Time:01:33.19 | Rendering 16 / 16 samples
Saved: '/workspace/apartment-model/renders/living-a.jpg'
Time: 01:33.62 (Saving: 00:00.41)

RENDER_DONE living-a
Fra:1 Mem:287.34M (Peak 296.29M) | Time:00:16.89 | Rendering 1 / 16 samples
Fra:1 Mem:287.34M (Peak 296.29M) | Time:01:25.08 | Rendering 16 / 16 samples
Saved: '/workspace/apartment-model/renders/living-b.jpg'
Time: 01:25.72 (Saving: 00:00.54)

RENDER_DONE living-b
Fra:1 Mem:287.34M (Peak 296.29M) | Time:00:08.47 | Rendering 1 / 16 samples
Fra:1 Mem:287.34M (Peak 296.29M) | Time:01:04.40 | Rendering 16 / 16 samples
Saved: '/workspace/apartment-model/renders/his-office-a.jpg'
Time: 01:04.95 (Saving: 00:00.50)

RENDER_DONE his-office-a
Fra:1 Mem:287.34M (Peak 296.29M) | Time:00:17.07 | Rendering 1 / 16 samples
Fra:1 Mem:287.34M (Peak 296.29M) | Time:01:11.28 | Rendering 16 / 16 samples
Saved: '/workspace/apartment-model/renders/his-office-b.jpg'
Time: 01:11.58 (Saving: 00:00.25)

RENDER_DONE his-office-b
Fra:1 Mem:287.34M (Peak 296.29M) | Time:00:12.04 | Rendering 1 / 16 samples
Fra:1 Mem:287.34M (Peak 296.29M) | Time:01:08.99 | Rendering 16 / 16 samples
Saved: '/workspace/apartment-model/renders/her-office-a.jpg'
Time: 01:09.47 (Saving: 00:00.43)

RENDER_DONE her-office-a
Fra:1 Mem:287.34M (Peak 296.29M) | Time:00:18.97 | Rendering 1 / 16 samples
