RENDER_CACHED_UNCHANGED living-a
RENDER_CACHED_UNCHANGED living-b
RENDER_CACHED_UNCHANGED his-office-a
RENDER_CACHED_UNCHANGED his-office-b
RENDER_CACHED_UNCHANGED her-office-a
EGL Error (0x3009): EGL_BAD_MATCH: Arguments are inconsistent (for example, a valid context requires buffers not supplied by a valid surface).
EGL Error (0x3009): EGL_BAD_MATCH: Arguments are inconsistent (for example, a valid context requires buffers not supplied by a valid surface).
Blender 4.3.2
Read blend: "/workspace/apartment-model/integrated.blend"
Fra:1 Mem:287.34M (Peak 296.13M) | Time:00:17.52 | Rendering 1 / 16 samples
Fra:1 Mem:287.34M (Peak 296.13M) | Time:01:16.75 | Rendering 16 / 16 samples
Saved: '/workspace/apartment-model/renders/her-office-b.jpg'
Time: 01:17.70 (Saving: 00:00.93)

RENDER_DONE her-office-b
Fra:1 Mem:287.34M (Peak 296.29M) | Time:00:15.54 | Rendering 1 / 16 samples
Fra:1 Mem:287.34M (Peak 296.29M) | Time:01:12.23 | Rendering 16 / 16 samples
Saved: '/workspace/apartment-model/renders/entry-a.jpg'
Time: 01:12.77 (Saving: 00:00.49)

RENDER_DONE entry-a
Fra:1 Mem:287.34M (Peak 296.29M) | Time:00:08.97 | Rendering 1 / 16 samples
Fra:1 Mem:287.34M (Peak 296.29M) | Time:00:46.47 | Rendering 16 / 16 samples
Saved: '/workspace/apartment-model/renders/entry-b.jpg'
Time: 00:46.97 (Saving: 00:00.46)

RENDER_DONE entry-b
Fra:1 Mem:287.34M (Peak 296.29M) | Time:00:14.81 | Rendering 1 / 16 samples
Fra:1 Mem:287.34M (Peak 296.29M) | Time:00:50.51 | Rendering 16 / 16 samples
Saved: '/workspace/apartment-model/renders/bedroom-flex-a.jpg'
Time: 00:50.71 (Saving: 00:00.18)

RENDER_DONE bedroom-flex-a
Fra:1 Mem:287.34M (Peak 296.29M) | Time:00:11.47 | Rendering 1 / 16 samples
Fra:1 Mem:287.34M (Peak 296.29M) | Time:00:40.83 | Rendering 16 / 16 samples
Saved: '/workspace/apartment-model/renders/bedroom-flex-b.jpg'
Time: 00:40.98 (Saving: 00:00.13)

RENDER_DONE bedroom-flex-b
FINAL_RENDER_BATCH_COMPLETE

Blender quit
