RENDER_CACHED_UNCHANGED basement-open-a
EGL Error (0x3009): EGL_BAD_MATCH: Arguments are inconsistent (for example, a valid context requires buffers not supplied by a valid surface).
EGL Error (0x3009): EGL_BAD_MATCH: Arguments are inconsistent (for example, a valid context requires buffers not supplied by a valid surface).
Blender 4.3.2
Read blend: "/workspace/apartment-model/integrated.blend"
Fra:1 Mem:287.34M (Peak 296.13M) | Time:00:31.02 | Rendering 1 / 16 samples
Fra:1 Mem:287.34M (Peak 296.13M) | Time:01:34.24 | Rendering 16 / 16 samples
Saved: '/workspace/apartment-model/renders/basement-open-b.jpg'
Time: 01:35.14 (Saving: 00:00.86)

RENDER_DONE basement-open-b
RENDER_CACHED_UNCHANGED music-gym-a
RENDER_CACHED_UNCHANGED music-gym-b
RENDER_CACHED_UNCHANGED kitchen-a
RENDER_CACHED_UNCHANGED kitchen-b
RENDER_CACHED_UNCHANGED bathroom-a
Fra:1 Mem:287.34M (Peak 296.29M) | Time:00:13.39 | Rendering 1 / 16 samples
Fra:1 Mem:287.34M (Peak 296.29M) | Time:01:04.94 | Rendering 16 / 16 samples
Saved: '/workspace/apartment-model/renders/bathroom-b.jpg'
Time: 01:05.17 (Saving: 00:00.19)

RENDER_DONE bathroom-b
Fra:1 Mem:287.34M (Peak 296.29M) | Time:00:19.39 | Rendering 1 / 16 samples
Fra:1 Mem:287.34M (Peak 296.29M) | Time:00:50.01 | Rendering 16 / 16 samples
Saved: '/workspace/apartment-model/renders/stairs-a.jpg'
Time: 00:50.43 (Saving: 00:00.35)

RENDER_DONE stairs-a
Traceback (most recent call last):
  File "/workspace/apartment-model/render_final.py", line 21, in <module>
    if orig[o.name]:continue
       ~~~~^^^^^^^^
KeyError: 'Plan cut basement-open wall0 segment.001'

Blender quit
