ERROR Draco mesh compression is not available because library could not be found at /usr/bin/4.3/python/lib/python3.13/site-packages/libextern_draco.so
18:51:29 | INFO: Starting glTF 2.0 export
18:51:29 | INFO: Extracting primitive: his-office plane mesh.002
18:51:29 | INFO: Primitives created: 1
18:51:29 | INFO: Extracting primitive: his-office plane mesh
18:51:29 | INFO: Primitives created: 1
18:51:29 | INFO: Extracting primitive: Cube.001
18:51:29 | INFO: Primitives created: 1
18:51:29 | INFO: Extracting primitive: Cube.011
18:51:29 | INFO: Primitives created: 1
18:51:29 | INFO: Extracting primitive: Cube.015
18:51:29 | INFO: Primitives created: 1
18:51:29 | INFO: Extracting primitive: Cube
18:51:29 | INFO: Primitives created: 1
18:51:29 | INFO: Extracting primitive: Cube.002
18:51:29 | INFO: Primitives created: 1
18:51:29 | INFO: Extracting primitive: Cube.007
18:51:29 | INFO: Primitives created: 1
18:51:29 | INFO: Extracting primitive: Cube.008
18:51:29 | INFO: Primitives created: 1
18:51:29 | INFO: Extracting primitive: Cube.009
18:51:29 | INFO: Primitives created: 1
18:51:29 | INFO: Extracting primitive: Cube.010
18:51:29 | INFO: Primitives created: 1
18:51:29 | INFO: Extracting primitive: Cube.012
18:51:29 | INFO: Primitives created: 1
18:51:29 | INFO: Extracting primitive: Cube.030
18:51:29 | INFO: Primitives created: 1
18:51:29 | INFO: Extracting primitive: Cube.031
18:51:29 | INFO: Primitives created: 1
18:51:29 | INFO: Extracting primitive: Cube.032
18:51:29 | INFO: Primitives created: 1
18:51:29 | INFO: Extracting primitive: Cube.033
18:51:29 | INFO: Primitives created: 1
18:51:29 | INFO: Extracting primitive: Cube.044
18:51:29 | INFO: Primitives created: 1
18:51:29 | INFO: Extracting primitive: Cube.045
18:51:29 | INFO: Primitives created: 1
18:51:29 | INFO: Extracting primitive: Cube.046
18:51:29 | INFO: Primitives created: 1
18:51:29 | INFO: Extracting primitive: Cube.047
18:51:29 | INFO: Primitives created: 1
18:51:29 | INFO: Extracting primitive: Cube.083
18:51:29 | INFO: Primitives created: 1
18:51:29 | INFO: Extracting primitive: Cube.084
18:51:29 | INFO: Primitives created: 1
18:51:30 | INFO: Extracting primitive: Cube.014
18:51:30 | INFO: Primitives created: 1
18:51:30 | INFO: Extracting primitive: Cube.016
18:51:30 | INFO: Primitives created: 1
18:51:30 | INFO: Extracting primitive: Cube.024
18:51:30 | INFO: Primitives created: 1
18:51:30 | INFO: Extracting primitive: Cube.025
18:51:30 | INFO: Primitives created: 1
18:51:30 | INFO: Extracting primitive: Cube.026
18:51:30 | INFO: Primitives created: 1
18:51:30 | INFO: Extracting primitive: Cube.027
18:51:30 | INFO: Primitives created: 1
18:51:30 | INFO: Extracting primitive: Cube.028
18:51:30 | INFO: Primitives created: 1
18:51:30 | INFO: Extracting primitive: Cube.029
18:51:30 | INFO: Primitives created: 1
18:51:30 | INFO: Extracting primitive: Cube.034
18:51:30 | INFO: Primitives created: 1
18:51:30 | INFO: Extracting primitive: Cube.035
18:51:30 | INFO: Primitives created: 1
18:51:30 | INFO: Extracting primitive: Cube.036
18:51:30 | INFO: Primitives created: 1
18:51:30 | INFO: Extracting primitive: Cube.037
18:51:30 | INFO: Primitives created: 1
18:51:30 | INFO: Extracting primitive: Cube.038
18:51:30 | INFO: Primitives created: 1
18:51:30 | INFO: Extracting primitive: Cube.039
18:51:30 | INFO: Primitives created: 1
18:51:30 | INFO: Extracting primitive: Cube.040
18:51:30 | INFO: Primitives created: 1
18:51:30 | INFO: Extracting primitive: Cube.042
18:51:30 | INFO: Primitives created: 1
18:51:30 | INFO: Extracting primitive: Cube.043
18:51:30 | INFO: Primitives created: 1
18:51:30 | INFO: Extracting primitive: Cube.048
18:51:30 | INFO: Primitives created: 1
18:51:30 | INFO: Extracting primitive: Cube.049
18:51:30 | INFO: Primitives created: 1
18:51:30 | INFO: Extracting primitive: Cube.050
18:51:30 | INFO: Primitives created: 1
18:51:30 | INFO: Extracting primitive: Cube.053
18:51:30 | INFO: Primitives created: 1
18:51:30 | INFO: Extracting primitive: Cube.054
18:51:30 | INFO: Primitives created: 1
18:51:30 | INFO: Extracting primitive: Cube.055
18:51:30 | INFO: Primitives created: 1
18:51:30 | INFO: Extracting primitive: Cube.063
18:51:30 | INFO: Primitives created: 1
18:51:30 | INFO: Extracting primitive: Cube.064
18:51:30 | INFO: Primitives created: 1
18:51:30 | INFO: Extracting primitive: Cube.065
18:51:30 | INFO: Primitives created: 1
18:51:30 | INFO: Extracting primitive: Cube.066
18:51:30 | INFO: Primitives created: 1
18:51:30 | INFO: Extracting primitive: Cube.067
18:51:30 | INFO: Primitives created: 1
18:51:30 | INFO: Extracting primitive: Cube.068
18:51:30 | INFO: Primitives created: 1
18:51:30 | INFO: Extracting primitive: Cube.069
18:51:30 | INFO: Primitives created: 1
18:51:30 | INFO: Extracting primitive: Cube.070
18:51:30 | INFO: Primitives created: 1
18:51:30 | INFO: Extracting primitive: Cube.071
18:51:30 | INFO: Primitives created: 1
18:51:30 | INFO: Extracting primitive: Cube.072
18:51:30 | INFO: Primitives created: 1
18:51:30 | INFO: Extracting primitive: Cube.073
18:51:30 | INFO: Primitives created: 1
18:51:30 | INFO: Extracting primitive: Cube.074
18:51:30 | INFO: Primitives created: 1
18:51:30 | INFO: Extracting primitive: Cube.075
18:51:30 | INFO: Primitives created: 1
18:51:30 | INFO: Extracting primitive: Cube.076
18:51:30 | INFO: Primitives created: 1
18:51:30 | INFO: Extracting primitive: Cube.077
18:51:30 | INFO: Primitives created: 1
18:51:30 | INFO: Extracting primitive: Cube.078
18:51:30 | INFO: Primitives created: 1
18:51:30 | INFO: Extracting primitive: Cube.079
18:51:30 | INFO: Primitives created: 1
18:51:30 | INFO: Extracting primitive: Cube.080
18:51:30 | INFO: Primitives created: 1
18:51:30 | INFO: Extracting primitive: Cube.081
18:51:30 | INFO: Primitives created: 1
18:51:30 | INFO: Extracting primitive: Cube.082
18:51:30 | INFO: Primitives created: 1
18:51:30 | INFO: Extracting primitive: Cylinder.003
18:51:30 | INFO: Primitives created: 1
18:51:30 | INFO: Extracting primitive: Observed recessed white arched fireplace infill
18:51:30 | INFO: Primitives created: 1
18:51:30 | INFO: Extracting primitive: Cube.085
18:51:30 | INFO: Primitives created: 1
18:51:30 | INFO: Extracting primitive: Cube.086
18:51:30 | INFO: Primitives created: 1
18:51:30 | INFO: Finished glTF 2.0 export in 0.2895848751068115 s

18:51:30 | INFO: Starting glTF 2.0 export
18:51:30 | INFO: Extracting primitive: Cube.041
18:51:30 | INFO: Primitives created: 1
18:51:30 | INFO: Extracting primitive: Cylinder
18:51:30 | INFO: Primitives created: 1
18:51:30 | INFO: Extracting primitive: Cube.051
18:51:30 | INFO: Primitives created: 1
18:51:30 | INFO: Extracting primitive: Cube.052
18:51:30 | INFO: Primitives created: 1
18:51:30 | INFO: Extracting primitive: Cube.056
18:51:30 | INFO: Primitives created: 1
18:51:30 | INFO: Extracting primitive: Cube.057
18:51:30 | INFO: Primitives created: 1
18:51:30 | INFO: Extracting primitive: Cube.058
18:51:30 | INFO: Primitives created: 1
18:51:30 | INFO: Extracting primitive: Cube.059
18:51:30 | INFO: Primitives created: 1
18:51:30 | INFO: Extracting primitive: Cube.060
18:51:30 | INFO: Primitives created: 1
18:51:30 | INFO: Extracting primitive: Cube.061
18:51:30 | INFO: Primitives created: 1
18:51:30 | INFO: Extracting primitive: Cube.062
18:51:30 | INFO: Primitives created: 1
18:51:30 | INFO: Extracting primitive: Cylinder.001
18:51:30 | INFO: Primitives created: 1
18:51:30 | INFO: Extracting primitive: Cylinder.002
18:51:30 | INFO: Primitives created: 1
18:51:30 | INFO: Finished glTF 2.0 export in 0.03919363021850586 s

18:51:30 | INFO: Starting glTF 2.0 export
18:51:30 | INFO: Extracting primitive: Cylinder.023
18:51:30 | INFO: Primitives created: 1
18:51:30 | INFO: Extracting primitive: Cylinder.025
18:51:30 | INFO: Primitives created: 1
18:51:30 | INFO: Extracting primitive: Cube.102
18:51:30 | INFO: Primitives created: 1
18:51:30 | INFO: Extracting primitive: 00473546-ALEX002.001
18:51:30 | WARNING: More than one shader node tex image used for a texture. The resulting glTF sampler will behave like the first shader node tex image.
18:51:30 | INFO: Primitives created: 1
18:51:30 | INFO: Extracting primitive: Cylinder.022
18:51:30 | INFO: Primitives created: 1
18:51:30 | INFO: Extracting primitive: Cylinder.024
18:51:30 | INFO: Primitives created: 1
18:51:30 | INFO: Extracting primitive: ProcessedGeometry.004
18:51:30 | WARNING: More than one shader node tex image used for a texture. The resulting glTF sampler will behave like the first shader node tex image.
18:51:30 | INFO: Primitives created: 1
18:51:30 | INFO: Extracting primitive: ProcessedGeometry.005
18:51:30 | WARNING: More than one shader node tex image used for a texture. The resulting glTF sampler will behave like the first shader node tex image.
18:51:30 | INFO: Primitives created: 1
18:51:30 | INFO: Extracting primitive: ProcessedGeometry.006
18:51:30 | WARNING: More than one shader node tex image used for a texture. The resulting glTF sampler will behave like the first shader node tex image.
18:51:30 | INFO: Primitives created: 1
18:51:30 | INFO: Extracting primitive: ProcessedGeometry.007
18:51:30 | WARNING: More than one shader node tex image used for a texture. The resulting glTF sampler will behave like the first shader node tex image.
18:51:30 | INFO: Primitives created: 1
18:51:30 | INFO: Extracting primitive: Cylinder.034
18:51:30 | INFO: Primitives created: 1
18:51:30 | INFO: Extracting primitive: Cylinder.029
18:51:30 | INFO: Primitives created: 1
18:51:30 | INFO: Extracting primitive: Cylinder.033
18:51:30 | INFO: Primitives created: 1
18:51:30 | INFO: Extracting primitive: Cube.103
18:51:30 | INFO: Primitives created: 1
18:51:30 | INFO: Extracting primitive: Cylinder.028
18:51:30 | INFO: Primitives created: 1
18:51:30 | INFO: Extracting primitive: Cylinder.032
18:51:30 | INFO: Primitives created: 1
18:51:30 | INFO: Extracting primitive: Cylinder.026
18:51:30 | INFO: Primitives created: 1
18:51:30 | INFO: Extracting primitive: Cylinder.030
18:51:30 | INFO: Primitives created: 1
18:51:30 | INFO: Extracting primitive: Cube.104
18:51:30 | INFO: Primitives created: 1
18:51:30 | INFO: Extracting primitive: Cylinder.027
18:51:30 | INFO: Primitives created: 1
18:51:30 | INFO: Extracting primitive: Cylinder.031
18:51:30 | INFO: Primitives created: 1
18:51:30 | INFO: Extracting primitive: rug::official6x9 flatwoven textile
18:51:30 | INFO: Primitives created: 1
18:51:30 | INFO: Extracting primitive: Cube.106
18:51:30 | INFO: Primitives created: 1
18:51:30 | INFO: Extracting primitive: Cube.111
18:51:30 | INFO: Primitives created: 1
18:51:30 | INFO: Extracting primitive: Cube.112
18:51:30 | INFO: Primitives created: 1
18:51:30 | INFO: Extracting primitive: Cube.110
18:51:30 | INFO: Primitives created: 1
18:51:30 | INFO: Extracting primitive: Cylinder.107
18:51:30 | INFO: Primitives created: 1
18:51:30 | INFO: Extracting primitive: Cube.109
18:51:30 | INFO: Primitives created: 1
18:51:30 | INFO: Extracting primitive: Cylinder.035
18:51:30 | INFO: Primitives created: 1
18:51:30 | INFO: Extracting primitive: Cylinder.036
18:51:30 | INFO: Primitives created: 1
18:51:30 | INFO: Extracting primitive: Cylinder.037
18:51:30 | INFO: Primitives created: 1
18:51:30 | INFO: Extracting primitive: Cylinder.038
18:51:30 | INFO: Primitives created: 1
18:51:30 | INFO: Extracting primitive: Cylinder.041
18:51:30 | INFO: Primitives created: 1
18:51:30 | INFO: Extracting primitive: Cylinder.042
18:51:30 | INFO: Primitives created: 1
18:51:30 | INFO: Extracting primitive: Cylinder.039
18:51:30 | INFO: Primitives created: 1
18:51:30 | INFO: Extracting primitive: Cylinder.040
18:51:30 | INFO: Primitives created: 1
18:51:30 | INFO: Extracting primitive: Cylinder.043
18:51:30 | INFO: Primitives created: 1
18:51:30 | INFO: Extracting primitive: Cylinder.044
18:51:30 | INFO: Primitives created: 1
18:51:30 | INFO: Extracting primitive: Cylinder.045
18:51:30 | INFO: Primitives created: 1
18:51:30 | INFO: Extracting primitive: Cylinder.046
18:51:30 | INFO: Primitives created: 1
18:51:30 | INFO: Extracting primitive: Cylinder.047
18:51:30 | INFO: Primitives created: 1
18:51:30 | INFO: Extracting primitive: Cylinder.048
18:51:30 | INFO: Primitives created: 1
18:51:30 | INFO: Extracting primitive: Cylinder.049
18:51:30 | INFO: Primitives created: 1
18:51:30 | INFO: Extracting primitive: Cylinder.050
18:51:30 | INFO: Primitives created: 1
18:51:30 | INFO: Extracting primitive: Cylinder.051
18:51:30 | INFO: Primitives created: 1
18:51:30 | INFO: Extracting primitive: Cylinder.052
18:51:30 | INFO: Primitives created: 1
18:51:30 | INFO: Extracting primitive: Cylinder.053
18:51:30 | INFO: Primitives created: 1
18:51:30 | INFO: Extracting primitive: Cylinder.054
18:51:30 | INFO: Primitives created: 1
18:51:30 | INFO: Extracting primitive: Cylinder.055
18:51:30 | INFO: Primitives created: 1
18:51:30 | INFO: Extracting primitive: Cylinder.056
18:51:30 | INFO: Primitives created: 1
18:51:30 | INFO: Extracting primitive: Cylinder.057
18:51:30 | INFO: Primitives created: 1
18:51:30 | INFO: Extracting primitive: Cylinder.058
18:51:30 | INFO: Primitives created: 1
18:51:30 | INFO: Extracting primitive: Cylinder.059
18:51:30 | INFO: Primitives created: 1
18:51:30 | INFO: Extracting primitive: Cylinder.060
18:51:30 | INFO: Primitives created: 1
18:51:30 | INFO: Extracting primitive: Cylinder.061
18:51:30 | INFO: Primitives created: 1
18:51:30 | INFO: Extracting primitive: Cylinder.062
18:51:30 | INFO: Primitives created: 1
18:51:30 | INFO: Extracting primitive: Cylinder.065
18:51:30 | INFO: Primitives created: 1
18:51:30 | INFO: Extracting primitive: Cylinder.066
18:51:30 | INFO: Primitives created: 1
18:51:30 | INFO: Extracting primitive: Cylinder.063
18:51:30 | INFO: Primitives created: 1
18:51:30 | INFO: Extracting primitive: Cylinder.064
18:51:30 | INFO: Primitives created: 1
18:51:30 | INFO: Extracting primitive: Cylinder.067
18:51:30 | INFO: Primitives created: 1
18:51:30 | INFO: Extracting primitive: Cylinder.068
18:51:30 | INFO: Primitives created: 1
18:51:30 | INFO: Extracting primitive: Cylinder.069
18:51:30 | INFO: Primitives created: 1
18:51:30 | INFO: Extracting primitive: Cylinder.070
18:51:30 | INFO: Primitives created: 1
18:51:30 | INFO: Extracting primitive: Cylinder.071
18:51:30 | INFO: Primitives created: 1
18:51:30 | INFO: Extracting primitive: Cylinder.072
18:51:30 | INFO: Primitives created: 1
18:51:30 | INFO: Extracting primitive: Cylinder.073
18:51:30 | INFO: Primitives created: 1
18:51:30 | INFO: Extracting primitive: Cylinder.074
18:51:30 | INFO: Primitives created: 1
18:51:30 | INFO: Extracting primitive: Cylinder.075
18:51:30 | INFO: Primitives created: 1
18:51:30 | INFO: Extracting primitive: Cylinder.076
18:51:30 | INFO: Primitives created: 1
18:51:30 | INFO: Extracting primitive: Cylinder.077
18:51:30 | INFO: Primitives created: 1
18:51:30 | INFO: Extracting primitive: Cylinder.078
18:51:30 | INFO: Primitives created: 1
18:51:30 | INFO: Extracting primitive: Cylinder.079
18:51:30 | INFO: Primitives created: 1
18:51:30 | INFO: Extracting primitive: Cylinder.080
18:51:30 | INFO: Primitives created: 1
18:51:30 | INFO: Extracting primitive: Cylinder.081
18:51:30 | INFO: Primitives created: 1
18:51:30 | INFO: Extracting primitive: Cylinder.082
18:51:30 | INFO: Primitives created: 1
18:51:30 | INFO: Extracting primitive: Cylinder.083
18:51:30 | INFO: Primitives created: 1
18:51:30 | INFO: Extracting primitive: Cylinder.084
18:51:30 | INFO: Primitives created: 1
18:51:30 | INFO: Extracting primitive: Cylinder.085
18:51:30 | INFO: Primitives created: 1
18:51:30 | INFO: Extracting primitive: Cylinder.086
18:51:30 | INFO: Primitives created: 1
18:51:30 | INFO: Extracting primitive: Cylinder.089
18:51:30 | INFO: Primitives created: 1
18:51:30 | INFO: Extracting primitive: Cylinder.090
18:51:30 | INFO: Primitives created: 1
18:51:30 | INFO: Extracting primitive: Cylinder.087
18:51:30 | INFO: Primitives created: 1
18:51:30 | INFO: Extracting primitive: Cylinder.088
18:51:30 | INFO: Primitives created: 1
18:51:30 | INFO: Extracting primitive: Cylinder.091
18:51:30 | INFO: Primitives created: 1
18:51:30 | INFO: Extracting primitive: Cylinder.092
18:51:30 | INFO: Primitives created: 1
18:51:30 | INFO: Extracting primitive: Cylinder.093
18:51:30 | INFO: Primitives created: 1
18:51:30 | INFO: Extracting primitive: Cylinder.094
18:51:30 | INFO: Primitives created: 1
18:51:30 | INFO: Extracting primitive: Cylinder.095
18:51:30 | INFO: Primitives created: 1
18:51:30 | INFO: Extracting primitive: Cylinder.096
18:51:30 | INFO: Primitives created: 1
18:51:30 | INFO: Extracting primitive: Cylinder.097
18:51:30 | INFO: Primitives created: 1
18:51:30 | INFO: Extracting primitive: Cylinder.098
18:51:30 | INFO: Primitives created: 1
18:51:30 | INFO: Extracting primitive: Cylinder.099
18:51:30 | INFO: Primitives created: 1
18:51:30 | INFO: Extracting primitive: Cylinder.100
18:51:30 | INFO: Primitives created: 1
18:51:30 | INFO: Extracting primitive: Cylinder.101
18:51:30 | INFO: Primitives created: 1
18:51:30 | INFO: Extracting primitive: Cylinder.102
18:51:30 | INFO: Primitives created: 1
18:51:30 | INFO: Extracting primitive: Cylinder.103
18:51:30 | INFO: Primitives created: 1
18:51:30 | INFO: Extracting primitive: Cylinder.104
18:51:30 | INFO: Primitives created: 1
18:51:30 | INFO: Extracting primitive: Cylinder.105
18:51:30 | INFO: Primitives created: 1
18:51:30 | INFO: Extracting primitive: Cylinder.106
18:51:30 | INFO: Primitives created: 1
18:51:30 | INFO: Extracting primitive: Cube.003
18:51:30 | INFO: Primitives created: 1
18:51:30 | INFO: Extracting primitive: Cube.019
18:51:30 | INFO: Primitives created: 1
18:51:30 | INFO: Extracting primitive: Cube.004
18:51:30 | INFO: Primitives created: 1
18:51:30 | INFO: Extracting primitive: Cube.005
18:51:30 | INFO: Primitives created: 1
18:51:30 | INFO: Extracting primitive: Cube.020
18:51:30 | INFO: Primitives created: 1
18:51:30 | INFO: Extracting primitive: Cube.021
18:51:30 | INFO: Primitives created: 1
18:51:30 | INFO: Extracting primitive: Cube.090
18:51:30 | INFO: Primitives created: 1
18:51:30 | INFO: Extracting primitive: Cube.089
18:51:30 | INFO: Primitives created: 1
18:51:30 | INFO: Extracting primitive: solid wood barkline top
18:51:30 | INFO: Primitives created: 1
18:51:30 | INFO: Extracting primitive: Cylinder.006
18:51:30 | INFO: Primitives created: 1
18:51:30 | INFO: Extracting primitive: Cylinder.007
18:51:30 | INFO: Primitives created: 1
18:51:30 | INFO: Extracting primitive: Cube.018
18:51:30 | INFO: Primitives created: 1
18:51:30 | INFO: Extracting primitive: Cube.088
18:51:30 | INFO: Primitives created: 1
18:51:30 | INFO: Extracting primitive: Cube.006
18:51:30 | INFO: Primitives created: 1
18:51:30 | INFO: Extracting primitive: Cube.022
18:51:30 | INFO: Primitives created: 1
18:51:30 | INFO: Extracting primitive: Cube.013
18:51:30 | INFO: Primitives created: 1
18:51:30 | INFO: Extracting primitive: Cube.023
18:51:30 | INFO: Primitives created: 1
18:51:30 | INFO: Extracting primitive: Cylinder.004
18:51:30 | INFO: Primitives created: 1
18:51:30 | INFO: Extracting primitive: Cylinder.005
18:51:30 | INFO: Primitives created: 1
18:51:30 | INFO: Extracting primitive: Cube.017
18:51:30 | INFO: Primitives created: 1
18:51:30 | INFO: Extracting primitive: Cube.087
18:51:30 | INFO: Primitives created: 1
18:51:30 | INFO: Extracting primitive: Cube.099
18:51:30 | INFO: Primitives created: 1
18:51:30 | INFO: Extracting primitive: Cube.100
18:51:30 | INFO: Primitives created: 1
18:51:30 | INFO: Extracting primitive: Cube.097
18:51:30 | INFO: Primitives created: 1
18:51:30 | INFO: Extracting primitive: Cube.098
18:51:30 | INFO: Primitives created: 1
18:51:30 | INFO: Extracting primitive: Cube.095
18:51:30 | INFO: Primitives created: 1
18:51:30 | INFO: Extracting primitive: Cube.096
18:51:30 | INFO: Primitives created: 1
18:51:30 | INFO: Extracting primitive: Cylinder.008
18:51:30 | INFO: Primitives created: 1
18:51:30 | INFO: Extracting primitive: Cube.094
18:51:30 | INFO: Primitives created: 1
18:51:30 | INFO: Extracting primitive: Cube.091
18:51:30 | INFO: Primitives created: 1
18:51:30 | INFO: Extracting primitive: Cube.092
18:51:30 | INFO: Primitives created: 1
18:51:30 | INFO: Extracting primitive: Cube.093
18:51:30 | INFO: Primitives created: 1
18:51:30 | INFO: Extracting primitive: Sphere.010
18:51:30 | INFO: Primitives created: 1
18:51:30 | INFO: Extracting primitive: Sphere.011
18:51:30 | INFO: Primitives created: 1
18:51:30 | INFO: Extracting primitive: Sphere.012
18:51:30 | INFO: Primitives created: 1
18:51:30 | INFO: Extracting primitive: Cylinder.010
18:51:30 | INFO: Primitives created: 1
18:51:30 | INFO: Extracting primitive: Cylinder.009
18:51:30 | INFO: Primitives created: 1
18:51:30 | INFO: Extracting primitive: Sphere.008
18:51:30 | INFO: Primitives created: 1
18:51:30 | INFO: Extracting primitive: arched hollow condo wall
18:51:30 | INFO: Primitives created: 2
18:51:30 | INFO: Extracting primitive: Brown fleece suspended bowl hammock
18:51:30 | INFO: Primitives created: 1
18:51:30 | INFO: Extracting primitive: Hanging pom-pom cord
18:51:30 | INFO: Primitives created: 1
18:51:30 | INFO: Extracting primitive: Hanging pom-pom cord.001
18:51:30 | INFO: Primitives created: 1
18:51:30 | INFO: Extracting primitive: Hanging pom-pom cord.002
18:51:30 | INFO: Primitives created: 1
18:51:30 | INFO: Extracting primitive: High side wicker basket crossing wicker strands
18:51:30 | INFO: Primitives created: 1
18:51:30 | INFO: Extracting primitive: High side wicker basket woven horizontal courses
18:51:30 | INFO: Primitives created: 1
18:51:30 | INFO: Extracting primitive: Low side wicker basket crossing wicker strands
18:51:30 | INFO: Primitives created: 1
18:51:30 | INFO: Extracting primitive: Low side wicker basket woven horizontal courses
18:51:30 | INFO: Primitives created: 1
18:51:30 | INFO: Extracting primitive: Sisal rope winding
18:51:30 | INFO: Primitives created: 1
18:51:30 | INFO: Extracting primitive: Sisal rope winding.001
18:51:30 | INFO: Primitives created: 1
18:51:30 | INFO: Extracting primitive: Sisal rope winding.002
18:51:30 | INFO: Primitives created: 1
18:51:30 | INFO: Extracting primitive: Thick fleece hammock rim
18:51:30 | INFO: Primitives created: 1
18:51:30 | INFO: Extracting primitive: Top wicker basket crossing wicker strands
18:51:30 | INFO: Primitives created: 1
18:51:30 | INFO: Extracting primitive: Top wicker basket woven horizontal courses
18:51:30 | INFO: Primitives created: 1
18:51:30 | INFO: Extracting primitive: Sphere.009
18:51:30 | INFO: Primitives created: 1
18:51:30 | INFO: Extracting primitive: Cylinder.011
18:51:30 | INFO: Primitives created: 1
18:51:30 | INFO: Extracting primitive: Cylinder.012
18:51:30 | INFO: Primitives created: 1
18:51:30 | INFO: Extracting primitive: Cylinder.013
18:51:30 | INFO: Primitives created: 1
18:51:30 | INFO: Extracting primitive: Cylinder.014
18:51:30 | INFO: Primitives created: 1
18:51:30 | INFO: Extracting primitive: Cylinder.015
18:51:30 | INFO: Primitives created: 1
18:51:30 | INFO: Extracting primitive: Cylinder.016
18:51:30 | INFO: Primitives created: 1
18:51:30 | INFO: Extracting primitive: Cylinder.017
18:51:30 | INFO: Primitives created: 1
18:51:30 | INFO: Extracting primitive: Cylinder.018
18:51:30 | INFO: Primitives created: 1
18:51:30 | INFO: Extracting primitive: Cylinder.019
18:51:30 | INFO: Primitives created: 1
18:51:30 | INFO: Extracting primitive: Cylinder.020
18:51:30 | INFO: Primitives created: 1
18:51:30 | INFO: Extracting primitive: Cylinder.021
18:51:30 | INFO: Primitives created: 1
18:51:30 | INFO: Extracting primitive: Sphere
18:51:30 | INFO: Primitives created: 1
18:51:30 | INFO: Extracting primitive: Sphere.001
18:51:30 | INFO: Primitives created: 1
18:51:30 | INFO: Extracting primitive: Sphere.002
18:51:30 | INFO: Primitives created: 1
18:51:30 | INFO: Extracting primitive: Sphere.003
18:51:30 | INFO: Primitives created: 1
18:51:30 | INFO: Extracting primitive: Sphere.004
18:51:30 | INFO: Primitives created: 1
18:51:30 | INFO: Extracting primitive: Sphere.005
18:51:30 | INFO: Primitives created: 1
18:51:30 | INFO: Extracting primitive: Sphere.006
18:51:30 | INFO: Primitives created: 1
18:51:30 | INFO: Extracting primitive: Sphere.007
18:51:30 | INFO: Primitives created: 1
18:51:30 | INFO: Extracting primitive: Cube.101
18:51:30 | INFO: Primitives created: 1
18:51:30 | INFO: Extracting primitive: Mesh_1.001
18:51:30 | WARNING: More than one shader node tex image used for a texture. The resulting glTF sampler will behave like the first shader node tex image.
18:51:30 | INFO: Primitives created: 1
18:51:30 | INFO: Extracting primitive: Mesh_0.001
18:51:30 | WARNING: More than one shader node tex image used for a texture. The resulting glTF sampler will behave like the first shader node tex image.
18:51:30 | INFO: Primitives created: 1
18:51:30 | INFO: Extracting primitive: Abstract Scenery100x70 full paper mesh
18:51:30 | INFO: Primitives created: 1
18:51:30 | INFO: Extracting primitive: Cube.118
18:51:30 | INFO: Primitives created: 1
18:51:30 | INFO: Extracting primitive: Cube.119
18:51:30 | INFO: Primitives created: 1
18:51:30 | INFO: Extracting primitive: Cube.120
18:51:30 | INFO: Primitives created: 1
18:51:30 | INFO: Extracting primitive: Cube.117
18:51:30 | INFO: Primitives created: 1
18:51:31 | INFO: Finished glTF 2.0 export in 0.883568286895752 s

18:51:31 | INFO: Starting glTF 2.0 export
18:51:31 | INFO: Extracting primitive: his-office plane mesh.002
18:51:31 | INFO: Primitives created: 1
18:51:31 | INFO: Extracting primitive: his-office plane mesh
18:51:31 | INFO: Primitives created: 1
18:51:31 | INFO: Extracting primitive: Cube.001
18:51:31 | INFO: Primitives created: 1
18:51:31 | INFO: Extracting primitive: Cube.011
18:51:31 | INFO: Primitives created: 1
18:51:31 | INFO: Extracting primitive: Cube.015
18:51:31 | INFO: Primitives created: 1
18:51:31 | INFO: Extracting primitive: Cube
18:51:31 | INFO: Primitives created: 1
18:51:31 | INFO: Extracting primitive: Cube.002
18:51:31 | INFO: Primitives created: 1
18:51:31 | INFO: Extracting primitive: Cube.007
18:51:31 | INFO: Primitives created: 1
18:51:31 | INFO: Extracting primitive: Cube.008
18:51:31 | INFO: Primitives created: 1
18:51:31 | INFO: Extracting primitive: Cube.009
18:51:31 | INFO: Primitives created: 1
18:51:31 | INFO: Extracting primitive: Cube.010
18:51:31 | INFO: Primitives created: 1
18:51:31 | INFO: Extracting primitive: Cube.012
18:51:31 | INFO: Primitives created: 1
18:51:31 | INFO: Extracting primitive: Cube.030
18:51:31 | INFO: Primitives created: 1
18:51:31 | INFO: Extracting primitive: Cube.031
18:51:31 | INFO: Primitives created: 1
18:51:31 | INFO: Extracting primitive: Cube.032
18:51:31 | INFO: Primitives created: 1
18:51:31 | INFO: Extracting primitive: Cube.033
18:51:31 | INFO: Primitives created: 1
18:51:31 | INFO: Extracting primitive: Cube.044
18:51:31 | INFO: Primitives created: 1
18:51:31 | INFO: Extracting primitive: Cube.045
18:51:31 | INFO: Primitives created: 1
18:51:31 | INFO: Extracting primitive: Cube.046
18:51:31 | INFO: Primitives created: 1
18:51:31 | INFO: Extracting primitive: Cube.047
18:51:31 | INFO: Primitives created: 1
18:51:31 | INFO: Extracting primitive: Cube.083
18:51:31 | INFO: Primitives created: 1
18:51:31 | INFO: Extracting primitive: Cube.084
18:51:31 | INFO: Primitives created: 1
18:51:31 | INFO: Extracting primitive: Cube.014
18:51:31 | INFO: Primitives created: 1
18:51:31 | INFO: Extracting primitive: Cube.016
18:51:31 | INFO: Primitives created: 1
18:51:31 | INFO: Extracting primitive: Cube.024
18:51:31 | INFO: Primitives created: 1
18:51:31 | INFO: Extracting primitive: Cube.025
18:51:31 | INFO: Primitives created: 1
18:51:31 | INFO: Extracting primitive: Cube.026
18:51:31 | INFO: Primitives created: 1
18:51:31 | INFO: Extracting primitive: Cube.027
18:51:31 | INFO: Primitives created: 1
18:51:31 | INFO: Extracting primitive: Cube.028
18:51:31 | INFO: Primitives created: 1
18:51:31 | INFO: Extracting primitive: Cube.029
18:51:31 | INFO: Primitives created: 1
18:51:31 | INFO: Extracting primitive: Cube.034
18:51:31 | INFO: Primitives created: 1
18:51:31 | INFO: Extracting primitive: Cube.035
18:51:31 | INFO: Primitives created: 1
18:51:31 | INFO: Extracting primitive: Cube.036
18:51:31 | INFO: Primitives created: 1
18:51:31 | INFO: Extracting primitive: Cube.037
18:51:31 | INFO: Primitives created: 1
18:51:31 | INFO: Extracting primitive: Cube.038
18:51:31 | INFO: Primitives created: 1
18:51:31 | INFO: Extracting primitive: Cube.039
18:51:31 | INFO: Primitives created: 1
18:51:31 | INFO: Extracting primitive: Cube.040
18:51:31 | INFO: Primitives created: 1
18:51:31 | INFO: Extracting primitive: Cube.042
18:51:31 | INFO: Primitives created: 1
18:51:31 | INFO: Extracting primitive: Cube.043
18:51:31 | INFO: Primitives created: 1
18:51:31 | INFO: Extracting primitive: Cube.048
18:51:31 | INFO: Primitives created: 1
18:51:31 | INFO: Extracting primitive: Cube.049
18:51:31 | INFO: Primitives created: 1
18:51:31 | INFO: Extracting primitive: Cube.050
18:51:31 | INFO: Primitives created: 1
18:51:31 | INFO: Extracting primitive: Cube.053
18:51:31 | INFO: Primitives created: 1
18:51:31 | INFO: Extracting primitive: Cube.054
18:51:31 | INFO: Primitives created: 1
18:51:31 | INFO: Extracting primitive: Cube.055
18:51:31 | INFO: Primitives created: 1
18:51:31 | INFO: Extracting primitive: Cube.063
18:51:31 | INFO: Primitives created: 1
18:51:31 | INFO: Extracting primitive: Cube.064
18:51:31 | INFO: Primitives created: 1
18:51:31 | INFO: Extracting primitive: Cube.065
18:51:31 | INFO: Primitives created: 1
18:51:31 | INFO: Extracting primitive: Cube.066
18:51:31 | INFO: Primitives created: 1
18:51:31 | INFO: Extracting primitive: Cube.067
18:51:31 | INFO: Primitives created: 1
18:51:31 | INFO: Extracting primitive: Cube.068
18:51:31 | INFO: Primitives created: 1
18:51:31 | INFO: Extracting primitive: Cube.069
18:51:31 | INFO: Primitives created: 1
18:51:31 | INFO: Extracting primitive: Cube.070
18:51:31 | INFO: Primitives created: 1
18:51:31 | INFO: Extracting primitive: Cube.071
18:51:31 | INFO: Primitives created: 1
18:51:31 | INFO: Extracting primitive: Cube.072
18:51:31 | INFO: Primitives created: 1
18:51:31 | INFO: Extracting primitive: Cube.073
18:51:31 | INFO: Primitives created: 1
18:51:31 | INFO: Extracting primitive: Cube.074
18:51:31 | INFO: Primitives created: 1
18:51:31 | INFO: Extracting primitive: Cube.075
18:51:31 | INFO: Primitives created: 1
18:51:31 | INFO: Extracting primitive: Cube.076
18:51:31 | INFO: Primitives created: 1
18:51:31 | INFO: Extracting primitive: Cube.077
18:51:31 | INFO: Primitives created: 1
18:51:31 | INFO: Extracting primitive: Cube.078
18:51:31 | INFO: Primitives created: 1
18:51:31 | INFO: Extracting primitive: Cube.079
18:51:31 | INFO: Primitives created: 1
18:51:31 | INFO: Extracting primitive: Cube.080
18:51:31 | INFO: Primitives created: 1
18:51:31 | INFO: Extracting primitive: Cube.081
18:51:31 | INFO: Primitives created: 1
18:51:31 | INFO: Extracting primitive: Cube.082
18:51:31 | INFO: Primitives created: 1
18:51:31 | INFO: Extracting primitive: Cylinder.003
18:51:31 | INFO: Primitives created: 1
18:51:31 | INFO: Extracting primitive: Observed recessed white arched fireplace infill
18:51:31 | INFO: Primitives created: 1
18:51:31 | INFO: Extracting primitive: Cube.085
18:51:31 | INFO: Primitives created: 1
18:51:31 | INFO: Extracting primitive: Cube.086
18:51:31 | INFO: Primitives created: 1
18:51:31 | INFO: Extracting primitive: Cylinder.023
18:51:31 | INFO: Primitives created: 1
18:51:31 | INFO: Extracting primitive: Cylinder.025
18:51:31 | INFO: Primitives created: 1
18:51:31 | INFO: Extracting primitive: Cube.102
18:51:31 | INFO: Primitives created: 1
18:51:31 | INFO: Extracting primitive: 00473546-ALEX002.001
18:51:31 | WARNING: More than one shader node tex image used for a texture. The resulting glTF sampler will behave like the first shader node tex image.
18:51:31 | INFO: Primitives created: 1
18:51:31 | INFO: Extracting primitive: Cylinder.022
18:51:31 | INFO: Primitives created: 1
18:51:31 | INFO: Extracting primitive: Cylinder.024
18:51:31 | INFO: Primitives created: 1
18:51:31 | INFO: Extracting primitive: ProcessedGeometry.004
18:51:31 | WARNING: More than one shader node tex image used for a texture. The resulting glTF sampler will behave like the first shader node tex image.
18:51:31 | INFO: Primitives created: 1
18:51:31 | INFO: Extracting primitive: ProcessedGeometry.005
18:51:31 | WARNING: More than one shader node tex image used for a texture. The resulting glTF sampler will behave like the first shader node tex image.
18:51:31 | INFO: Primitives created: 1
18:51:31 | INFO: Extracting primitive: ProcessedGeometry.006
18:51:31 | WARNING: More than one shader node tex image used for a texture. The resulting glTF sampler will behave like the first shader node tex image.
18:51:31 | INFO: Primitives created: 1
18:51:31 | INFO: Extracting primitive: ProcessedGeometry.007
18:51:31 | WARNING: More than one shader node tex image used for a texture. The resulting glTF sampler will behave like the first shader node tex image.
18:51:31 | INFO: Primitives created: 1
18:51:31 | INFO: Extracting primitive: Cylinder.034
18:51:31 | INFO: Primitives created: 1
18:51:31 | INFO: Extracting primitive: Cylinder.029
18:51:31 | INFO: Primitives created: 1
18:51:31 | INFO: Extracting primitive: Cylinder.033
18:51:31 | INFO: Primitives created: 1
18:51:31 | INFO: Extracting primitive: Cube.103
18:51:31 | INFO: Primitives created: 1
18:51:31 | INFO: Extracting primitive: Cylinder.028
18:51:31 | INFO: Primitives created: 1
18:51:31 | INFO: Extracting primitive: Cylinder.032
18:51:31 | INFO: Primitives created: 1
18:51:31 | INFO: Extracting primitive: Cylinder.026
18:51:31 | INFO: Primitives created: 1
18:51:31 | INFO: Extracting primitive: Cylinder.030
18:51:31 | INFO: Primitives created: 1
18:51:31 | INFO: Extracting primitive: Cube.104
18:51:31 | INFO: Primitives created: 1
18:51:31 | INFO: Extracting primitive: Cylinder.027
18:51:31 | INFO: Primitives created: 1
18:51:31 | INFO: Extracting primitive: Cylinder.031
18:51:31 | INFO: Primitives created: 1
18:51:31 | INFO: Extracting primitive: rug::official6x9 flatwoven textile
18:51:31 | INFO: Primitives created: 1
18:51:31 | INFO: Extracting primitive: Cube.106
18:51:31 | INFO: Primitives created: 1
18:51:31 | INFO: Extracting primitive: Cube.111
18:51:31 | INFO: Primitives created: 1
18:51:31 | INFO: Extracting primitive: Cube.112
18:51:31 | INFO: Primitives created: 1
18:51:31 | INFO: Extracting primitive: Cube.110
18:51:31 | INFO: Primitives created: 1
18:51:31 | INFO: Extracting primitive: Cylinder.107
18:51:31 | INFO: Primitives created: 1
18:51:31 | INFO: Extracting primitive: Cube.109
18:51:31 | INFO: Primitives created: 1
18:51:31 | INFO: Extracting primitive: Cube.041
18:51:31 | INFO: Primitives created: 1
18:51:31 | INFO: Extracting primitive: Cylinder
18:51:31 | INFO: Primitives created: 1
18:51:31 | INFO: Extracting primitive: Cube.051
18:51:31 | INFO: Primitives created: 1
18:51:31 | INFO: Extracting primitive: Cube.052
18:51:31 | INFO: Primitives created: 1
18:51:31 | INFO: Extracting primitive: Cube.056
18:51:31 | INFO: Primitives created: 1
18:51:31 | INFO: Extracting primitive: Cube.057
18:51:31 | INFO: Primitives created: 1
18:51:31 | INFO: Extracting primitive: Cube.058
18:51:31 | INFO: Primitives created: 1
18:51:31 | INFO: Extracting primitive: Cube.059
18:51:31 | INFO: Primitives created: 1
18:51:31 | INFO: Extracting primitive: Cube.060
18:51:31 | INFO: Primitives created: 1
18:51:31 | INFO: Extracting primitive: Cube.061
18:51:31 | INFO: Primitives created: 1
18:51:31 | INFO: Extracting primitive: Cube.062
18:51:31 | INFO: Primitives created: 1
18:51:31 | INFO: Extracting primitive: Cylinder.001
18:51:31 | INFO: Primitives created: 1
18:51:31 | INFO: Extracting primitive: Cylinder.002
18:51:31 | INFO: Primitives created: 1
18:51:31 | INFO: Extracting primitive: Cylinder.035
18:51:31 | INFO: Primitives created: 1
18:51:31 | INFO: Extracting primitive: Cylinder.036
18:51:31 | INFO: Primitives created: 1
18:51:31 | INFO: Extracting primitive: Cylinder.037
18:51:31 | INFO: Primitives created: 1
18:51:31 | INFO: Extracting primitive: Cylinder.038
18:51:31 | INFO: Primitives created: 1
18:51:31 | INFO: Extracting primitive: Cylinder.041
18:51:31 | INFO: Primitives created: 1
18:51:31 | INFO: Extracting primitive: Cylinder.042
18:51:31 | INFO: Primitives created: 1
18:51:31 | INFO: Extracting primitive: Cylinder.039
18:51:31 | INFO: Primitives created: 1
18:51:31 | INFO: Extracting primitive: Cylinder.040
18:51:31 | INFO: Primitives created: 1
18:51:31 | INFO: Extracting primitive: Cylinder.043
18:51:31 | INFO: Primitives created: 1
18:51:31 | INFO: Extracting primitive: Cylinder.044
18:51:31 | INFO: Primitives created: 1
18:51:31 | INFO: Extracting primitive: Cylinder.045
18:51:31 | INFO: Primitives created: 1
18:51:31 | INFO: Extracting primitive: Cylinder.046
18:51:31 | INFO: Primitives created: 1
18:51:31 | INFO: Extracting primitive: Cylinder.047
18:51:31 | INFO: Primitives created: 1
18:51:31 | INFO: Extracting primitive: Cylinder.048
18:51:31 | INFO: Primitives created: 1
18:51:31 | INFO: Extracting primitive: Cylinder.049
18:51:31 | INFO: Primitives created: 1
18:51:31 | INFO: Extracting primitive: Cylinder.050
18:51:31 | INFO: Primitives created: 1
18:51:31 | INFO: Extracting primitive: Cylinder.051
18:51:31 | INFO: Primitives created: 1
18:51:31 | INFO: Extracting primitive: Cylinder.052
18:51:31 | INFO: Primitives created: 1
18:51:31 | INFO: Extracting primitive: Cylinder.053
18:51:31 | INFO: Primitives created: 1
18:51:31 | INFO: Extracting primitive: Cylinder.054
18:51:31 | INFO: Primitives created: 1
18:51:31 | INFO: Extracting primitive: Cylinder.055
18:51:31 | INFO: Primitives created: 1
18:51:31 | INFO: Extracting primitive: Cylinder.056
18:51:31 | INFO: Primitives created: 1
18:51:31 | INFO: Extracting primitive: Cylinder.057
18:51:31 | INFO: Primitives created: 1
18:51:31 | INFO: Extracting primitive: Cylinder.058
18:51:31 | INFO: Primitives created: 1
18:51:31 | INFO: Extracting primitive: Cylinder.059
18:51:31 | INFO: Primitives created: 1
18:51:31 | INFO: Extracting primitive: Cylinder.060
18:51:31 | INFO: Primitives created: 1
18:51:31 | INFO: Extracting primitive: Cylinder.061
18:51:31 | INFO: Primitives created: 1
18:51:31 | INFO: Extracting primitive: Cylinder.062
18:51:31 | INFO: Primitives created: 1
18:51:31 | INFO: Extracting primitive: Cylinder.065
18:51:31 | INFO: Primitives created: 1
18:51:31 | INFO: Extracting primitive: Cylinder.066
18:51:31 | INFO: Primitives created: 1
18:51:31 | INFO: Extracting primitive: Cylinder.063
18:51:31 | INFO: Primitives created: 1
18:51:31 | INFO: Extracting primitive: Cylinder.064
18:51:31 | INFO: Primitives created: 1
18:51:31 | INFO: Extracting primitive: Cylinder.067
18:51:31 | INFO: Primitives created: 1
18:51:31 | INFO: Extracting primitive: Cylinder.068
18:51:31 | INFO: Primitives created: 1
18:51:31 | INFO: Extracting primitive: Cylinder.069
18:51:31 | INFO: Primitives created: 1
18:51:31 | INFO: Extracting primitive: Cylinder.070
18:51:31 | INFO: Primitives created: 1
18:51:31 | INFO: Extracting primitive: Cylinder.071
18:51:31 | INFO: Primitives created: 1
18:51:31 | INFO: Extracting primitive: Cylinder.072
18:51:31 | INFO: Primitives created: 1
18:51:31 | INFO: Extracting primitive: Cylinder.073
18:51:31 | INFO: Primitives created: 1
18:51:31 | INFO: Extracting primitive: Cylinder.074
18:51:31 | INFO: Primitives created: 1
18:51:31 | INFO: Extracting primitive: Cylinder.075
18:51:31 | INFO: Primitives created: 1
18:51:31 | INFO: Extracting primitive: Cylinder.076
18:51:31 | INFO: Primitives created: 1
18:51:31 | INFO: Extracting primitive: Cylinder.077
18:51:31 | INFO: Primitives created: 1
18:51:31 | INFO: Extracting primitive: Cylinder.078
18:51:31 | INFO: Primitives created: 1
18:51:31 | INFO: Extracting primitive: Cylinder.079
18:51:31 | INFO: Primitives created: 1
18:51:31 | INFO: Extracting primitive: Cylinder.080
18:51:31 | INFO: Primitives created: 1
18:51:31 | INFO: Extracting primitive: Cylinder.081
18:51:31 | INFO: Primitives created: 1
18:51:31 | INFO: Extracting primitive: Cylinder.082
18:51:31 | INFO: Primitives created: 1
18:51:31 | INFO: Extracting primitive: Cylinder.083
18:51:31 | INFO: Primitives created: 1
18:51:31 | INFO: Extracting primitive: Cylinder.084
18:51:31 | INFO: Primitives created: 1
18:51:31 | INFO: Extracting primitive: Cylinder.085
18:51:31 | INFO: Primitives created: 1
18:51:31 | INFO: Extracting primitive: Cylinder.086
18:51:31 | INFO: Primitives created: 1
18:51:31 | INFO: Extracting primitive: Cylinder.089
18:51:31 | INFO: Primitives created: 1
18:51:31 | INFO: Extracting primitive: Cylinder.090
18:51:31 | INFO: Primitives created: 1
18:51:31 | INFO: Extracting primitive: Cylinder.087
18:51:31 | INFO: Primitives created: 1
18:51:31 | INFO: Extracting primitive: Cylinder.088
18:51:31 | INFO: Primitives created: 1
18:51:31 | INFO: Extracting primitive: Cylinder.091
18:51:31 | INFO: Primitives created: 1
18:51:31 | INFO: Extracting primitive: Cylinder.092
18:51:31 | INFO: Primitives created: 1
18:51:31 | INFO: Extracting primitive: Cylinder.093
18:51:31 | INFO: Primitives created: 1
18:51:31 | INFO: Extracting primitive: Cylinder.094
18:51:31 | INFO: Primitives created: 1
18:51:31 | INFO: Extracting primitive: Cylinder.095
18:51:31 | INFO: Primitives created: 1
18:51:31 | INFO: Extracting primitive: Cylinder.096
18:51:31 | INFO: Primitives created: 1
18:51:31 | INFO: Extracting primitive: Cylinder.097
18:51:31 | INFO: Primitives created: 1
18:51:31 | INFO: Extracting primitive: Cylinder.098
18:51:31 | INFO: Primitives created: 1
18:51:31 | INFO: Extracting primitive: Cylinder.099
18:51:31 | INFO: Primitives created: 1
18:51:31 | INFO: Extracting primitive: Cylinder.100
18:51:31 | INFO: Primitives created: 1
18:51:31 | INFO: Extracting primitive: Cylinder.101
18:51:31 | INFO: Primitives created: 1
18:51:31 | INFO: Extracting primitive: Cylinder.102
18:51:31 | INFO: Primitives created: 1
18:51:31 | INFO: Extracting primitive: Cylinder.103
18:51:31 | INFO: Primitives created: 1
18:51:31 | INFO: Extracting primitive: Cylinder.104
18:51:31 | INFO: Primitives created: 1
18:51:31 | INFO: Extracting primitive: Cylinder.105
18:51:31 | INFO: Primitives created: 1
18:51:31 | INFO: Extracting primitive: Cylinder.106
18:51:31 | INFO: Primitives created: 1
18:51:31 | INFO: Extracting primitive: Cube.003
18:51:31 | INFO: Primitives created: 1
18:51:31 | INFO: Extracting primitive: Cube.019
18:51:31 | INFO: Primitives created: 1
18:51:31 | INFO: Extracting primitive: Cube.004
18:51:31 | INFO: Primitives created: 1
18:51:31 | INFO: Extracting primitive: Cube.005
18:51:31 | INFO: Primitives created: 1
18:51:31 | INFO: Extracting primitive: Cube.020
18:51:31 | INFO: Primitives created: 1
18:51:31 | INFO: Extracting primitive: Cube.021
18:51:31 | INFO: Primitives created: 1
18:51:31 | INFO: Extracting primitive: Cube.090
18:51:31 | INFO: Primitives created: 1
18:51:31 | INFO: Extracting primitive: Cube.089
18:51:31 | INFO: Primitives created: 1
18:51:31 | INFO: Extracting primitive: solid wood barkline top
18:51:31 | INFO: Primitives created: 1
18:51:31 | INFO: Extracting primitive: Cylinder.006
18:51:31 | INFO: Primitives created: 1
18:51:31 | INFO: Extracting primitive: Cylinder.007
18:51:31 | INFO: Primitives created: 1
18:51:31 | INFO: Extracting primitive: Cube.018
18:51:31 | INFO: Primitives created: 1
18:51:31 | INFO: Extracting primitive: Cube.088
18:51:31 | INFO: Primitives created: 1
18:51:31 | INFO: Extracting primitive: Cube.006
18:51:31 | INFO: Primitives created: 1
18:51:31 | INFO: Extracting primitive: Cube.022
18:51:31 | INFO: Primitives created: 1
18:51:31 | INFO: Extracting primitive: Cube.013
18:51:31 | INFO: Primitives created: 1
18:51:31 | INFO: Extracting primitive: Cube.023
18:51:31 | INFO: Primitives created: 1
18:51:31 | INFO: Extracting primitive: Cylinder.004
18:51:31 | INFO: Primitives created: 1
18:51:31 | INFO: Extracting primitive: Cylinder.005
18:51:31 | INFO: Primitives created: 1
18:51:31 | INFO: Extracting primitive: Cube.017
18:51:31 | INFO: Primitives created: 1
18:51:31 | INFO: Extracting primitive: Cube.087
18:51:31 | INFO: Primitives created: 1
18:51:31 | INFO: Extracting primitive: Cube.099
18:51:31 | INFO: Primitives created: 1
18:51:31 | INFO: Extracting primitive: Cube.100
18:51:31 | INFO: Primitives created: 1
18:51:31 | INFO: Extracting primitive: Cube.097
18:51:31 | INFO: Primitives created: 1
18:51:31 | INFO: Extracting primitive: Cube.098
18:51:31 | INFO: Primitives created: 1
18:51:31 | INFO: Extracting primitive: Cube.095
18:51:31 | INFO: Primitives created: 1
18:51:31 | INFO: Extracting primitive: Cube.096
18:51:31 | INFO: Primitives created: 1
18:51:31 | INFO: Extracting primitive: Cylinder.008
18:51:31 | INFO: Primitives created: 1
18:51:31 | INFO: Extracting primitive: Cube.094
18:51:31 | INFO: Primitives created: 1
18:51:31 | INFO: Extracting primitive: Cube.091
18:51:31 | INFO: Primitives created: 1
18:51:31 | INFO: Extracting primitive: Cube.092
18:51:31 | INFO: Primitives created: 1
18:51:31 | INFO: Extracting primitive: Cube.093
18:51:31 | INFO: Primitives created: 1
18:51:31 | INFO: Extracting primitive: Sphere.010
18:51:31 | INFO: Primitives created: 1
18:51:31 | INFO: Extracting primitive: Sphere.011
18:51:31 | INFO: Primitives created: 1
18:51:31 | INFO: Extracting primitive: Sphere.012
18:51:31 | INFO: Primitives created: 1
18:51:31 | INFO: Extracting primitive: Cylinder.010
18:51:31 | INFO: Primitives created: 1
18:51:31 | INFO: Extracting primitive: Cylinder.009
18:51:31 | INFO: Primitives created: 1
18:51:31 | INFO: Extracting primitive: Sphere.008
18:51:31 | INFO: Primitives created: 1
18:51:31 | INFO: Extracting primitive: arched hollow condo wall
18:51:31 | INFO: Primitives created: 2
18:51:31 | INFO: Extracting primitive: Brown fleece suspended bowl hammock
18:51:31 | INFO: Primitives created: 1
18:51:31 | INFO: Extracting primitive: Hanging pom-pom cord
18:51:31 | INFO: Primitives created: 1
18:51:31 | INFO: Extracting primitive: Hanging pom-pom cord.001
18:51:31 | INFO: Primitives created: 1
18:51:31 | INFO: Extracting primitive: Hanging pom-pom cord.002
18:51:31 | INFO: Primitives created: 1
18:51:31 | INFO: Extracting primitive: High side wicker basket crossing wicker strands
18:51:31 | INFO: Primitives created: 1
18:51:31 | INFO: Extracting primitive: High side wicker basket woven horizontal courses
18:51:31 | INFO: Primitives created: 1
18:51:31 | INFO: Extracting primitive: Low side wicker basket crossing wicker strands
18:51:31 | INFO: Primitives created: 1
18:51:31 | INFO: Extracting primitive: Low side wicker basket woven horizontal courses
18:51:31 | INFO: Primitives created: 1
18:51:31 | INFO: Extracting primitive: Sisal rope winding
18:51:31 | INFO: Primitives created: 1
18:51:31 | INFO: Extracting primitive: Sisal rope winding.001
18:51:31 | INFO: Primitives created: 1
18:51:31 | INFO: Extracting primitive: Sisal rope winding.002
18:51:31 | INFO: Primitives created: 1
18:51:31 | INFO: Extracting primitive: Thick fleece hammock rim
18:51:31 | INFO: Primitives created: 1
18:51:31 | INFO: Extracting primitive: Top wicker basket crossing wicker strands
18:51:31 | INFO: Primitives created: 1
18:51:31 | INFO: Extracting primitive: Top wicker basket woven horizontal courses
18:51:31 | INFO: Primitives created: 1
18:51:31 | INFO: Extracting primitive: Sphere.009
18:51:31 | INFO: Primitives created: 1
18:51:31 | INFO: Extracting primitive: Cylinder.011
18:51:31 | INFO: Primitives created: 1
18:51:31 | INFO: Extracting primitive: Cylinder.012
18:51:31 | INFO: Primitives created: 1
18:51:31 | INFO: Extracting primitive: Cylinder.013
18:51:31 | INFO: Primitives created: 1
18:51:31 | INFO: Extracting primitive: Cylinder.014
18:51:31 | INFO: Primitives created: 1
18:51:31 | INFO: Extracting primitive: Cylinder.015
18:51:31 | INFO: Primitives created: 1
18:51:31 | INFO: Extracting primitive: Cylinder.016
18:51:31 | INFO: Primitives created: 1
18:51:31 | INFO: Extracting primitive: Cylinder.017
18:51:31 | INFO: Primitives created: 1
18:51:31 | INFO: Extracting primitive: Cylinder.018
18:51:31 | INFO: Primitives created: 1
18:51:31 | INFO: Extracting primitive: Cylinder.019
18:51:31 | INFO: Primitives created: 1
18:51:31 | INFO: Extracting primitive: Cylinder.020
18:51:31 | INFO: Primitives created: 1
18:51:31 | INFO: Extracting primitive: Cylinder.021
18:51:31 | INFO: Primitives created: 1
18:51:31 | INFO: Extracting primitive: Sphere
18:51:31 | INFO: Primitives created: 1
18:51:31 | INFO: Extracting primitive: Sphere.001
18:51:31 | INFO: Primitives created: 1
18:51:31 | INFO: Extracting primitive: Sphere.002
18:51:31 | INFO: Primitives created: 1
18:51:31 | INFO: Extracting primitive: Sphere.003
18:51:31 | INFO: Primitives created: 1
18:51:31 | INFO: Extracting primitive: Sphere.004
18:51:31 | INFO: Primitives created: 1
18:51:31 | INFO: Extracting primitive: Sphere.005
18:51:31 | INFO: Primitives created: 1
18:51:31 | INFO: Extracting primitive: Sphere.006
18:51:31 | INFO: Primitives created: 1
18:51:31 | INFO: Extracting primitive: Sphere.007
18:51:31 | INFO: Primitives created: 1
18:51:31 | INFO: Extracting primitive: Cube.101
18:51:31 | INFO: Primitives created: 1
18:51:31 | INFO: Extracting primitive: Mesh_1.001
18:51:31 | WARNING: More than one shader node tex image used for a texture. The resulting glTF sampler will behave like the first shader node tex image.
18:51:31 | INFO: Primitives created: 1
18:51:31 | INFO: Extracting primitive: Mesh_0.001
18:51:32 | WARNING: More than one shader node tex image used for a texture. The resulting glTF sampler will behave like the first shader node tex image.
18:51:32 | INFO: Primitives created: 1
18:51:32 | INFO: Extracting primitive: Abstract Scenery100x70 full paper mesh
18:51:32 | INFO: Primitives created: 1
18:51:32 | INFO: Extracting primitive: Cube.118
18:51:32 | INFO: Primitives created: 1
18:51:32 | INFO: Extracting primitive: Cube.119
18:51:32 | INFO: Primitives created: 1
18:51:32 | INFO: Extracting primitive: Cube.120
18:51:32 | INFO: Primitives created: 1
18:51:32 | INFO: Extracting primitive: Cube.117
18:51:32 | INFO: Primitives created: 1
18:51:32 | INFO: Finished glTF 2.0 export in 1.3969917297363281 s

Info: Saved "his-office-pinterest-design.blend"
CHOSEN_PINTEREST_REVISION_READY
Blender 4.3.2
Read blend: "/workspace/his-office-redesign/model/his-office-design.blend"

Blender quit
